<?xml version="1.0" encoding="ISO-8859-1" ?>
<link_info>
   <banner>MSP430 Linker PC v20.2.0.LTS</banner>
   <copyright>Copyright (c) 2003-2018 Texas Instruments Incorporated</copyright>
   <link_time>0x5ebf9bf6</link_time>
   <link_errors>0x0</link_errors>
   <output_file>MSP430-ADC+CURRENT.out</output_file>
   <entry_point>
      <name>_c_int00_noargs</name>
      <address>0x7ed6</address>
   </entry_point>
   <input_file_list>
      <input_file id="fl-2">
         <path>.\</path>
         <kind>object</kind>
         <file>I2C.obj</file>
         <name>I2C.obj</name>
      </input_file>
      <input_file id="fl-3">
         <path>.\</path>
         <kind>object</kind>
         <file>analogsensors.obj</file>
         <name>analogsensors.obj</name>
      </input_file>
      <input_file id="fl-4">
         <path>.\</path>
         <kind>object</kind>
         <file>keys.obj</file>
         <name>keys.obj</name>
      </input_file>
      <input_file id="fl-5">
         <path>.\</path>
         <kind>object</kind>
         <file>lcd.obj</file>
         <name>lcd.obj</name>
      </input_file>
      <input_file id="fl-6">
         <path>.\</path>
         <kind>object</kind>
         <file>leds.obj</file>
         <name>leds.obj</name>
      </input_file>
      <input_file id="fl-7">
         <path>.\</path>
         <kind>object</kind>
         <file>main.obj</file>
         <name>main.obj</name>
      </input_file>
      <input_file id="fl-8">
         <path>.\</path>
         <kind>object</kind>
         <file>msp430_initialize_unused_interrrupt_vectors.obj</file>
         <name>msp430_initialize_unused_interrrupt_vectors.obj</name>
      </input_file>
      <input_file id="fl-9">
         <path>.\</path>
         <kind>object</kind>
         <file>sysfunc.obj</file>
         <name>sysfunc.obj</name>
      </input_file>
      <input_file id="fl-a">
         <path>.\</path>
         <kind>object</kind>
         <file>uart.obj</file>
         <name>uart.obj</name>
      </input_file>
      <input_file id="fl-f">
         <kind>object</kind>
         <file>&lt;internal&gt;</file>
         <name>&lt;internal&gt;</name>
      </input_file>
      <input_file id="fl-25">
         <path>C:\ti\ccs1000\ccs\tools\compiler\ti-cgt-msp430_20.2.0.LTS\lib\</path>
         <kind>archive</kind>
         <file>rts430_eabi.lib</file>
         <name>sprintf.c.obj</name>
      </input_file>
      <input_file id="fl-26">
         <path>C:\ti\ccs1000\ccs\tools\compiler\ti-cgt-msp430_20.2.0.LTS\lib\</path>
         <kind>archive</kind>
         <file>rts430_eabi.lib</file>
         <name>epilog.asm.obj</name>
      </input_file>
      <input_file id="fl-27">
         <path>C:\ti\ccs1000\ccs\tools\compiler\ti-cgt-msp430_20.2.0.LTS\lib\</path>
         <kind>archive</kind>
         <file>rts430_eabi.lib</file>
         <name>int05.asm.obj</name>
      </input_file>
      <input_file id="fl-28">
         <path>C:\ti\ccs1000\ccs\tools\compiler\ti-cgt-msp430_20.2.0.LTS\lib\</path>
         <kind>archive</kind>
         <file>rts430_eabi.lib</file>
         <name>int09.asm.obj</name>
      </input_file>
      <input_file id="fl-29">
         <path>C:\ti\ccs1000\ccs\tools\compiler\ti-cgt-msp430_20.2.0.LTS\lib\</path>
         <kind>archive</kind>
         <file>rts430_eabi.lib</file>
         <name>isr_trap.asm.obj</name>
      </input_file>
      <input_file id="fl-2a">
         <path>C:\ti\ccs1000\ccs\tools\compiler\ti-cgt-msp430_20.2.0.LTS\lib\</path>
         <kind>archive</kind>
         <file>rts430_eabi.lib</file>
         <name>lsl16.asm.obj</name>
      </input_file>
      <input_file id="fl-2b">
         <path>C:\ti\ccs1000\ccs\tools\compiler\ti-cgt-msp430_20.2.0.LTS\lib\</path>
         <kind>archive</kind>
         <file>rts430_eabi.lib</file>
         <name>mult16.asm.obj</name>
      </input_file>
      <input_file id="fl-2c">
         <path>C:\ti\ccs1000\ccs\tools\compiler\ti-cgt-msp430_20.2.0.LTS\lib\</path>
         <kind>archive</kind>
         <file>rts430_eabi.lib</file>
         <name>mult16_hw.asm.obj</name>
      </input_file>
      <input_file id="fl-2d">
         <path>C:\ti\ccs1000\ccs\tools\compiler\ti-cgt-msp430_20.2.0.LTS\lib\</path>
         <kind>archive</kind>
         <file>rts430_eabi.lib</file>
         <name>mult1632_hw.asm.obj</name>
      </input_file>
      <input_file id="fl-2e">
         <path>C:\ti\ccs1000\ccs\tools\compiler\ti-cgt-msp430_20.2.0.LTS\lib\</path>
         <kind>archive</kind>
         <file>rts430_eabi.lib</file>
         <name>mult32_hw.asm.obj</name>
      </input_file>
      <input_file id="fl-2f">
         <path>C:\ti\ccs1000\ccs\tools\compiler\ti-cgt-msp430_20.2.0.LTS\lib\</path>
         <kind>archive</kind>
         <file>rts430_eabi.lib</file>
         <name>mult3264_hw.asm.obj</name>
      </input_file>
      <input_file id="fl-30">
         <path>C:\ti\ccs1000\ccs\tools\compiler\ti-cgt-msp430_20.2.0.LTS\lib\</path>
         <kind>archive</kind>
         <file>rts430_eabi.lib</file>
         <name>mult64_hw.asm.obj</name>
      </input_file>
      <input_file id="fl-31">
         <path>C:\ti\ccs1000\ccs\tools\compiler\ti-cgt-msp430_20.2.0.LTS\lib\</path>
         <kind>archive</kind>
         <file>rts430_eabi.lib</file>
         <name>boot.c.obj</name>
      </input_file>
      <input_file id="fl-32">
         <path>C:\ti\ccs1000\ccs\tools\compiler\ti-cgt-msp430_20.2.0.LTS\lib\</path>
         <kind>archive</kind>
         <file>rts430_eabi.lib</file>
         <name>autoinit.c.obj</name>
      </input_file>
      <input_file id="fl-33">
         <path>C:\ti\ccs1000\ccs\tools\compiler\ti-cgt-msp430_20.2.0.LTS\lib\</path>
         <kind>archive</kind>
         <file>rts430_eabi.lib</file>
         <name>copy_zero_init.c.obj</name>
      </input_file>
      <input_file id="fl-34">
         <path>C:\ti\ccs1000\ccs\tools\compiler\ti-cgt-msp430_20.2.0.LTS\lib\</path>
         <kind>archive</kind>
         <file>rts430_eabi.lib</file>
         <name>cpy_tbl.c.obj</name>
      </input_file>
      <input_file id="fl-35">
         <path>C:\ti\ccs1000\ccs\tools\compiler\ti-cgt-msp430_20.2.0.LTS\lib\</path>
         <kind>archive</kind>
         <file>rts430_eabi.lib</file>
         <name>mpu_init.c.obj</name>
      </input_file>
      <input_file id="fl-36">
         <path>C:\ti\ccs1000\ccs\tools\compiler\ti-cgt-msp430_20.2.0.LTS\lib\</path>
         <kind>archive</kind>
         <file>rts430_eabi.lib</file>
         <name>pre_init.c.obj</name>
      </input_file>
      <input_file id="fl-37">
         <path>C:\ti\ccs1000\ccs\tools\compiler\ti-cgt-msp430_20.2.0.LTS\lib\</path>
         <kind>archive</kind>
         <file>rts430_eabi.lib</file>
         <name>startup.c.obj</name>
      </input_file>
      <input_file id="fl-38">
         <path>C:\ti\ccs1000\ccs\tools\compiler\ti-cgt-msp430_20.2.0.LTS\lib\</path>
         <kind>archive</kind>
         <file>rts430_eabi.lib</file>
         <name>copy_decompress_none.c.obj</name>
      </input_file>
      <input_file id="fl-39">
         <path>C:\ti\ccs1000\ccs\tools\compiler\ti-cgt-msp430_20.2.0.LTS\lib\</path>
         <kind>archive</kind>
         <file>rts430_eabi.lib</file>
         <name>copy_decompress_lzss.c.obj</name>
      </input_file>
      <input_file id="fl-3a">
         <path>C:\ti\ccs1000\ccs\tools\compiler\ti-cgt-msp430_20.2.0.LTS\lib\</path>
         <kind>archive</kind>
         <file>rts430_eabi.lib</file>
         <name>cvtdf.c.obj</name>
      </input_file>
      <input_file id="fl-3b">
         <path>C:\ti\ccs1000\ccs\tools\compiler\ti-cgt-msp430_20.2.0.LTS\lib\</path>
         <kind>archive</kind>
         <file>rts430_eabi.lib</file>
         <name>cvtfd.c.obj</name>
      </input_file>
      <input_file id="fl-3c">
         <path>C:\ti\ccs1000\ccs\tools\compiler\ti-cgt-msp430_20.2.0.LTS\lib\</path>
         <kind>archive</kind>
         <file>rts430_eabi.lib</file>
         <name>divd.c.obj</name>
      </input_file>
      <input_file id="fl-3d">
         <path>C:\ti\ccs1000\ccs\tools\compiler\ti-cgt-msp430_20.2.0.LTS\lib\</path>
         <kind>archive</kind>
         <file>rts430_eabi.lib</file>
         <name>fltud.c.obj</name>
      </input_file>
      <input_file id="fl-3e">
         <path>C:\ti\ccs1000\ccs\tools\compiler\ti-cgt-msp430_20.2.0.LTS\lib\</path>
         <kind>archive</kind>
         <file>rts430_eabi.lib</file>
         <name>fltuld.c.obj</name>
      </input_file>
      <input_file id="fl-3f">
         <path>C:\ti\ccs1000\ccs\tools\compiler\ti-cgt-msp430_20.2.0.LTS\lib\</path>
         <kind>archive</kind>
         <file>rts430_eabi.lib</file>
         <name>frcdivd.c.obj</name>
      </input_file>
      <input_file id="fl-40">
         <path>C:\ti\ccs1000\ccs\tools\compiler\ti-cgt-msp430_20.2.0.LTS\lib\</path>
         <kind>archive</kind>
         <file>rts430_eabi.lib</file>
         <name>mpyd.c.obj</name>
      </input_file>
      <input_file id="fl-41">
         <path>C:\ti\ccs1000\ccs\tools\compiler\ti-cgt-msp430_20.2.0.LTS\lib\</path>
         <kind>archive</kind>
         <file>rts430_eabi.lib</file>
         <name>subd.c.obj</name>
      </input_file>
      <input_file id="fl-42">
         <path>C:\ti\ccs1000\ccs\tools\compiler\ti-cgt-msp430_20.2.0.LTS\lib\</path>
         <kind>archive</kind>
         <file>rts430_eabi.lib</file>
         <name>exit.c.obj</name>
      </input_file>
      <input_file id="fl-43">
         <path>C:\ti\ccs1000\ccs\tools\compiler\ti-cgt-msp430_20.2.0.LTS\lib\</path>
         <kind>archive</kind>
         <file>rts430_eabi.lib</file>
         <name>_lock.c.obj</name>
      </input_file>
      <input_file id="fl-44">
         <path>C:\ti\ccs1000\ccs\tools\compiler\ti-cgt-msp430_20.2.0.LTS\lib\</path>
         <kind>archive</kind>
         <file>rts430_eabi.lib</file>
         <name>args_main.c.obj</name>
      </input_file>
      <input_file id="fl-45">
         <path>C:\ti\ccs1000\ccs\tools\compiler\ti-cgt-msp430_20.2.0.LTS\lib\</path>
         <kind>archive</kind>
         <file>rts430_eabi.lib</file>
         <name>memcpy.c.obj</name>
      </input_file>
      <input_file id="fl-46">
         <path>C:\ti\ccs1000\ccs\tools\compiler\ti-cgt-msp430_20.2.0.LTS\lib\</path>
         <kind>archive</kind>
         <file>rts430_eabi.lib</file>
         <name>_printfi.c.obj</name>
      </input_file>
      <input_file id="fl-47">
         <path>C:\ti\ccs1000\ccs\tools\compiler\ti-cgt-msp430_20.2.0.LTS\lib\</path>
         <kind>archive</kind>
         <file>rts430_eabi.lib</file>
         <name>asr16.asm.obj</name>
      </input_file>
      <input_file id="fl-48">
         <path>C:\ti\ccs1000\ccs\tools\compiler\ti-cgt-msp430_20.2.0.LTS\lib\</path>
         <kind>archive</kind>
         <file>rts430_eabi.lib</file>
         <name>asr32.asm.obj</name>
      </input_file>
      <input_file id="fl-49">
         <path>C:\ti\ccs1000\ccs\tools\compiler\ti-cgt-msp430_20.2.0.LTS\lib\</path>
         <kind>archive</kind>
         <file>rts430_eabi.lib</file>
         <name>div16u.asm.obj</name>
      </input_file>
      <input_file id="fl-4a">
         <path>C:\ti\ccs1000\ccs\tools\compiler\ti-cgt-msp430_20.2.0.LTS\lib\</path>
         <kind>archive</kind>
         <file>rts430_eabi.lib</file>
         <name>div32u.asm.obj</name>
      </input_file>
      <input_file id="fl-4b">
         <path>C:\ti\ccs1000\ccs\tools\compiler\ti-cgt-msp430_20.2.0.LTS\lib\</path>
         <kind>archive</kind>
         <file>rts430_eabi.lib</file>
         <name>lsl32.asm.obj</name>
      </input_file>
      <input_file id="fl-4c">
         <path>C:\ti\ccs1000\ccs\tools\compiler\ti-cgt-msp430_20.2.0.LTS\lib\</path>
         <kind>archive</kind>
         <file>rts430_eabi.lib</file>
         <name>lsr16.asm.obj</name>
      </input_file>
      <input_file id="fl-4d">
         <path>C:\ti\ccs1000\ccs\tools\compiler\ti-cgt-msp430_20.2.0.LTS\lib\</path>
         <kind>archive</kind>
         <file>rts430_eabi.lib</file>
         <name>lsr32.asm.obj</name>
      </input_file>
      <input_file id="fl-4e">
         <path>C:\ti\ccs1000\ccs\tools\compiler\ti-cgt-msp430_20.2.0.LTS\lib\</path>
         <kind>archive</kind>
         <file>rts430_eabi.lib</file>
         <name>mult32.asm.obj</name>
      </input_file>
      <input_file id="fl-4f">
         <path>C:\ti\ccs1000\ccs\tools\compiler\ti-cgt-msp430_20.2.0.LTS\lib\</path>
         <kind>archive</kind>
         <file>rts430_eabi.lib</file>
         <name>exit_gvars.c.obj</name>
      </input_file>
      <input_file id="fl-50">
         <path>C:\ti\ccs1000\ccs\tools\compiler\ti-cgt-msp430_20.2.0.LTS\lib\</path>
         <kind>archive</kind>
         <file>rts430_eabi.lib</file>
         <name>lsr64.c.obj</name>
      </input_file>
      <input_file id="fl-51">
         <path>C:\ti\ccs1000\ccs\tools\compiler\ti-cgt-msp430_20.2.0.LTS\lib\</path>
         <kind>archive</kind>
         <file>rts430_eabi.lib</file>
         <name>div64u.c.obj</name>
      </input_file>
      <input_file id="fl-52">
         <path>C:\ti\ccs1000\ccs\tools\compiler\ti-cgt-msp430_20.2.0.LTS\lib\</path>
         <kind>archive</kind>
         <file>rts430_eabi.lib</file>
         <name>addd.c.obj</name>
      </input_file>
      <input_file id="fl-53">
         <path>C:\ti\ccs1000\ccs\tools\compiler\ti-cgt-msp430_20.2.0.LTS\lib\</path>
         <kind>archive</kind>
         <file>rts430_eabi.lib</file>
         <name>cmpd.c.obj</name>
      </input_file>
      <input_file id="fl-54">
         <path>C:\ti\ccs1000\ccs\tools\compiler\ti-cgt-msp430_20.2.0.LTS\lib\</path>
         <kind>archive</kind>
         <file>rts430_eabi.lib</file>
         <name>fixdi.c.obj</name>
      </input_file>
      <input_file id="fl-55">
         <path>C:\ti\ccs1000\ccs\tools\compiler\ti-cgt-msp430_20.2.0.LTS\lib\</path>
         <kind>archive</kind>
         <file>rts430_eabi.lib</file>
         <name>fixdli.c.obj</name>
      </input_file>
      <input_file id="fl-56">
         <path>C:\ti\ccs1000\ccs\tools\compiler\ti-cgt-msp430_20.2.0.LTS\lib\</path>
         <kind>archive</kind>
         <file>rts430_eabi.lib</file>
         <name>fltid.c.obj</name>
      </input_file>
      <input_file id="fl-57">
         <path>C:\ti\ccs1000\ccs\tools\compiler\ti-cgt-msp430_20.2.0.LTS\lib\</path>
         <kind>archive</kind>
         <file>rts430_eabi.lib</file>
         <name>fltlid.c.obj</name>
      </input_file>
      <input_file id="fl-58">
         <path>C:\ti\ccs1000\ccs\tools\compiler\ti-cgt-msp430_20.2.0.LTS\lib\</path>
         <kind>archive</kind>
         <file>rts430_eabi.lib</file>
         <name>frcaddd.c.obj</name>
      </input_file>
      <input_file id="fl-59">
         <path>C:\ti\ccs1000\ccs\tools\compiler\ti-cgt-msp430_20.2.0.LTS\lib\</path>
         <kind>archive</kind>
         <file>rts430_eabi.lib</file>
         <name>frcmpyd.c.obj</name>
      </input_file>
      <input_file id="fl-5a">
         <path>C:\ti\ccs1000\ccs\tools\compiler\ti-cgt-msp430_20.2.0.LTS\lib\</path>
         <kind>archive</kind>
         <file>rts430_eabi.lib</file>
         <name>negd.c.obj</name>
      </input_file>
      <input_file id="fl-5b">
         <path>C:\ti\ccs1000\ccs\tools\compiler\ti-cgt-msp430_20.2.0.LTS\lib\</path>
         <kind>archive</kind>
         <file>rts430_eabi.lib</file>
         <name>renormd.c.obj</name>
      </input_file>
      <input_file id="fl-5c">
         <path>C:\ti\ccs1000\ccs\tools\compiler\ti-cgt-msp430_20.2.0.LTS\lib\</path>
         <kind>archive</kind>
         <file>rts430_eabi.lib</file>
         <name>_ltoa.c.obj</name>
      </input_file>
      <input_file id="fl-5d">
         <path>C:\ti\ccs1000\ccs\tools\compiler\ti-cgt-msp430_20.2.0.LTS\lib\</path>
         <kind>archive</kind>
         <file>rts430_eabi.lib</file>
         <name>atoi.c.obj</name>
      </input_file>
      <input_file id="fl-5e">
         <path>C:\ti\ccs1000\ccs\tools\compiler\ti-cgt-msp430_20.2.0.LTS\lib\</path>
         <kind>archive</kind>
         <file>rts430_eabi.lib</file>
         <name>ctype.c.obj</name>
      </input_file>
      <input_file id="fl-5f">
         <path>C:\ti\ccs1000\ccs\tools\compiler\ti-cgt-msp430_20.2.0.LTS\lib\</path>
         <kind>archive</kind>
         <file>rts430_eabi.lib</file>
         <name>memccpy.c.obj</name>
      </input_file>
      <input_file id="fl-60">
         <path>C:\ti\ccs1000\ccs\tools\compiler\ti-cgt-msp430_20.2.0.LTS\lib\</path>
         <kind>archive</kind>
         <file>rts430_eabi.lib</file>
         <name>memset.c.obj</name>
      </input_file>
      <input_file id="fl-61">
         <path>C:\ti\ccs1000\ccs\tools\compiler\ti-cgt-msp430_20.2.0.LTS\lib\</path>
         <kind>archive</kind>
         <file>rts430_eabi.lib</file>
         <name>strchr.c.obj</name>
      </input_file>
      <input_file id="fl-62">
         <path>C:\ti\ccs1000\ccs\tools\compiler\ti-cgt-msp430_20.2.0.LTS\lib\</path>
         <kind>archive</kind>
         <file>rts430_eabi.lib</file>
         <name>strlen.c.obj</name>
      </input_file>
      <input_file id="fl-63">
         <path>C:\ti\ccs1000\ccs\tools\compiler\ti-cgt-msp430_20.2.0.LTS\lib\</path>
         <kind>archive</kind>
         <file>rts430_eabi.lib</file>
         <name>toupper.c.obj</name>
      </input_file>
      <input_file id="fl-64">
         <path>C:\ti\ccs1000\ccs\tools\compiler\ti-cgt-msp430_20.2.0.LTS\lib\</path>
         <kind>archive</kind>
         <file>rts430_eabi.lib</file>
         <name>errno.c.obj</name>
      </input_file>
      <input_file id="fl-65">
         <path>C:\ti\ccs1000\ccs\tools\compiler\ti-cgt-msp430_20.2.0.LTS\lib\</path>
         <kind>archive</kind>
         <file>rts430_eabi.lib</file>
         <name>abs.c.obj</name>
      </input_file>
      <input_file id="fl-66">
         <path>C:\ti\ccs1000\ccs\tools\compiler\ti-cgt-msp430_20.2.0.LTS\lib\</path>
         <kind>archive</kind>
         <file>rts430_eabi.lib</file>
         <name>wcslen.c.obj</name>
      </input_file>
      <input_file id="fl-67">
         <path>C:\ti\ccs1000\ccs\tools\compiler\ti-cgt-msp430_20.2.0.LTS\lib\</path>
         <kind>archive</kind>
         <file>rts430_eabi.lib</file>
         <name>s_frexp.c.obj</name>
      </input_file>
      <input_file id="fl-68">
         <path>C:\ti\ccs1000\ccs\tools\compiler\ti-cgt-msp430_20.2.0.LTS\lib\</path>
         <kind>archive</kind>
         <file>rts430_eabi.lib</file>
         <name>s_scalbn.c.obj</name>
      </input_file>
      <input_file id="fl-69">
         <path>C:\ti\ccs1000\ccs\tools\compiler\ti-cgt-msp430_20.2.0.LTS\lib\</path>
         <kind>archive</kind>
         <file>rts430_eabi.lib</file>
         <name>div32s.asm.obj</name>
      </input_file>
      <input_file id="fl-6a">
         <path>C:\ti\ccs1000\ccs\tools\compiler\ti-cgt-msp430_20.2.0.LTS\lib\</path>
         <kind>archive</kind>
         <file>rts430_eabi.lib</file>
         <name>lsl64.c.obj</name>
      </input_file>
      <input_file id="fl-6b">
         <path>C:\ti\ccs1000\ccs\tools\compiler\ti-cgt-msp430_20.2.0.LTS\lib\</path>
         <kind>archive</kind>
         <file>rts430_eabi.lib</file>
         <name>s_copysign.c.obj</name>
      </input_file>
   </input_file_list>
   <object_component_list>
      <object_component id="oc-2f6">
         <name>.common:LCD_row</name>
         <uninitialized>true</uninitialized>
         <run_address>0x1153</run_address>
         <size>0x1</size>
      </object_component>
      <object_component id="oc-2f9">
         <name>.common:LCD_col</name>
         <uninitialized>true</uninitialized>
         <run_address>0x1152</run_address>
         <size>0x1</size>
      </object_component>
      <object_component id="oc-30f">
         <name>.common:n</name>
         <uninitialized>true</uninitialized>
         <run_address>0x1154</run_address>
         <size>0x1</size>
      </object_component>
      <object_component id="oc-1b8">
         <name>.common:BufTptr</name>
         <uninitialized>true</uninitialized>
         <run_address>0x114c</run_address>
         <size>0x2</size>
      </object_component>
      <object_component id="oc-1b7">
         <name>.common:BufRptr</name>
         <uninitialized>true</uninitialized>
         <run_address>0x114a</run_address>
         <size>0x2</size>
      </object_component>
      <object_component id="oc-31d">
         <name>.common:wait_i</name>
         <uninitialized>true</uninitialized>
         <run_address>0x114e</run_address>
         <size>0x2</size>
      </object_component>
      <object_component id="oc-31e">
         <name>.common:wait_j</name>
         <uninitialized>true</uninitialized>
         <run_address>0x1150</run_address>
         <size>0x2</size>
      </object_component>
      <object_component id="oc-1b2">
         <name>.common:rh</name>
         <uninitialized>true</uninitialized>
         <run_address>0x1146</run_address>
         <size>0x4</size>
      </object_component>
      <object_component id="oc-1b5">
         <name>.common:curr</name>
         <uninitialized>true</uninitialized>
         <run_address>0x1142</run_address>
         <size>0x4</size>
      </object_component>
      <object_component id="oc-3af">
         <name>.data:LCD_table</name>
         <load_address>0x1100</load_address>
         <run_address>0x1100</run_address>
         <size>0x40</size>
         <input_file_ref idref="fl-5"/>
      </object_component>
      <object_component id="oc-40e">
         <name>.data</name>
         <load_address>0x1140</load_address>
         <run_address>0x1140</run_address>
         <size>0x2</size>
         <input_file_ref idref="fl-64"/>
      </object_component>
      <object_component id="oc-f2">
         <name>.stack</name>
         <uninitialized>true</uninitialized>
         <run_address>0x370c</run_address>
         <size>0x2</size>
         <input_file_ref idref="fl-31"/>
      </object_component>
      <object_component id="oc-598">
         <name>.stack</name>
         <uninitialized>true</uninitialized>
         <run_address>0x370c</run_address>
         <size>0x0</size>
      </object_component>
      <object_component id="oc-1f4">
         <name>.text:__TI_frcdivd</name>
         <load_address>0x4000</load_address>
         <run_address>0x4000</run_address>
         <size>0x478</size>
         <input_file_ref idref="fl-3f"/>
      </object_component>
      <object_component id="oc-487">
         <name>.text:__mspabi_divull</name>
         <load_address>0x4478</load_address>
         <run_address>0x4478</run_address>
         <size>0x360</size>
         <input_file_ref idref="fl-51"/>
      </object_component>
      <object_component id="oc-21c">
         <name>.text:__mspabi_addd</name>
         <load_address>0x47d8</load_address>
         <run_address>0x47d8</run_address>
         <size>0x2fa</size>
         <input_file_ref idref="fl-52"/>
      </object_component>
      <object_component id="oc-307">
         <name>.text:__TI_printfi</name>
         <load_address>0x4ad2</load_address>
         <run_address>0x4ad2</run_address>
         <size>0x288</size>
         <input_file_ref idref="fl-46"/>
      </object_component>
      <object_component id="oc-214">
         <name>.text:__TI_frcmpyd</name>
         <load_address>0x4d5a</load_address>
         <run_address>0x4d5a</run_address>
         <size>0x286</size>
         <input_file_ref idref="fl-59"/>
      </object_component>
      <object_component id="oc-1a0">
         <name>.text:__mspabi_mpyd</name>
         <load_address>0x4fe0</load_address>
         <run_address>0x4fe0</run_address>
         <size>0x26e</size>
         <input_file_ref idref="fl-40"/>
      </object_component>
      <object_component id="oc-3fa">
         <name>.text:_pproc_fgea</name>
         <load_address>0x524e</load_address>
         <run_address>0x524e</run_address>
         <size>0x26e</size>
         <input_file_ref idref="fl-46"/>
      </object_component>
      <object_component id="oc-2d3">
         <name>.text:__TI_frcaddd</name>
         <load_address>0x54bc</load_address>
         <run_address>0x54bc</run_address>
         <size>0x260</size>
         <input_file_ref idref="fl-58"/>
      </object_component>
      <object_component id="oc-38f">
         <name>.text:_setfield</name>
         <load_address>0x571c</load_address>
         <run_address>0x571c</run_address>
         <size>0x252</size>
         <input_file_ref idref="fl-46"/>
      </object_component>
      <object_component id="oc-4cd">
         <name>.text:acvt</name>
         <load_address>0x596e</load_address>
         <run_address>0x596e</run_address>
         <size>0x244</size>
         <input_file_ref idref="fl-46"/>
      </object_component>
      <object_component id="oc-191">
         <name>.text:__mspabi_divd</name>
         <load_address>0x5bb2</load_address>
         <run_address>0x5bb2</run_address>
         <size>0x238</size>
         <input_file_ref idref="fl-3c"/>
      </object_component>
      <object_component id="oc-437">
         <name>.text:_getarg_diouxp</name>
         <load_address>0x5dea</load_address>
         <run_address>0x5dea</run_address>
         <size>0x1ec</size>
         <input_file_ref idref="fl-46"/>
      </object_component>
      <object_component id="oc-4a6">
         <name>.text:ecvt</name>
         <load_address>0x5fd6</load_address>
         <run_address>0x5fd6</run_address>
         <size>0x1de</size>
         <input_file_ref idref="fl-46"/>
      </object_component>
      <object_component id="oc-4b9">
         <name>.text:fcvt</name>
         <load_address>0x61b4</load_address>
         <run_address>0x61b4</run_address>
         <size>0x1c4</size>
         <input_file_ref idref="fl-46"/>
      </object_component>
      <object_component id="oc-461">
         <name>.text:_pconv_e</name>
         <load_address>0x6378</load_address>
         <run_address>0x6378</run_address>
         <size>0x1a6</size>
         <input_file_ref idref="fl-46"/>
      </object_component>
      <object_component id="oc-467">
         <name>.text:_pconv_a</name>
         <load_address>0x651e</load_address>
         <run_address>0x651e</run_address>
         <size>0x174</size>
         <input_file_ref idref="fl-46"/>
      </object_component>
      <object_component id="oc-51c">
         <name>.text:scalbn</name>
         <load_address>0x6692</load_address>
         <run_address>0x6692</run_address>
         <size>0x16a</size>
         <input_file_ref idref="fl-68"/>
      </object_component>
      <object_component id="oc-128">
         <name>.text:ADC_interrupt</name>
         <load_address>0x67fc</load_address>
         <run_address>0x67fc</run_address>
         <size>0x166</size>
         <input_file_ref idref="fl-7"/>
      </object_component>
      <object_component id="oc-3f4">
         <name>.text:_pproc_diouxp</name>
         <load_address>0x6962</load_address>
         <run_address>0x6962</run_address>
         <size>0x14c</size>
         <input_file_ref idref="fl-46"/>
      </object_component>
      <object_component id="oc-43d">
         <name>.text:_ltostr</name>
         <load_address>0x6aae</load_address>
         <run_address>0x6aae</run_address>
         <size>0x12e</size>
         <input_file_ref idref="fl-46"/>
      </object_component>
      <object_component id="oc-455">
         <name>.text:_pconv_g</name>
         <load_address>0x6bdc</load_address>
         <run_address>0x6bdc</run_address>
         <size>0xf8</size>
         <input_file_ref idref="fl-46"/>
      </object_component>
      <object_component id="oc-389">
         <name>.text:_pproc_fwp</name>
         <load_address>0x6cd4</load_address>
         <run_address>0x6cd4</run_address>
         <size>0xe0</size>
         <input_file_ref idref="fl-46"/>
      </object_component>
      <object_component id="oc-46d">
         <name>.text:__mspabi_cmpd</name>
         <load_address>0x6db4</load_address>
         <run_address>0x6db4</run_address>
         <size>0xdc</size>
         <input_file_ref idref="fl-53"/>
      </object_component>
      <object_component id="oc-39b">
         <name>.text:_pproc_wstr</name>
         <load_address>0x6e90</load_address>
         <run_address>0x6e90</run_address>
         <size>0xc4</size>
         <input_file_ref idref="fl-46"/>
      </object_component>
      <object_component id="oc-36b">
         <name>.text:__TI_renormd</name>
         <load_address>0x6f54</load_address>
         <run_address>0x6f54</run_address>
         <size>0xbe</size>
         <input_file_ref idref="fl-5b"/>
      </object_component>
      <object_component id="oc-4c7">
         <name>.text:frexp</name>
         <load_address>0x7012</load_address>
         <run_address>0x7012</run_address>
         <size>0xb0</size>
         <input_file_ref idref="fl-67"/>
      </object_component>
      <object_component id="oc-4fe">
         <name>.text:__mspabi_fltlid</name>
         <load_address>0x70c2</load_address>
         <run_address>0x70c2</run_address>
         <size>0xac</size>
         <input_file_ref idref="fl-57"/>
      </object_component>
      <object_component id="oc-395">
         <name>.text:_pproc_str</name>
         <load_address>0x716e</load_address>
         <run_address>0x716e</run_address>
         <size>0xac</size>
         <input_file_ref idref="fl-46"/>
      </object_component>
      <object_component id="oc-1c8">
         <name>.text:main</name>
         <load_address>0x721a</load_address>
         <run_address>0x721a</run_address>
         <size>0xac</size>
         <input_file_ref idref="fl-7"/>
      </object_component>
      <object_component id="oc-377">
         <name>.text:LCD_WriteByte</name>
         <load_address>0x72c6</load_address>
         <run_address>0x72c6</run_address>
         <size>0x94</size>
         <input_file_ref idref="fl-5"/>
      </object_component>
      <object_component id="oc-4b2">
         <name>.text:_mcpy</name>
         <load_address>0x735a</load_address>
         <run_address>0x735a</run_address>
         <size>0x92</size>
         <input_file_ref idref="fl-46"/>
      </object_component>
      <object_component id="oc-4ac">
         <name>.text:_ecpy</name>
         <load_address>0x73ec</load_address>
         <run_address>0x73ec</run_address>
         <size>0x8e</size>
         <input_file_ref idref="fl-46"/>
      </object_component>
      <object_component id="oc-1ac">
         <name>.text:__mspabi_cvtdf</name>
         <load_address>0x747a</load_address>
         <run_address>0x747a</run_address>
         <size>0x8c</size>
         <input_file_ref idref="fl-3a"/>
      </object_component>
      <object_component id="oc-1ed">
         <name>.text:__mspabi_fltuld</name>
         <load_address>0x7506</load_address>
         <run_address>0x7506</run_address>
         <size>0x8a</size>
         <input_file_ref idref="fl-3e"/>
      </object_component>
      <object_component id="oc-4f8">
         <name>.text:__TI_ltoa</name>
         <load_address>0x7590</load_address>
         <run_address>0x7590</run_address>
         <size>0x84</size>
         <input_file_ref idref="fl-5c"/>
      </object_component>
      <object_component id="oc-30">
         <name>.text:decompress:lzss:__TI_decompress_lzss</name>
         <load_address>0x7614</load_address>
         <run_address>0x7614</run_address>
         <size>0x7c</size>
         <input_file_ref idref="fl-39"/>
      </object_component>
      <object_component id="oc-45b">
         <name>.text:_pconv_f</name>
         <load_address>0x7690</load_address>
         <run_address>0x7690</run_address>
         <size>0x7a</size>
         <input_file_ref idref="fl-46"/>
      </object_component>
      <object_component id="oc-4f2">
         <name>.text:__mspabi_fixdli</name>
         <load_address>0x770a</load_address>
         <run_address>0x770a</run_address>
         <size>0x72</size>
         <input_file_ref idref="fl-55"/>
      </object_component>
      <object_component id="oc-19a">
         <name>.text:__mspabi_cvtfd</name>
         <load_address>0x777c</load_address>
         <run_address>0x777c</run_address>
         <size>0x70</size>
         <input_file_ref idref="fl-3b"/>
      </object_component>
      <object_component id="oc-12e">
         <name>.text:I2C_ISR</name>
         <load_address>0x77ec</load_address>
         <run_address>0x77ec</run_address>
         <size>0x62</size>
         <input_file_ref idref="fl-2"/>
      </object_component>
      <object_component id="oc-26a">
         <name>.text:LCD_message</name>
         <load_address>0x784e</load_address>
         <run_address>0x784e</run_address>
         <size>0x60</size>
         <input_file_ref idref="fl-5"/>
      </object_component>
      <object_component id="oc-2b6">
         <name>.text:l_lsr_const</name>
         <load_address>0x78ae</load_address>
         <run_address>0x78ae</run_address>
         <size>0x5c</size>
         <input_file_ref idref="fl-4d"/>
      </object_component>
      <object_component id="oc-29b">
         <name>.text:__TI_auto_init_nobinit_nopinit_hold_wdt:__TI_auto_init_nobinit_nopinit_hold_wdt</name>
         <load_address>0x790a</load_address>
         <run_address>0x790a</run_address>
         <size>0x58</size>
         <input_file_ref idref="fl-32"/>
      </object_component>
      <object_component id="oc-48d">
         <name>.text</name>
         <load_address>0x7962</load_address>
         <run_address>0x7962</run_address>
         <size>0x58</size>
         <input_file_ref idref="fl-4a"/>
      </object_component>
      <object_component id="oc-3e6">
         <name>.text:atoi</name>
         <load_address>0x79ba</load_address>
         <run_address>0x79ba</run_address>
         <size>0x52</size>
         <input_file_ref idref="fl-5d"/>
      </object_component>
      <object_component id="oc-4bf">
         <name>.text:_fcpy</name>
         <load_address>0x7a0c</load_address>
         <run_address>0x7a0c</run_address>
         <size>0x4e</size>
         <input_file_ref idref="fl-46"/>
      </object_component>
      <object_component id="oc-fb">
         <name>.text</name>
         <load_address>0x7a5a</load_address>
         <run_address>0x7a5a</run_address>
         <size>0x4c</size>
         <input_file_ref idref="fl-4c"/>
      </object_component>
      <object_component id="oc-251">
         <name>.text:LCD_init</name>
         <load_address>0x7aa6</load_address>
         <run_address>0x7aa6</run_address>
         <size>0x46</size>
         <input_file_ref idref="fl-5"/>
      </object_component>
      <object_component id="oc-497">
         <name>.text:__mspabi_srlll</name>
         <load_address>0x7aec</load_address>
         <run_address>0x7aec</run_address>
         <size>0x46</size>
         <input_file_ref idref="fl-50"/>
      </object_component>
      <object_component id="oc-25d">
         <name>.text:LCD_set_pos</name>
         <load_address>0x7b32</load_address>
         <run_address>0x7b32</run_address>
         <size>0x44</size>
         <input_file_ref idref="fl-5"/>
      </object_component>
      <object_component id="oc-4e0">
         <name>.text:__mspabi_sllll</name>
         <load_address>0x7b76</load_address>
         <run_address>0x7b76</run_address>
         <size>0x44</size>
         <input_file_ref idref="fl-6a"/>
      </object_component>
      <object_component id="oc-533">
         <name>.text</name>
         <load_address>0x7bba</load_address>
         <run_address>0x7bba</run_address>
         <size>0x40</size>
         <input_file_ref idref="fl-69"/>
      </object_component>
      <object_component id="oc-208">
         <name>.text:l_asr_const</name>
         <load_address>0x7bfa</load_address>
         <run_address>0x7bfa</run_address>
         <size>0x3e</size>
         <input_file_ref idref="fl-48"/>
      </object_component>
      <object_component id="oc-223">
         <name>.text:l_lsl_const</name>
         <load_address>0x7c38</load_address>
         <run_address>0x7c38</run_address>
         <size>0x3e</size>
         <input_file_ref idref="fl-4b"/>
      </object_component>
      <object_component id="oc-264">
         <name>.text:sprintf</name>
         <load_address>0x7c76</load_address>
         <run_address>0x7c76</run_address>
         <size>0x38</size>
         <input_file_ref idref="fl-25"/>
      </object_component>
      <object_component id="oc-270">
         <name>.text:wait_1ms</name>
         <load_address>0x7cae</load_address>
         <run_address>0x7cae</run_address>
         <size>0x36</size>
         <input_file_ref idref="fl-9"/>
      </object_component>
      <object_component id="oc-245">
         <name>.text:ADC_init</name>
         <load_address>0x7ce4</load_address>
         <run_address>0x7ce4</run_address>
         <size>0x32</size>
         <input_file_ref idref="fl-7"/>
      </object_component>
      <object_component id="oc-239">
         <name>.text:Init_System_Clock</name>
         <load_address>0x7d16</load_address>
         <run_address>0x7d16</run_address>
         <size>0x30</size>
         <input_file_ref idref="fl-9"/>
      </object_component>
      <object_component id="oc-1a6">
         <name>.text:__mspabi_subd</name>
         <load_address>0x7d46</load_address>
         <run_address>0x7d46</run_address>
         <size>0x2e</size>
         <input_file_ref idref="fl-41"/>
      </object_component>
      <object_component id="oc-545">
         <name>.text:copysign</name>
         <load_address>0x7d74</load_address>
         <run_address>0x7d74</run_address>
         <size>0x2e</size>
         <input_file_ref idref="fl-6b"/>
      </object_component>
      <object_component id="oc-2bd">
         <name>.text</name>
         <load_address>0x7da2</load_address>
         <run_address>0x7da2</run_address>
         <size>0x2e</size>
         <input_file_ref idref="fl-2e"/>
      </object_component>
      <object_component id="oc-203">
         <name>.text</name>
         <load_address>0x7dd0</load_address>
         <run_address>0x7dd0</run_address>
         <size>0x2c</size>
         <input_file_ref idref="fl-47"/>
      </object_component>
      <object_component id="oc-f6">
         <name>.text</name>
         <load_address>0x7dfc</load_address>
         <run_address>0x7dfc</run_address>
         <size>0x2c</size>
         <input_file_ref idref="fl-2a"/>
      </object_component>
      <object_component id="oc-44f">
         <name>.text:__mspabi_negd</name>
         <load_address>0x7e28</load_address>
         <run_address>0x7e28</run_address>
         <size>0x2a</size>
         <input_file_ref idref="fl-5a"/>
      </object_component>
      <object_component id="oc-504">
         <name>.text:__mspabi_fixdi</name>
         <load_address>0x7e52</load_address>
         <run_address>0x7e52</run_address>
         <size>0x28</size>
         <input_file_ref idref="fl-54"/>
      </object_component>
      <object_component id="oc-400">
         <name>.text:memccpy</name>
         <load_address>0x7e7a</load_address>
         <run_address>0x7e7a</run_address>
         <size>0x22</size>
         <input_file_ref idref="fl-5f"/>
      </object_component>
      <object_component id="oc-257">
         <name>.text:LCD_set_cursor</name>
         <load_address>0x7e9c</load_address>
         <run_address>0x7e9c</run_address>
         <size>0x1e</size>
         <input_file_ref idref="fl-5"/>
      </object_component>
      <object_component id="oc-310">
         <name>.text:LCD_recode</name>
         <load_address>0x7eba</load_address>
         <run_address>0x7eba</run_address>
         <size>0x1c</size>
         <input_file_ref idref="fl-5"/>
      </object_component>
      <object_component id="oc-146">
         <name>.text:_c_int00_noargs</name>
         <load_address>0x7ed6</load_address>
         <run_address>0x7ed6</run_address>
         <size>0x1c</size>
         <input_file_ref idref="fl-31"/>
      </object_component>
      <object_component id="oc-24b">
         <name>.text:Timer_A_init</name>
         <load_address>0x7ef2</load_address>
         <run_address>0x7ef2</run_address>
         <size>0x1a</size>
         <input_file_ref idref="fl-7"/>
      </object_component>
      <object_component id="oc-2fb">
         <name>.text:_outs</name>
         <load_address>0x7f0c</load_address>
         <run_address>0x7f0c</run_address>
         <size>0x1a</size>
         <input_file_ref idref="fl-25"/>
      </object_component>
      <object_component id="oc-522">
         <name>.text:strchr</name>
         <load_address>0x7f26</load_address>
         <run_address>0x7f26</run_address>
         <size>0x1a</size>
         <input_file_ref idref="fl-61"/>
      </object_component>
      <object_component id="oc-492">
         <name>.text</name>
         <load_address>0x7f40</load_address>
         <run_address>0x7f40</run_address>
         <size>0x16</size>
         <input_file_ref idref="fl-49"/>
      </object_component>
      <object_component id="oc-134">
         <name>.text:decompress:ZI:__TI_zero_init_nomemset:__TI_zero_init_nomemset</name>
         <load_address>0x7f56</load_address>
         <run_address>0x7f56</run_address>
         <size>0x14</size>
         <input_file_ref idref="fl-33"/>
      </object_component>
      <object_component id="oc-3ed">
         <name>.text:memset</name>
         <load_address>0x7f6a</load_address>
         <run_address>0x7f6a</run_address>
         <size>0x14</size>
         <input_file_ref idref="fl-60"/>
      </object_component>
      <object_component id="oc-2c2">
         <name>.text</name>
         <load_address>0x7f7e</load_address>
         <run_address>0x7f7e</run_address>
         <size>0x14</size>
         <input_file_ref idref="fl-2c"/>
      </object_component>
      <object_component id="oc-408">
         <name>.text:wcslen</name>
         <load_address>0x7f92</load_address>
         <run_address>0x7f92</run_address>
         <size>0x14</size>
         <input_file_ref idref="fl-66"/>
      </object_component>
      <object_component id="oc-301">
         <name>.text:_outc</name>
         <load_address>0x7fa6</load_address>
         <run_address>0x7fa6</run_address>
         <size>0x12</size>
         <input_file_ref idref="fl-25"/>
      </object_component>
      <object_component id="oc-36">
         <name>.text:decompress:none:__TI_decompress_none</name>
         <load_address>0x7fb8</load_address>
         <run_address>0x7fb8</run_address>
         <size>0x12</size>
         <input_file_ref idref="fl-38"/>
      </object_component>
      <object_component id="oc-361">
         <name>.text:l_lsr</name>
         <load_address>0x7fca</load_address>
         <run_address>0x7fca</run_address>
         <size>0x12</size>
         <input_file_ref idref="fl-4d"/>
      </object_component>
      <object_component id="oc-110">
         <name>.text:memcpy</name>
         <load_address>0x7fdc</load_address>
         <run_address>0x7fdc</run_address>
         <size>0x12</size>
         <input_file_ref idref="fl-45"/>
      </object_component>
      <object_component id="oc-2e8">
         <name>.text:LCD_WriteCommand</name>
         <load_address>0x7fee</load_address>
         <run_address>0x7fee</run_address>
         <size>0x10</size>
         <input_file_ref idref="fl-5"/>
      </object_component>
      <object_component id="oc-316">
         <name>.text:LCD_WriteData</name>
         <load_address>0x7ffe</load_address>
         <run_address>0x7ffe</run_address>
         <size>0x10</size>
         <input_file_ref idref="fl-5"/>
      </object_component>
      <object_component id="oc-2ee">
         <name>.text:LCD_clear</name>
         <load_address>0x800e</load_address>
         <run_address>0x800e</run_address>
         <size>0x10</size>
         <input_file_ref idref="fl-5"/>
      </object_component>
      <object_component id="oc-366">
         <name>.text:l_asr</name>
         <load_address>0x801e</load_address>
         <run_address>0x801e</run_address>
         <size>0x10</size>
         <input_file_ref idref="fl-48"/>
      </object_component>
      <object_component id="oc-35c">
         <name>.text:l_lsl</name>
         <load_address>0x802e</load_address>
         <run_address>0x802e</run_address>
         <size>0x10</size>
         <input_file_ref idref="fl-4b"/>
      </object_component>
      <object_component id="oc-100">
         <name>.text</name>
         <load_address>0x803e</load_address>
         <run_address>0x803e</run_address>
         <size>0x10</size>
         <input_file_ref idref="fl-26"/>
      </object_component>
      <object_component id="oc-383">
         <name>.text:strlen</name>
         <load_address>0x804e</load_address>
         <run_address>0x804e</run_address>
         <size>0xe</size>
         <input_file_ref idref="fl-62"/>
      </object_component>
      <object_component id="oc-23f">
         <name>.text:Init_System</name>
         <load_address>0x805c</load_address>
         <run_address>0x805c</run_address>
         <size>0xc</size>
         <input_file_ref idref="fl-9"/>
      </object_component>
      <object_component id="oc-528">
         <name>.text:__mspabi_fltid</name>
         <load_address>0x8068</load_address>
         <run_address>0x8068</run_address>
         <size>0xc</size>
         <input_file_ref idref="fl-56"/>
      </object_component>
      <object_component id="oc-449">
         <name>.text:toupper</name>
         <load_address>0x8074</load_address>
         <run_address>0x8074</run_address>
         <size>0xc</size>
         <input_file_ref idref="fl-63"/>
      </object_component>
      <object_component id="oc-50b">
         <name>.text:abs</name>
         <load_address>0x8080</load_address>
         <run_address>0x8080</run_address>
         <size>0xa</size>
         <input_file_ref idref="fl-65"/>
      </object_component>
      <object_component id="oc-123">
         <name>.text:_isr:__TI_ISR_TRAP</name>
         <load_address>0x808a</load_address>
         <run_address>0x808a</run_address>
         <size>0x8</size>
         <input_file_ref idref="fl-29"/>
      </object_component>
      <object_component id="oc-11d">
         <name>.text:ISR_trap</name>
         <load_address>0x8092</load_address>
         <run_address>0x8092</run_address>
         <size>0x6</size>
         <input_file_ref idref="fl-8"/>
      </object_component>
      <object_component id="oc-18b">
         <name>.text:__mspabi_fltud</name>
         <load_address>0x8098</load_address>
         <run_address>0x8098</run_address>
         <size>0x6</size>
         <input_file_ref idref="fl-3d"/>
      </object_component>
      <object_component id="oc-277">
         <name>.text:abort</name>
         <load_address>0x809e</load_address>
         <run_address>0x809e</run_address>
         <size>0x6</size>
         <input_file_ref idref="fl-42"/>
      </object_component>
      <object_component id="oc-1c2">
         <name>.text:_system_pre_init</name>
         <load_address>0x80a4</load_address>
         <run_address>0x80a4</run_address>
         <size>0x4</size>
         <input_file_ref idref="fl-36"/>
      </object_component>
      <object_component id="oc-332">
         <name>.text:_system_post_cinit</name>
         <load_address>0x80a8</load_address>
         <run_address>0x80a8</run_address>
         <size>0x2</size>
         <input_file_ref idref="fl-37"/>
      </object_component>
      <object_component id="oc-597">
         <name>.cinit..data.load</name>
         <load_address>0x8200</load_address>
         <run_address>0x8200</run_address>
         <size>0x46</size>
      </object_component>
      <object_component id="oc-594">
         <name>__TI_handler_table</name>
         <load_address>0x8246</load_address>
         <run_address>0x8246</run_address>
         <size>0x6</size>
      </object_component>
      <object_component id="oc-596">
         <name>.cinit..bss.load</name>
         <load_address>0x824c</load_address>
         <run_address>0x824c</run_address>
         <size>0x4</size>
      </object_component>
      <object_component id="oc-595">
         <name>__TI_cinit_table</name>
         <load_address>0x8250</load_address>
         <run_address>0x8250</run_address>
         <size>0x8</size>
      </object_component>
      <object_component id="oc-430">
         <name>.const:.string:_ctypes_</name>
         <load_address>0x80aa</load_address>
         <run_address>0x80aa</run_address>
         <size>0x101</size>
         <input_file_ref idref="fl-5e"/>
      </object_component>
      <object_component id="oc-3f3">
         <name>.const:.string</name>
         <load_address>0x81ac</load_address>
         <run_address>0x81ac</run_address>
         <size>0x26</size>
         <input_file_ref idref="fl-46"/>
      </object_component>
      <object_component id="oc-197">
         <name>.const</name>
         <load_address>0x81d2</load_address>
         <run_address>0x81d2</run_address>
         <size>0x18</size>
         <input_file_ref idref="fl-7"/>
      </object_component>
      <object_component id="oc-263">
         <name>.const:.string</name>
         <load_address>0x81ea</load_address>
         <run_address>0x81ea</run_address>
         <size>0x16</size>
         <input_file_ref idref="fl-7"/>
      </object_component>
      <object_component id="oc-3c">
         <name>.int00</name>
         <load_address>0xffe0</load_address>
         <run_address>0xffe0</run_address>
         <size>0x2</size>
         <input_file_ref idref="fl-8"/>
      </object_component>
      <object_component id="oc-3d">
         <name>.int01</name>
         <load_address>0xffe2</load_address>
         <run_address>0xffe2</run_address>
         <size>0x2</size>
         <input_file_ref idref="fl-8"/>
      </object_component>
      <object_component id="oc-3e">
         <name>.int02</name>
         <load_address>0xffe4</load_address>
         <run_address>0xffe4</run_address>
         <size>0x2</size>
         <input_file_ref idref="fl-8"/>
      </object_component>
      <object_component id="oc-3f">
         <name>.int03</name>
         <load_address>0xffe6</load_address>
         <run_address>0xffe6</run_address>
         <size>0x2</size>
         <input_file_ref idref="fl-8"/>
      </object_component>
      <object_component id="oc-40">
         <name>.int04</name>
         <load_address>0xffe8</load_address>
         <run_address>0xffe8</run_address>
         <size>0x2</size>
         <input_file_ref idref="fl-8"/>
      </object_component>
      <object_component id="oc-41">
         <name>.int05</name>
         <load_address>0xffea</load_address>
         <run_address>0xffea</run_address>
         <size>0x2</size>
         <input_file_ref idref="fl-27"/>
      </object_component>
      <object_component id="oc-42">
         <name>.int06</name>
         <load_address>0xffec</load_address>
         <run_address>0xffec</run_address>
         <size>0x2</size>
         <input_file_ref idref="fl-8"/>
      </object_component>
      <object_component id="oc-43">
         <name>.int07</name>
         <load_address>0xffee</load_address>
         <run_address>0xffee</run_address>
         <size>0x2</size>
         <input_file_ref idref="fl-7"/>
      </object_component>
      <object_component id="oc-44">
         <name>.int08</name>
         <load_address>0xfff0</load_address>
         <run_address>0xfff0</run_address>
         <size>0x2</size>
         <input_file_ref idref="fl-2"/>
      </object_component>
      <object_component id="oc-45">
         <name>.int09</name>
         <load_address>0xfff2</load_address>
         <run_address>0xfff2</run_address>
         <size>0x2</size>
         <input_file_ref idref="fl-28"/>
      </object_component>
      <object_component id="oc-46">
         <name>.int10</name>
         <load_address>0xfff4</load_address>
         <run_address>0xfff4</run_address>
         <size>0x2</size>
         <input_file_ref idref="fl-8"/>
      </object_component>
      <object_component id="oc-47">
         <name>.int11</name>
         <load_address>0xfff6</load_address>
         <run_address>0xfff6</run_address>
         <size>0x2</size>
         <input_file_ref idref="fl-8"/>
      </object_component>
      <object_component id="oc-48">
         <name>.int12</name>
         <load_address>0xfff8</load_address>
         <run_address>0xfff8</run_address>
         <size>0x2</size>
         <input_file_ref idref="fl-8"/>
      </object_component>
      <object_component id="oc-49">
         <name>.int13</name>
         <load_address>0xfffa</load_address>
         <run_address>0xfffa</run_address>
         <size>0x2</size>
         <input_file_ref idref="fl-8"/>
      </object_component>
      <object_component id="oc-4a">
         <name>.int14</name>
         <load_address>0xfffc</load_address>
         <run_address>0xfffc</run_address>
         <size>0x2</size>
         <input_file_ref idref="fl-8"/>
      </object_component>
      <object_component id="oc-f5">
         <name>.reset</name>
         <load_address>0xfffe</load_address>
         <run_address>0xfffe</run_address>
         <size>0x2</size>
         <input_file_ref idref="fl-31"/>
      </object_component>
      <object_component id="oc-12f">
         <name>.debug_info</name>
         <load_address>0x0</load_address>
         <run_address>0x0</run_address>
         <size>0x105</size>
         <input_file_ref idref="fl-2"/>
      </object_component>
      <object_component id="oc-10b">
         <name>.debug_info</name>
         <load_address>0x105</load_address>
         <run_address>0x105</run_address>
         <size>0x84</size>
         <input_file_ref idref="fl-2"/>
      </object_component>
      <object_component id="oc-22c">
         <name>.debug_info</name>
         <load_address>0x189</load_address>
         <run_address>0x189</run_address>
         <size>0x39</size>
         <input_file_ref idref="fl-2"/>
      </object_component>
      <object_component id="oc-2f7">
         <name>.debug_info</name>
         <load_address>0x1c2</load_address>
         <run_address>0x1c2</run_address>
         <size>0x248</size>
         <input_file_ref idref="fl-5"/>
      </object_component>
      <object_component id="oc-3b0">
         <name>.debug_info</name>
         <load_address>0x40a</load_address>
         <run_address>0x40a</run_address>
         <size>0xe0</size>
         <input_file_ref idref="fl-5"/>
      </object_component>
      <object_component id="oc-252">
         <name>.debug_info</name>
         <load_address>0x4ea</load_address>
         <run_address>0x4ea</run_address>
         <size>0x19f</size>
         <input_file_ref idref="fl-5"/>
      </object_component>
      <object_component id="oc-26b">
         <name>.debug_info</name>
         <load_address>0x689</load_address>
         <run_address>0x689</run_address>
         <size>0x174</size>
         <input_file_ref idref="fl-5"/>
      </object_component>
      <object_component id="oc-2ef">
         <name>.debug_info</name>
         <load_address>0x7fd</load_address>
         <run_address>0x7fd</run_address>
         <size>0x11f</size>
         <input_file_ref idref="fl-5"/>
      </object_component>
      <object_component id="oc-25e">
         <name>.debug_info</name>
         <load_address>0x91c</load_address>
         <run_address>0x91c</run_address>
         <size>0x177</size>
         <input_file_ref idref="fl-5"/>
      </object_component>
      <object_component id="oc-258">
         <name>.debug_info</name>
         <load_address>0xa93</load_address>
         <run_address>0xa93</run_address>
         <size>0x154</size>
         <input_file_ref idref="fl-5"/>
      </object_component>
      <object_component id="oc-2e9">
         <name>.debug_info</name>
         <load_address>0xbe7</load_address>
         <run_address>0xbe7</run_address>
         <size>0x14d</size>
         <input_file_ref idref="fl-5"/>
      </object_component>
      <object_component id="oc-317">
         <name>.debug_info</name>
         <load_address>0xd34</load_address>
         <run_address>0xd34</run_address>
         <size>0x147</size>
         <input_file_ref idref="fl-5"/>
      </object_component>
      <object_component id="oc-378">
         <name>.debug_info</name>
         <load_address>0xe7b</load_address>
         <run_address>0xe7b</run_address>
         <size>0x156</size>
         <input_file_ref idref="fl-5"/>
      </object_component>
      <object_component id="oc-311">
         <name>.debug_info</name>
         <load_address>0xfd1</load_address>
         <run_address>0xfd1</run_address>
         <size>0x125</size>
         <input_file_ref idref="fl-5"/>
      </object_component>
      <object_component id="oc-1b3">
         <name>.debug_info</name>
         <load_address>0x10f6</load_address>
         <run_address>0x10f6</run_address>
         <size>0x554</size>
         <input_file_ref idref="fl-7"/>
      </object_component>
      <object_component id="oc-198">
         <name>.debug_info</name>
         <load_address>0x164a</load_address>
         <run_address>0x164a</run_address>
         <size>0x190</size>
         <input_file_ref idref="fl-7"/>
      </object_component>
      <object_component id="oc-248">
         <name>.debug_info</name>
         <load_address>0x17da</load_address>
         <run_address>0x17da</run_address>
         <size>0x109</size>
         <input_file_ref idref="fl-7"/>
      </object_component>
      <object_component id="oc-24e">
         <name>.debug_info</name>
         <load_address>0x18e3</load_address>
         <run_address>0x18e3</run_address>
         <size>0x111</size>
         <input_file_ref idref="fl-7"/>
      </object_component>
      <object_component id="oc-1c9">
         <name>.debug_info</name>
         <load_address>0x19f4</load_address>
         <run_address>0x19f4</run_address>
         <size>0x220</size>
         <input_file_ref idref="fl-7"/>
      </object_component>
      <object_component id="oc-129">
         <name>.debug_info</name>
         <load_address>0x1c14</load_address>
         <run_address>0x1c14</run_address>
         <size>0x29a</size>
         <input_file_ref idref="fl-7"/>
      </object_component>
      <object_component id="oc-231">
         <name>.debug_info</name>
         <load_address>0x1eae</load_address>
         <run_address>0x1eae</run_address>
         <size>0x26b</size>
         <input_file_ref idref="fl-7"/>
      </object_component>
      <object_component id="oc-2de">
         <name>.debug_info</name>
         <load_address>0x2119</load_address>
         <run_address>0x2119</run_address>
         <size>0x282</size>
         <input_file_ref idref="fl-7"/>
      </object_component>
      <object_component id="oc-3a3">
         <name>.debug_info</name>
         <load_address>0x239b</load_address>
         <run_address>0x239b</run_address>
         <size>0x2c</size>
         <input_file_ref idref="fl-7"/>
      </object_component>
      <object_component id="oc-121">
         <name>.debug_info</name>
         <load_address>0x23c7</load_address>
         <run_address>0x23c7</run_address>
         <size>0x17f</size>
         <input_file_ref idref="fl-8"/>
      </object_component>
      <object_component id="oc-2e4">
         <name>.debug_info</name>
         <load_address>0x2546</load_address>
         <run_address>0x2546</run_address>
         <size>0x1e5</size>
         <input_file_ref idref="fl-9"/>
      </object_component>
      <object_component id="oc-240">
         <name>.debug_info</name>
         <load_address>0x272b</load_address>
         <run_address>0x272b</run_address>
         <size>0x118</size>
         <input_file_ref idref="fl-9"/>
      </object_component>
      <object_component id="oc-23a">
         <name>.debug_info</name>
         <load_address>0x2843</load_address>
         <run_address>0x2843</run_address>
         <size>0x130</size>
         <input_file_ref idref="fl-9"/>
      </object_component>
      <object_component id="oc-271">
         <name>.debug_info</name>
         <load_address>0x2973</load_address>
         <run_address>0x2973</run_address>
         <size>0x131</size>
         <input_file_ref idref="fl-9"/>
      </object_component>
      <object_component id="oc-30e">
         <name>.debug_info</name>
         <load_address>0x2aa4</load_address>
         <run_address>0x2aa4</run_address>
         <size>0x20b</size>
         <input_file_ref idref="fl-25"/>
      </object_component>
      <object_component id="oc-268">
         <name>.debug_info</name>
         <load_address>0x2caf</load_address>
         <run_address>0x2caf</run_address>
         <size>0x1c2</size>
         <input_file_ref idref="fl-25"/>
      </object_component>
      <object_component id="oc-2fe">
         <name>.debug_info</name>
         <load_address>0x2e71</load_address>
         <run_address>0x2e71</run_address>
         <size>0x198</size>
         <input_file_ref idref="fl-25"/>
      </object_component>
      <object_component id="oc-304">
         <name>.debug_info</name>
         <load_address>0x3009</load_address>
         <run_address>0x3009</run_address>
         <size>0x16d</size>
         <input_file_ref idref="fl-25"/>
      </object_component>
      <object_component id="oc-414">
         <name>.debug_info</name>
         <load_address>0x3176</load_address>
         <run_address>0x3176</run_address>
         <size>0x2c</size>
         <input_file_ref idref="fl-25"/>
      </object_component>
      <object_component id="oc-101">
         <name>.debug_info</name>
         <load_address>0x31a2</load_address>
         <run_address>0x31a2</run_address>
         <size>0x12e</size>
         <input_file_ref idref="fl-26"/>
      </object_component>
      <object_component id="oc-125">
         <name>.debug_info</name>
         <load_address>0x32d0</load_address>
         <run_address>0x32d0</run_address>
         <size>0x10f</size>
         <input_file_ref idref="fl-29"/>
      </object_component>
      <object_component id="oc-f7">
         <name>.debug_info</name>
         <load_address>0x33df</load_address>
         <run_address>0x33df</run_address>
         <size>0x120</size>
         <input_file_ref idref="fl-2a"/>
      </object_component>
      <object_component id="oc-2c5">
         <name>.debug_info</name>
         <load_address>0x34ff</load_address>
         <run_address>0x34ff</run_address>
         <size>0x11f</size>
         <input_file_ref idref="fl-2c"/>
      </object_component>
      <object_component id="oc-2c0">
         <name>.debug_info</name>
         <load_address>0x361e</load_address>
         <run_address>0x361e</run_address>
         <size>0x11f</size>
         <input_file_ref idref="fl-2e"/>
      </object_component>
      <object_component id="oc-f3">
         <name>.debug_info</name>
         <load_address>0x373d</load_address>
         <run_address>0x373d</run_address>
         <size>0x100</size>
         <input_file_ref idref="fl-31"/>
      </object_component>
      <object_component id="oc-14a">
         <name>.debug_info</name>
         <load_address>0x383d</load_address>
         <run_address>0x383d</run_address>
         <size>0x17a</size>
         <input_file_ref idref="fl-31"/>
      </object_component>
      <object_component id="oc-339">
         <name>.debug_info</name>
         <load_address>0x39b7</load_address>
         <run_address>0x39b7</run_address>
         <size>0x3de</size>
         <input_file_ref idref="fl-32"/>
      </object_component>
      <object_component id="oc-29c">
         <name>.debug_info</name>
         <load_address>0x3d95</load_address>
         <run_address>0x3d95</run_address>
         <size>0x211</size>
         <input_file_ref idref="fl-32"/>
      </object_component>
      <object_component id="oc-3cb">
         <name>.debug_info</name>
         <load_address>0x3fa6</load_address>
         <run_address>0x3fa6</run_address>
         <size>0x39</size>
         <input_file_ref idref="fl-32"/>
      </object_component>
      <object_component id="oc-3d7">
         <name>.debug_info</name>
         <load_address>0x3fdf</load_address>
         <run_address>0x3fdf</run_address>
         <size>0x2c</size>
         <input_file_ref idref="fl-32"/>
      </object_component>
      <object_component id="oc-344">
         <name>.debug_info</name>
         <load_address>0x400b</load_address>
         <run_address>0x400b</run_address>
         <size>0x2c</size>
         <input_file_ref idref="fl-32"/>
      </object_component>
      <object_component id="oc-3d0">
         <name>.debug_info</name>
         <load_address>0x4037</load_address>
         <run_address>0x4037</run_address>
         <size>0xcd</size>
         <input_file_ref idref="fl-32"/>
      </object_component>
      <object_component id="oc-1c0">
         <name>.debug_info</name>
         <load_address>0x4104</load_address>
         <run_address>0x4104</run_address>
         <size>0x175</size>
         <input_file_ref idref="fl-33"/>
      </object_component>
      <object_component id="oc-135">
         <name>.debug_info</name>
         <load_address>0x4279</load_address>
         <run_address>0x4279</run_address>
         <size>0x1d2</size>
         <input_file_ref idref="fl-33"/>
      </object_component>
      <object_component id="oc-1bb">
         <name>.debug_info</name>
         <load_address>0x444b</load_address>
         <run_address>0x444b</run_address>
         <size>0x46</size>
         <input_file_ref idref="fl-33"/>
      </object_component>
      <object_component id="oc-17d">
         <name>.debug_info</name>
         <load_address>0x4491</load_address>
         <run_address>0x4491</run_address>
         <size>0x2c</size>
         <input_file_ref idref="fl-33"/>
      </object_component>
      <object_component id="oc-1c3">
         <name>.debug_info</name>
         <load_address>0x44bd</load_address>
         <run_address>0x44bd</run_address>
         <size>0x153</size>
         <input_file_ref idref="fl-36"/>
      </object_component>
      <object_component id="oc-333">
         <name>.debug_info</name>
         <load_address>0x4610</load_address>
         <run_address>0x4610</run_address>
         <size>0x150</size>
         <input_file_ref idref="fl-37"/>
      </object_component>
      <object_component id="oc-11c">
         <name>.debug_info</name>
         <load_address>0x4760</load_address>
         <run_address>0x4760</run_address>
         <size>0x180</size>
         <input_file_ref idref="fl-38"/>
      </object_component>
      <object_component id="oc-38">
         <name>.debug_info</name>
         <load_address>0x48e0</load_address>
         <run_address>0x48e0</run_address>
         <size>0x1ea</size>
         <input_file_ref idref="fl-38"/>
      </object_component>
      <object_component id="oc-117">
         <name>.debug_info</name>
         <load_address>0x4aca</load_address>
         <run_address>0x4aca</run_address>
         <size>0x46</size>
         <input_file_ref idref="fl-38"/>
      </object_component>
      <object_component id="oc-182">
         <name>.debug_info</name>
         <load_address>0x4b10</load_address>
         <run_address>0x4b10</run_address>
         <size>0x2c</size>
         <input_file_ref idref="fl-38"/>
      </object_component>
      <object_component id="oc-17a">
         <name>.debug_info</name>
         <load_address>0x4b3c</load_address>
         <run_address>0x4b3c</run_address>
         <size>0x176</size>
         <input_file_ref idref="fl-39"/>
      </object_component>
      <object_component id="oc-33">
         <name>.debug_info</name>
         <load_address>0x4cb2</load_address>
         <run_address>0x4cb2</run_address>
         <size>0x292</size>
         <input_file_ref idref="fl-39"/>
      </object_component>
      <object_component id="oc-106">
         <name>.debug_info</name>
         <load_address>0x4f44</load_address>
         <run_address>0x4f44</run_address>
         <size>0x60</size>
         <input_file_ref idref="fl-39"/>
      </object_component>
      <object_component id="oc-1e4">
         <name>.debug_info</name>
         <load_address>0x4fa4</load_address>
         <run_address>0x4fa4</run_address>
         <size>0x46</size>
         <input_file_ref idref="fl-39"/>
      </object_component>
      <object_component id="oc-175">
         <name>.debug_info</name>
         <load_address>0x4fea</load_address>
         <run_address>0x4fea</run_address>
         <size>0x39</size>
         <input_file_ref idref="fl-39"/>
      </object_component>
      <object_component id="oc-229">
         <name>.debug_info</name>
         <load_address>0x5023</load_address>
         <run_address>0x5023</run_address>
         <size>0x165</size>
         <input_file_ref idref="fl-3a"/>
      </object_component>
      <object_component id="oc-1af">
         <name>.debug_info</name>
         <load_address>0x5188</load_address>
         <run_address>0x5188</run_address>
         <size>0x1d8</size>
         <input_file_ref idref="fl-3a"/>
      </object_component>
      <object_component id="oc-20f">
         <name>.debug_info</name>
         <load_address>0x5360</load_address>
         <run_address>0x5360</run_address>
         <size>0xdb</size>
         <input_file_ref idref="fl-3a"/>
      </object_component>
      <object_component id="oc-20e">
         <name>.debug_info</name>
         <load_address>0x543b</load_address>
         <run_address>0x543b</run_address>
         <size>0x165</size>
         <input_file_ref idref="fl-3b"/>
      </object_component>
      <object_component id="oc-19b">
         <name>.debug_info</name>
         <load_address>0x55a0</load_address>
         <run_address>0x55a0</run_address>
         <size>0x1d4</size>
         <input_file_ref idref="fl-3b"/>
      </object_component>
      <object_component id="oc-200">
         <name>.debug_info</name>
         <load_address>0x5774</load_address>
         <run_address>0x5774</run_address>
         <size>0x1a2</size>
         <input_file_ref idref="fl-3c"/>
      </object_component>
      <object_component id="oc-192">
         <name>.debug_info</name>
         <load_address>0x5916</load_address>
         <run_address>0x5916</run_address>
         <size>0x28a</size>
         <input_file_ref idref="fl-3c"/>
      </object_component>
      <object_component id="oc-1fb">
         <name>.debug_info</name>
         <load_address>0x5ba0</load_address>
         <run_address>0x5ba0</run_address>
         <size>0x94</size>
         <input_file_ref idref="fl-3c"/>
      </object_component>
      <object_component id="oc-18c">
         <name>.debug_info</name>
         <load_address>0x5c34</load_address>
         <run_address>0x5c34</run_address>
         <size>0x166</size>
         <input_file_ref idref="fl-3d"/>
      </object_component>
      <object_component id="oc-2bc">
         <name>.debug_info</name>
         <load_address>0x5d9a</load_address>
         <run_address>0x5d9a</run_address>
         <size>0x16b</size>
         <input_file_ref idref="fl-3e"/>
      </object_component>
      <object_component id="oc-1f0">
         <name>.debug_info</name>
         <load_address>0x5f05</load_address>
         <run_address>0x5f05</run_address>
         <size>0x1e3</size>
         <input_file_ref idref="fl-3e"/>
      </object_component>
      <object_component id="oc-2c8">
         <name>.debug_info</name>
         <load_address>0x60e8</load_address>
         <run_address>0x60e8</run_address>
         <size>0x172</size>
         <input_file_ref idref="fl-3f"/>
      </object_component>
      <object_component id="oc-1f6">
         <name>.debug_info</name>
         <load_address>0x625a</load_address>
         <run_address>0x625a</run_address>
         <size>0x5cf</size>
         <input_file_ref idref="fl-3f"/>
      </object_component>
      <object_component id="oc-21b">
         <name>.debug_info</name>
         <load_address>0x6829</load_address>
         <run_address>0x6829</run_address>
         <size>0x1a2</size>
         <input_file_ref idref="fl-40"/>
      </object_component>
      <object_component id="oc-1a1">
         <name>.debug_info</name>
         <load_address>0x69cb</load_address>
         <run_address>0x69cb</run_address>
         <size>0x2e0</size>
         <input_file_ref idref="fl-40"/>
      </object_component>
      <object_component id="oc-1a7">
         <name>.debug_info</name>
         <load_address>0x6cab</load_address>
         <run_address>0x6cab</run_address>
         <size>0x18d</size>
         <input_file_ref idref="fl-41"/>
      </object_component>
      <object_component id="oc-279">
         <name>.debug_info</name>
         <load_address>0x6e38</load_address>
         <run_address>0x6e38</run_address>
         <size>0x122</size>
         <input_file_ref idref="fl-42"/>
      </object_component>
      <object_component id="oc-17c">
         <name>.debug_info</name>
         <load_address>0x6f5a</load_address>
         <run_address>0x6f5a</run_address>
         <size>0x181</size>
         <input_file_ref idref="fl-45"/>
      </object_component>
      <object_component id="oc-111">
         <name>.debug_info</name>
         <load_address>0x70db</load_address>
         <run_address>0x70db</run_address>
         <size>0x17a</size>
         <input_file_ref idref="fl-45"/>
      </object_component>
      <object_component id="oc-3a2">
         <name>.debug_info</name>
         <load_address>0x7255</load_address>
         <run_address>0x7255</run_address>
         <size>0x439</size>
         <input_file_ref idref="fl-46"/>
      </object_component>
      <object_component id="oc-38b">
         <name>.debug_info</name>
         <load_address>0x768e</load_address>
         <run_address>0x768e</run_address>
         <size>0x22e</size>
         <input_file_ref idref="fl-46"/>
      </object_component>
      <object_component id="oc-439">
         <name>.debug_info</name>
         <load_address>0x78bc</load_address>
         <run_address>0x78bc</run_address>
         <size>0x1b3</size>
         <input_file_ref idref="fl-46"/>
      </object_component>
      <object_component id="oc-440">
         <name>.debug_info</name>
         <load_address>0x7a6f</load_address>
         <run_address>0x7a6f</run_address>
         <size>0x287</size>
         <input_file_ref idref="fl-46"/>
      </object_component>
      <object_component id="oc-3f6">
         <name>.debug_info</name>
         <load_address>0x7cf6</load_address>
         <run_address>0x7cf6</run_address>
         <size>0x24b</size>
         <input_file_ref idref="fl-46"/>
      </object_component>
      <object_component id="oc-4a9">
         <name>.debug_info</name>
         <load_address>0x7f41</load_address>
         <run_address>0x7f41</run_address>
         <size>0x3d0</size>
         <input_file_ref idref="fl-46"/>
      </object_component>
      <object_component id="oc-4ae">
         <name>.debug_info</name>
         <load_address>0x8311</load_address>
         <run_address>0x8311</run_address>
         <size>0x1bd</size>
         <input_file_ref idref="fl-46"/>
      </object_component>
      <object_component id="oc-4b5">
         <name>.debug_info</name>
         <load_address>0x84ce</load_address>
         <run_address>0x84ce</run_address>
         <size>0x21b</size>
         <input_file_ref idref="fl-46"/>
      </object_component>
      <object_component id="oc-458">
         <name>.debug_info</name>
         <load_address>0x86e9</load_address>
         <run_address>0x86e9</run_address>
         <size>0x26d</size>
         <input_file_ref idref="fl-46"/>
      </object_component>
      <object_component id="oc-4bb">
         <name>.debug_info</name>
         <load_address>0x8956</load_address>
         <run_address>0x8956</run_address>
         <size>0x3e7</size>
         <input_file_ref idref="fl-46"/>
      </object_component>
      <object_component id="oc-4c1">
         <name>.debug_info</name>
         <load_address>0x8d3d</load_address>
         <run_address>0x8d3d</run_address>
         <size>0x206</size>
         <input_file_ref idref="fl-46"/>
      </object_component>
      <object_component id="oc-45d">
         <name>.debug_info</name>
         <load_address>0x8f43</load_address>
         <run_address>0x8f43</run_address>
         <size>0x232</size>
         <input_file_ref idref="fl-46"/>
      </object_component>
      <object_component id="oc-464">
         <name>.debug_info</name>
         <load_address>0x9175</load_address>
         <run_address>0x9175</run_address>
         <size>0x376</size>
         <input_file_ref idref="fl-46"/>
      </object_component>
      <object_component id="oc-4d0">
         <name>.debug_info</name>
         <load_address>0x94eb</load_address>
         <run_address>0x94eb</run_address>
         <size>0x45e</size>
         <input_file_ref idref="fl-46"/>
      </object_component>
      <object_component id="oc-46a">
         <name>.debug_info</name>
         <load_address>0x9949</load_address>
         <run_address>0x9949</run_address>
         <size>0x280</size>
         <input_file_ref idref="fl-46"/>
      </object_component>
      <object_component id="oc-3fc">
         <name>.debug_info</name>
         <load_address>0x9bc9</load_address>
         <run_address>0x9bc9</run_address>
         <size>0x395</size>
         <input_file_ref idref="fl-46"/>
      </object_component>
      <object_component id="oc-392">
         <name>.debug_info</name>
         <load_address>0x9f5e</load_address>
         <run_address>0x9f5e</run_address>
         <size>0x305</size>
         <input_file_ref idref="fl-46"/>
      </object_component>
      <object_component id="oc-397">
         <name>.debug_info</name>
         <load_address>0xa263</load_address>
         <run_address>0xa263</run_address>
         <size>0x26d</size>
         <input_file_ref idref="fl-46"/>
      </object_component>
      <object_component id="oc-39e">
         <name>.debug_info</name>
         <load_address>0xa4d0</load_address>
         <run_address>0xa4d0</run_address>
         <size>0x26a</size>
         <input_file_ref idref="fl-46"/>
      </object_component>
      <object_component id="oc-30a">
         <name>.debug_info</name>
         <load_address>0xa73a</load_address>
         <run_address>0xa73a</run_address>
         <size>0x347</size>
         <input_file_ref idref="fl-46"/>
      </object_component>
      <object_component id="oc-3a8">
         <name>.debug_info</name>
         <load_address>0xaa81</load_address>
         <run_address>0xaa81</run_address>
         <size>0x86</size>
         <input_file_ref idref="fl-46"/>
      </object_component>
      <object_component id="oc-419">
         <name>.debug_info</name>
         <load_address>0xab07</load_address>
         <run_address>0xab07</run_address>
         <size>0x39</size>
         <input_file_ref idref="fl-46"/>
      </object_component>
      <object_component id="oc-4eb">
         <name>.debug_info</name>
         <load_address>0xab40</load_address>
         <run_address>0xab40</run_address>
         <size>0x94</size>
         <input_file_ref idref="fl-46"/>
      </object_component>
      <object_component id="oc-49e">
         <name>.debug_info</name>
         <load_address>0xabd4</load_address>
         <run_address>0xabd4</run_address>
         <size>0x46</size>
         <input_file_ref idref="fl-46"/>
      </object_component>
      <object_component id="oc-444">
         <name>.debug_info</name>
         <load_address>0xac1a</load_address>
         <run_address>0xac1a</run_address>
         <size>0x46</size>
         <input_file_ref idref="fl-46"/>
      </object_component>
      <object_component id="oc-206">
         <name>.debug_info</name>
         <load_address>0xac60</load_address>
         <run_address>0xac60</run_address>
[...]
         <name>__mspabi_fltuld</name>
         <value>0x7506</value>
         <object_component_ref idref="oc-1ed"/>
      </symbol>
      <symbol id="sm-36f">
         <name>__TI_frcdivd</name>
         <value>0x4000</value>
         <object_component_ref idref="oc-1f4"/>
      </symbol>
      <symbol id="sm-391">
         <name>__mspabi_mpyd</name>
         <value>0x4fe0</value>
         <object_component_ref idref="oc-1a0"/>
      </symbol>
      <symbol id="sm-39a">
         <name>__mspabi_subd</name>
         <value>0x7d46</value>
         <object_component_ref idref="oc-1a6"/>
      </symbol>
      <symbol id="sm-3a4">
         <name>C$$EXIT</name>
         <value>0x809e</value>
         <object_component_ref idref="oc-277"/>
      </symbol>
      <symbol id="sm-3a5">
         <name>abort</name>
         <value>0x809e</value>
         <object_component_ref idref="oc-277"/>
      </symbol>
      <symbol id="sm-3b5">
         <name>memcpy</name>
         <value>0x7fdc</value>
         <object_component_ref idref="oc-110"/>
      </symbol>
      <symbol id="sm-586">
         <name>__TI_printfi</name>
         <value>0x4ad2</value>
         <object_component_ref idref="oc-307"/>
      </symbol>
      <symbol id="sm-58e">
         <name>__mspabi_srai</name>
         <value>0x7dd0</value>
         <object_component_ref idref="oc-203"/>
      </symbol>
      <symbol id="sm-58f">
         <name>__mspabi_srai_8</name>
         <value>0x7dea</value>
         <object_component_ref idref="oc-203"/>
      </symbol>
      <symbol id="sm-590">
         <name>__mspabi_srai_9</name>
         <value>0x7de8</value>
         <object_component_ref idref="oc-203"/>
      </symbol>
      <symbol id="sm-591">
         <name>__mspabi_srai_6</name>
         <value>0x7dee</value>
         <object_component_ref idref="oc-203"/>
      </symbol>
      <symbol id="sm-592">
         <name>__mspabi_srai_7</name>
         <value>0x7dec</value>
         <object_component_ref idref="oc-203"/>
      </symbol>
      <symbol id="sm-593">
         <name>__mspabi_srai_4</name>
         <value>0x7df2</value>
         <object_component_ref idref="oc-203"/>
      </symbol>
      <symbol id="sm-594">
         <name>__mspabi_srai_5</name>
         <value>0x7df0</value>
         <object_component_ref idref="oc-203"/>
      </symbol>
      <symbol id="sm-595">
         <name>__mspabi_srai_2</name>
         <value>0x7df6</value>
         <object_component_ref idref="oc-203"/>
      </symbol>
      <symbol id="sm-596">
         <name>__mspabi_srai_3</name>
         <value>0x7df4</value>
         <object_component_ref idref="oc-203"/>
      </symbol>
      <symbol id="sm-597">
         <name>__mspabi_srai_1</name>
         <value>0x7df8</value>
         <object_component_ref idref="oc-203"/>
      </symbol>
      <symbol id="sm-598">
         <name>__mspabi_srai_15</name>
         <value>0x7ddc</value>
         <object_component_ref idref="oc-203"/>
      </symbol>
      <symbol id="sm-599">
         <name>__mspabi_srai_14</name>
         <value>0x7dde</value>
         <object_component_ref idref="oc-203"/>
      </symbol>
      <symbol id="sm-59a">
         <name>__mspabi_srai_13</name>
         <value>0x7de0</value>
         <object_component_ref idref="oc-203"/>
      </symbol>
      <symbol id="sm-59b">
         <name>__mspabi_srai_12</name>
         <value>0x7de2</value>
         <object_component_ref idref="oc-203"/>
      </symbol>
      <symbol id="sm-59c">
         <name>__mspabi_srai_11</name>
         <value>0x7de4</value>
         <object_component_ref idref="oc-203"/>
      </symbol>
      <symbol id="sm-59d">
         <name>__mspabi_srai_10</name>
         <value>0x7de6</value>
         <object_component_ref idref="oc-203"/>
      </symbol>
      <symbol id="sm-5ad">
         <name>__mspabi_sral</name>
         <value>0x801e</value>
         <object_component_ref idref="oc-366"/>
      </symbol>
      <symbol id="sm-5ae">
         <name>__mspabi_sral_15</name>
         <value>0x7bfa</value>
         <object_component_ref idref="oc-208"/>
      </symbol>
      <symbol id="sm-5af">
         <name>__mspabi_sral_14</name>
         <value>0x7bfe</value>
         <object_component_ref idref="oc-208"/>
      </symbol>
      <symbol id="sm-5b0">
         <name>__mspabi_sral_13</name>
         <value>0x7c02</value>
         <object_component_ref idref="oc-208"/>
      </symbol>
      <symbol id="sm-5b1">
         <name>__mspabi_sral_12</name>
         <value>0x7c06</value>
         <object_component_ref idref="oc-208"/>
      </symbol>
      <symbol id="sm-5b2">
         <name>__mspabi_sral_11</name>
         <value>0x7c0a</value>
         <object_component_ref idref="oc-208"/>
      </symbol>
      <symbol id="sm-5b3">
         <name>__mspabi_sral_10</name>
         <value>0x7c0e</value>
         <object_component_ref idref="oc-208"/>
      </symbol>
      <symbol id="sm-5b4">
         <name>__mspabi_sral_8</name>
         <value>0x7c16</value>
         <object_component_ref idref="oc-208"/>
      </symbol>
      <symbol id="sm-5b5">
         <name>__mspabi_sral_9</name>
         <value>0x7c12</value>
         <object_component_ref idref="oc-208"/>
      </symbol>
      <symbol id="sm-5b6">
         <name>__mspabi_sral_6</name>
         <value>0x7c1e</value>
         <object_component_ref idref="oc-208"/>
      </symbol>
      <symbol id="sm-5b7">
         <name>__mspabi_sral_7</name>
         <value>0x7c1a</value>
         <object_component_ref idref="oc-208"/>
      </symbol>
      <symbol id="sm-5b8">
         <name>__mspabi_sral_4</name>
         <value>0x7c26</value>
         <object_component_ref idref="oc-208"/>
      </symbol>
      <symbol id="sm-5b9">
         <name>__mspabi_sral_5</name>
         <value>0x7c22</value>
         <object_component_ref idref="oc-208"/>
      </symbol>
      <symbol id="sm-5ba">
         <name>__mspabi_sral_2</name>
         <value>0x7c2e</value>
         <object_component_ref idref="oc-208"/>
      </symbol>
      <symbol id="sm-5bb">
         <name>__mspabi_sral_3</name>
         <value>0x7c2a</value>
         <object_component_ref idref="oc-208"/>
      </symbol>
      <symbol id="sm-5bc">
         <name>__mspabi_sral_1</name>
         <value>0x7c32</value>
         <object_component_ref idref="oc-208"/>
      </symbol>
      <symbol id="sm-5c6">
         <name>__mspabi_remu</name>
         <value>0x7f40</value>
         <object_component_ref idref="oc-492"/>
      </symbol>
      <symbol id="sm-5c7">
         <name>__mspabi_divu</name>
         <value>0x7f40</value>
         <object_component_ref idref="oc-492"/>
      </symbol>
      <symbol id="sm-5d5">
         <name>__mspabi_remul</name>
         <value>0x7962</value>
         <object_component_ref idref="oc-48d"/>
      </symbol>
      <symbol id="sm-5d6">
         <name>__mspabi_divul</name>
         <value>0x7962</value>
         <object_component_ref idref="oc-48d"/>
      </symbol>
      <symbol id="sm-5e6">
         <name>__mspabi_slll_9</name>
         <value>0x7c50</value>
         <object_component_ref idref="oc-223"/>
      </symbol>
      <symbol id="sm-5e7">
         <name>__mspabi_slll_8</name>
         <value>0x7c54</value>
         <object_component_ref idref="oc-223"/>
      </symbol>
      <symbol id="sm-5e8">
         <name>__mspabi_slll_7</name>
         <value>0x7c58</value>
         <object_component_ref idref="oc-223"/>
      </symbol>
      <symbol id="sm-5e9">
         <name>__mspabi_slll_6</name>
         <value>0x7c5c</value>
         <object_component_ref idref="oc-223"/>
      </symbol>
      <symbol id="sm-5ea">
         <name>__mspabi_slll_5</name>
         <value>0x7c60</value>
         <object_component_ref idref="oc-223"/>
      </symbol>
      <symbol id="sm-5eb">
         <name>__mspabi_slll_4</name>
         <value>0x7c64</value>
         <object_component_ref idref="oc-223"/>
      </symbol>
      <symbol id="sm-5ec">
         <name>__mspabi_slll_3</name>
         <value>0x7c68</value>
         <object_component_ref idref="oc-223"/>
      </symbol>
      <symbol id="sm-5ed">
         <name>__mspabi_slll_2</name>
         <value>0x7c6c</value>
         <object_component_ref idref="oc-223"/>
      </symbol>
      <symbol id="sm-5ee">
         <name>__mspabi_slll_1</name>
         <value>0x7c70</value>
         <object_component_ref idref="oc-223"/>
      </symbol>
      <symbol id="sm-5ef">
         <name>__mspabi_slll</name>
         <value>0x802e</value>
         <object_component_ref idref="oc-35c"/>
      </symbol>
      <symbol id="sm-5f0">
         <name>__mspabi_slll_15</name>
         <value>0x7c38</value>
         <object_component_ref idref="oc-223"/>
      </symbol>
      <symbol id="sm-5f1">
         <name>__mspabi_slll_14</name>
         <value>0x7c3c</value>
         <object_component_ref idref="oc-223"/>
      </symbol>
      <symbol id="sm-5f2">
         <name>__mspabi_slll_13</name>
         <value>0x7c40</value>
         <object_component_ref idref="oc-223"/>
      </symbol>
      <symbol id="sm-5f3">
         <name>__mspabi_slll_12</name>
         <value>0x7c44</value>
         <object_component_ref idref="oc-223"/>
      </symbol>
      <symbol id="sm-5f4">
         <name>__mspabi_slll_11</name>
         <value>0x7c48</value>
         <object_component_ref idref="oc-223"/>
      </symbol>
      <symbol id="sm-5f5">
         <name>__mspabi_slll_10</name>
         <value>0x7c4c</value>
         <object_component_ref idref="oc-223"/>
      </symbol>
      <symbol id="sm-5fd">
         <name>__mspabi_srli_8</name>
         <value>0x7a84</value>
         <object_component_ref idref="oc-fb"/>
      </symbol>
      <symbol id="sm-5fe">
         <name>__mspabi_srli_9</name>
         <value>0x7a80</value>
         <object_component_ref idref="oc-fb"/>
      </symbol>
      <symbol id="sm-5ff">
         <name>__mspabi_srli_6</name>
         <value>0x7a8c</value>
         <object_component_ref idref="oc-fb"/>
      </symbol>
      <symbol id="sm-600">
         <name>__mspabi_srli_7</name>
         <value>0x7a88</value>
         <object_component_ref idref="oc-fb"/>
      </symbol>
      <symbol id="sm-601">
         <name>__mspabi_srli_4</name>
         <value>0x7a94</value>
         <object_component_ref idref="oc-fb"/>
      </symbol>
      <symbol id="sm-602">
         <name>__mspabi_srli_5</name>
         <value>0x7a90</value>
         <object_component_ref idref="oc-fb"/>
      </symbol>
      <symbol id="sm-603">
         <name>__mspabi_srli_2</name>
         <value>0x7a9c</value>
         <object_component_ref idref="oc-fb"/>
      </symbol>
      <symbol id="sm-604">
         <name>__mspabi_srli_3</name>
         <value>0x7a98</value>
         <object_component_ref idref="oc-fb"/>
      </symbol>
      <symbol id="sm-605">
         <name>__mspabi_srli_1</name>
         <value>0x7aa0</value>
         <object_component_ref idref="oc-fb"/>
      </symbol>
      <symbol id="sm-606">
         <name>__mspabi_srli</name>
         <value>0x7a5a</value>
         <object_component_ref idref="oc-fb"/>
      </symbol>
      <symbol id="sm-607">
         <name>__mspabi_srli_15</name>
         <value>0x7a68</value>
         <object_component_ref idref="oc-fb"/>
      </symbol>
      <symbol id="sm-608">
         <name>__mspabi_srli_14</name>
         <value>0x7a6c</value>
         <object_component_ref idref="oc-fb"/>
      </symbol>
      <symbol id="sm-609">
         <name>__mspabi_srli_13</name>
         <value>0x7a70</value>
         <object_component_ref idref="oc-fb"/>
      </symbol>
      <symbol id="sm-60a">
         <name>__mspabi_srli_12</name>
         <value>0x7a74</value>
         <object_component_ref idref="oc-fb"/>
      </symbol>
      <symbol id="sm-60b">
         <name>__mspabi_srli_11</name>
         <value>0x7a78</value>
         <object_component_ref idref="oc-fb"/>
      </symbol>
      <symbol id="sm-60c">
         <name>__mspabi_srli_10</name>
         <value>0x7a7c</value>
         <object_component_ref idref="oc-fb"/>
      </symbol>
      <symbol id="sm-61c">
         <name>__mspabi_srll_8</name>
         <value>0x78d8</value>
         <object_component_ref idref="oc-2b6"/>
      </symbol>
      <symbol id="sm-61d">
         <name>__mspabi_srll_9</name>
         <value>0x78d2</value>
         <object_component_ref idref="oc-2b6"/>
      </symbol>
      <symbol id="sm-61e">
         <name>__mspabi_srll_6</name>
         <value>0x78e4</value>
         <object_component_ref idref="oc-2b6"/>
      </symbol>
      <symbol id="sm-61f">
         <name>__mspabi_srll_7</name>
         <value>0x78de</value>
         <object_component_ref idref="oc-2b6"/>
      </symbol>
      <symbol id="sm-620">
         <name>__mspabi_srll_4</name>
         <value>0x78f0</value>
         <object_component_ref idref="oc-2b6"/>
      </symbol>
      <symbol id="sm-621">
         <name>__mspabi_srll_5</name>
         <value>0x78ea</value>
         <object_component_ref idref="oc-2b6"/>
      </symbol>
      <symbol id="sm-622">
         <name>__mspabi_srll_2</name>
         <value>0x78fc</value>
         <object_component_ref idref="oc-2b6"/>
      </symbol>
      <symbol id="sm-623">
         <name>__mspabi_srll_3</name>
         <value>0x78f6</value>
         <object_component_ref idref="oc-2b6"/>
      </symbol>
      <symbol id="sm-624">
         <name>__mspabi_srll_1</name>
         <value>0x7902</value>
         <object_component_ref idref="oc-2b6"/>
      </symbol>
      <symbol id="sm-625">
         <name>__mspabi_srll_15</name>
         <value>0x78ae</value>
         <object_component_ref idref="oc-2b6"/>
      </symbol>
      <symbol id="sm-626">
         <name>__mspabi_srll_14</name>
         <value>0x78b4</value>
         <object_component_ref idref="oc-2b6"/>
      </symbol>
      <symbol id="sm-627">
         <name>__mspabi_srll_13</name>
         <value>0x78ba</value>
         <object_component_ref idref="oc-2b6"/>
      </symbol>
      <symbol id="sm-628">
         <name>__mspabi_srll_12</name>
         <value>0x78c0</value>
         <object_component_ref idref="oc-2b6"/>
      </symbol>
      <symbol id="sm-629">
         <name>__mspabi_srll_11</name>
         <value>0x78c6</value>
         <object_component_ref idref="oc-2b6"/>
      </symbol>
      <symbol id="sm-62a">
         <name>__mspabi_srll_10</name>
         <value>0x78cc</value>
         <object_component_ref idref="oc-2b6"/>
      </symbol>
      <symbol id="sm-62b">
         <name>__mspabi_srll</name>
         <value>0x7fca</value>
         <object_component_ref idref="oc-361"/>
      </symbol>
      <symbol id="sm-63a">
         <name>__mspabi_srlll</name>
         <value>0x7aec</value>
         <object_component_ref idref="oc-497"/>
      </symbol>
      <symbol id="sm-66d">
         <name>__mspabi_divull</name>
         <value>0x4478</value>
         <object_component_ref idref="oc-487"/>
      </symbol>
      <symbol id="sm-68f">
         <name>__mspabi_addd</name>
         <value>0x47d8</value>
         <object_component_ref idref="oc-21c"/>
      </symbol>
      <symbol id="sm-6a9">
         <name>__mspabi_cmpd</name>
         <value>0x6db4</value>
         <object_component_ref idref="oc-46d"/>
      </symbol>
      <symbol id="sm-6b6">
         <name>__mspabi_fixdi</name>
         <value>0x7e52</value>
         <object_component_ref idref="oc-504"/>
      </symbol>
      <symbol id="sm-6c5">
         <name>__mspabi_fixdli</name>
         <value>0x770a</value>
         <object_component_ref idref="oc-4f2"/>
      </symbol>
      <symbol id="sm-6ce">
         <name>__mspabi_fltid</name>
         <value>0x8068</value>
         <object_component_ref idref="oc-528"/>
      </symbol>
      <symbol id="sm-6e5">
         <name>__mspabi_fltlid</name>
         <value>0x70c2</value>
         <object_component_ref idref="oc-4fe"/>
      </symbol>
      <symbol id="sm-706">
         <name>__TI_frcaddd</name>
         <value>0x54bc</value>
         <object_component_ref idref="oc-2d3"/>
      </symbol>
      <symbol id="sm-716">
         <name>__TI_frcmpyd</name>
         <value>0x4d5a</value>
         <object_component_ref idref="oc-214"/>
      </symbol>
      <symbol id="sm-71f">
         <name>__mspabi_negd</name>
         <value>0x7e28</value>
         <object_component_ref idref="oc-44f"/>
      </symbol>
      <symbol id="sm-732">
         <name>__TI_renormd</name>
         <value>0x6f54</value>
         <object_component_ref idref="oc-36b"/>
      </symbol>
      <symbol id="sm-741">
         <name>__TI_ltoa</name>
         <value>0x7590</value>
         <object_component_ref idref="oc-4f8"/>
      </symbol>
      <symbol id="sm-754">
         <name>atoi</name>
         <value>0x79ba</value>
         <object_component_ref idref="oc-3e6"/>
      </symbol>
      <symbol id="sm-75e">
         <name>_ctypes_</name>
         <value>0x80aa</value>
         <object_component_ref idref="oc-430"/>
      </symbol>
      <symbol id="sm-76d">
         <name>memccpy</name>
         <value>0x7e7a</value>
         <object_component_ref idref="oc-400"/>
      </symbol>
      <symbol id="sm-77b">
         <name>memset</name>
         <value>0x7f6a</value>
         <object_component_ref idref="oc-3ed"/>
      </symbol>
      <symbol id="sm-78a">
         <name>strchr</name>
         <value>0x7f26</value>
         <object_component_ref idref="oc-522"/>
      </symbol>
      <symbol id="sm-797">
         <name>strlen</name>
         <value>0x804e</value>
         <object_component_ref idref="oc-383"/>
      </symbol>
      <symbol id="sm-7a4">
         <name>toupper</name>
         <value>0x8074</value>
         <object_component_ref idref="oc-449"/>
      </symbol>
      <symbol id="sm-7ab">
         <name>errno</name>
         <value>0x1140</value>
         <object_component_ref idref="oc-40e"/>
      </symbol>
      <symbol id="sm-7b5">
         <name>abs</name>
         <value>0x8080</value>
         <object_component_ref idref="oc-50b"/>
      </symbol>
      <symbol id="sm-7cd">
         <name>wcslen</name>
         <value>0x7f92</value>
         <object_component_ref idref="oc-408"/>
      </symbol>
      <symbol id="sm-7e9">
         <name>frexpl</name>
         <value>0x7012</value>
         <object_component_ref idref="oc-4c7"/>
      </symbol>
      <symbol id="sm-7ea">
         <name>frexp</name>
         <value>0x7012</value>
         <object_component_ref idref="oc-4c7"/>
      </symbol>
      <symbol id="sm-802">
         <name>scalbn</name>
         <value>0x6692</value>
         <object_component_ref idref="oc-51c"/>
      </symbol>
      <symbol id="sm-803">
         <name>scalbnl</name>
         <value>0x6692</value>
         <object_component_ref idref="oc-51c"/>
      </symbol>
      <symbol id="sm-804">
         <name>ldexpl</name>
         <value>0x6692</value>
         <object_component_ref idref="oc-51c"/>
      </symbol>
      <symbol id="sm-805">
         <name>ldexp</name>
         <value>0x6692</value>
         <object_component_ref idref="oc-51c"/>
      </symbol>
      <symbol id="sm-811">
         <name>__mspabi_remli</name>
         <value>0x7bba</value>
         <object_component_ref idref="oc-533"/>
      </symbol>
      <symbol id="sm-812">
         <name>__mspabi_divli</name>
         <value>0x7bba</value>
         <object_component_ref idref="oc-533"/>
      </symbol>
      <symbol id="sm-81f">
         <name>__mspabi_sllll</name>
         <value>0x7b76</value>
         <object_component_ref idref="oc-4e0"/>
      </symbol>
      <symbol id="sm-828">
         <name>copysign</name>
         <value>0x7d74</value>
         <object_component_ref idref="oc-545"/>
      </symbol>
      <symbol id="sm-829">
         <name>copysignl</name>
         <value>0x7d74</value>
         <object_component_ref idref="oc-545"/>
      </symbol>
   </symbol_table>
   <title>Link successful</title>
</link_info>
