<?xml version="1.0" encoding="ISO-8859-1" ?>
<link_info>
   <banner>MSP430 Linker PC v20.2.0.LTS</banner>
   <copyright>Copyright (c) 2003-2018 Texas Instruments Incorporated</copyright>
   <link_time>0x5ebfa053</link_time>
   <link_errors>0x0</link_errors>
   <output_file>MSP430-ADC+CURRENT.out</output_file>
   <entry_point>
      <name>_c_int00_noargs</name>
      <address>0x7ec4</address>
   </entry_point>
   <input_file_list>
      <input_file id="fl-2">
         <path>.\</path>
         <kind>object</kind>
         <file>I2C.obj</file>
         <name>I2C.obj</name>
      </input_file>
      <input_file id="fl-3">
         <path>.\</path>
         <kind>object</kind>
         <file>analogsensors.obj</file>
         <name>analogsensors.obj</name>
      </input_file>
      <input_file id="fl-4">
         <path>.\</path>
         <kind>object</kind>
         <file>keys.obj</file>
         <name>keys.obj</name>
      </input_file>
      <input_file id="fl-5">
         <path>.\</path>
         <kind>object</kind>
         <file>lcd.obj</file>
         <name>lcd.obj</name>
      </input_file>
      <input_file id="fl-6">
         <path>.\</path>
         <kind>object</kind>
         <file>leds.obj</file>
         <name>leds.obj</name>
      </input_file>
      <input_file id="fl-7">
         <path>.\</path>
         <kind>object</kind>
         <file>main.obj</file>
         <name>main.obj</name>
      </input_file>
      <input_file id="fl-8">
         <path>.\</path>
         <kind>object</kind>
         <file>msp430_initialize_unused_interrrupt_vectors.obj</file>
         <name>msp430_initialize_unused_interrrupt_vectors.obj</name>
      </input_file>
      <input_file id="fl-9">
         <path>.\</path>
         <kind>object</kind>
         <file>sysfunc.obj</file>
         <name>sysfunc.obj</name>
      </input_file>
      <input_file id="fl-a">
         <path>.\</path>
         <kind>object</kind>
         <file>uart.obj</file>
         <name>uart.obj</name>
      </input_file>
      <input_file id="fl-f">
         <kind>object</kind>
         <file>&lt;internal&gt;</file>
         <name>&lt;internal&gt;</name>
      </input_file>
      <input_file id="fl-25">
         <path>C:\ti\ccs1000\ccs\tools\compiler\ti-cgt-msp430_20.2.0.LTS\lib\</path>
         <kind>archive</kind>
         <file>rts430_eabi.lib</file>
         <name>sprintf.c.obj</name>
      </input_file>
      <input_file id="fl-26">
         <path>C:\ti\ccs1000\ccs\tools\compiler\ti-cgt-msp430_20.2.0.LTS\lib\</path>
         <kind>archive</kind>
         <file>rts430_eabi.lib</file>
         <name>epilog.asm.obj</name>
      </input_file>
      <input_file id="fl-27">
         <path>C:\ti\ccs1000\ccs\tools\compiler\ti-cgt-msp430_20.2.0.LTS\lib\</path>
         <kind>archive</kind>
         <file>rts430_eabi.lib</file>
         <name>int05.asm.obj</name>
      </input_file>
      <input_file id="fl-28">
         <path>C:\ti\ccs1000\ccs\tools\compiler\ti-cgt-msp430_20.2.0.LTS\lib\</path>
         <kind>archive</kind>
         <file>rts430_eabi.lib</file>
         <name>int09.asm.obj</name>
      </input_file>
      <input_file id="fl-29">
         <path>C:\ti\ccs1000\ccs\tools\compiler\ti-cgt-msp430_20.2.0.LTS\lib\</path>
         <kind>archive</kind>
         <file>rts430_eabi.lib</file>
         <name>isr_trap.asm.obj</name>
      </input_file>
      <input_file id="fl-2a">
         <path>C:\ti\ccs1000\ccs\tools\compiler\ti-cgt-msp430_20.2.0.LTS\lib\</path>
         <kind>archive</kind>
         <file>rts430_eabi.lib</file>
         <name>lsl16.asm.obj</name>
      </input_file>
      <input_file id="fl-2b">
         <path>C:\ti\ccs1000\ccs\tools\compiler\ti-cgt-msp430_20.2.0.LTS\lib\</path>
         <kind>archive</kind>
         <file>rts430_eabi.lib</file>
         <name>mult16.asm.obj</name>
      </input_file>
      <input_file id="fl-2c">
         <path>C:\ti\ccs1000\ccs\tools\compiler\ti-cgt-msp430_20.2.0.LTS\lib\</path>
         <kind>archive</kind>
         <file>rts430_eabi.lib</file>
         <name>mult16_hw.asm.obj</name>
      </input_file>
      <input_file id="fl-2d">
         <path>C:\ti\ccs1000\ccs\tools\compiler\ti-cgt-msp430_20.2.0.LTS\lib\</path>
         <kind>archive</kind>
         <file>rts430_eabi.lib</file>
         <name>mult1632_hw.asm.obj</name>
      </input_file>
      <input_file id="fl-2e">
         <path>C:\ti\ccs1000\ccs\tools\compiler\ti-cgt-msp430_20.2.0.LTS\lib\</path>
         <kind>archive</kind>
         <file>rts430_eabi.lib</file>
         <name>mult32_hw.asm.obj</name>
      </input_file>
      <input_file id="fl-2f">
         <path>C:\ti\ccs1000\ccs\tools\compiler\ti-cgt-msp430_20.2.0.LTS\lib\</path>
         <kind>archive</kind>
         <file>rts430_eabi.lib</file>
         <name>mult3264_hw.asm.obj</name>
      </input_file>
      <input_file id="fl-30">
         <path>C:\ti\ccs1000\ccs\tools\compiler\ti-cgt-msp430_20.2.0.LTS\lib\</path>
         <kind>archive</kind>
         <file>rts430_eabi.lib</file>
         <name>mult64_hw.asm.obj</name>
      </input_file>
      <input_file id="fl-31">
         <path>C:\ti\ccs1000\ccs\tools\compiler\ti-cgt-msp430_20.2.0.LTS\lib\</path>
         <kind>archive</kind>
         <file>rts430_eabi.lib</file>
         <name>boot.c.obj</name>
      </input_file>
      <input_file id="fl-32">
         <path>C:\ti\ccs1000\ccs\tools\compiler\ti-cgt-msp430_20.2.0.LTS\lib\</path>
         <kind>archive</kind>
         <file>rts430_eabi.lib</file>
         <name>autoinit.c.obj</name>
      </input_file>
      <input_file id="fl-33">
         <path>C:\ti\ccs1000\ccs\tools\compiler\ti-cgt-msp430_20.2.0.LTS\lib\</path>
         <kind>archive</kind>
         <file>rts430_eabi.lib</file>
         <name>copy_zero_init.c.obj</name>
      </input_file>
      <input_file id="fl-34">
         <path>C:\ti\ccs1000\ccs\tools\compiler\ti-cgt-msp430_20.2.0.LTS\lib\</path>
         <kind>archive</kind>
         <file>rts430_eabi.lib</file>
         <name>cpy_tbl.c.obj</name>
      </input_file>
      <input_file id="fl-35">
         <path>C:\ti\ccs1000\ccs\tools\compiler\ti-cgt-msp430_20.2.0.LTS\lib\</path>
         <kind>archive</kind>
         <file>rts430_eabi.lib</file>
         <name>mpu_init.c.obj</name>
      </input_file>
      <input_file id="fl-36">
         <path>C:\ti\ccs1000\ccs\tools\compiler\ti-cgt-msp430_20.2.0.LTS\lib\</path>
         <kind>archive</kind>
         <file>rts430_eabi.lib</file>
         <name>pre_init.c.obj</name>
      </input_file>
      <input_file id="fl-37">
         <path>C:\ti\ccs1000\ccs\tools\compiler\ti-cgt-msp430_20.2.0.LTS\lib\</path>
         <kind>archive</kind>
         <file>rts430_eabi.lib</file>
         <name>startup.c.obj</name>
      </input_file>
      <input_file id="fl-38">
         <path>C:\ti\ccs1000\ccs\tools\compiler\ti-cgt-msp430_20.2.0.LTS\lib\</path>
         <kind>archive</kind>
         <file>rts430_eabi.lib</file>
         <name>copy_decompress_none.c.obj</name>
      </input_file>
      <input_file id="fl-39">
         <path>C:\ti\ccs1000\ccs\tools\compiler\ti-cgt-msp430_20.2.0.LTS\lib\</path>
         <kind>archive</kind>
         <file>rts430_eabi.lib</file>
         <name>copy_decompress_lzss.c.obj</name>
      </input_file>
      <input_file id="fl-3a">
         <path>C:\ti\ccs1000\ccs\tools\compiler\ti-cgt-msp430_20.2.0.LTS\lib\</path>
         <kind>archive</kind>
         <file>rts430_eabi.lib</file>
         <name>cvtdf.c.obj</name>
      </input_file>
      <input_file id="fl-3b">
         <path>C:\ti\ccs1000\ccs\tools\compiler\ti-cgt-msp430_20.2.0.LTS\lib\</path>
         <kind>archive</kind>
         <file>rts430_eabi.lib</file>
         <name>cvtfd.c.obj</name>
      </input_file>
      <input_file id="fl-3c">
         <path>C:\ti\ccs1000\ccs\tools\compiler\ti-cgt-msp430_20.2.0.LTS\lib\</path>
         <kind>archive</kind>
         <file>rts430_eabi.lib</file>
         <name>divd.c.obj</name>
      </input_file>
      <input_file id="fl-3d">
         <path>C:\ti\ccs1000\ccs\tools\compiler\ti-cgt-msp430_20.2.0.LTS\lib\</path>
         <kind>archive</kind>
         <file>rts430_eabi.lib</file>
         <name>fltud.c.obj</name>
      </input_file>
      <input_file id="fl-3e">
         <path>C:\ti\ccs1000\ccs\tools\compiler\ti-cgt-msp430_20.2.0.LTS\lib\</path>
         <kind>archive</kind>
         <file>rts430_eabi.lib</file>
         <name>fltuld.c.obj</name>
      </input_file>
      <input_file id="fl-3f">
         <path>C:\ti\ccs1000\ccs\tools\compiler\ti-cgt-msp430_20.2.0.LTS\lib\</path>
         <kind>archive</kind>
         <file>rts430_eabi.lib</file>
         <name>frcdivd.c.obj</name>
      </input_file>
      <input_file id="fl-40">
         <path>C:\ti\ccs1000\ccs\tools\compiler\ti-cgt-msp430_20.2.0.LTS\lib\</path>
         <kind>archive</kind>
         <file>rts430_eabi.lib</file>
         <name>mpyd.c.obj</name>
      </input_file>
      <input_file id="fl-41">
         <path>C:\ti\ccs1000\ccs\tools\compiler\ti-cgt-msp430_20.2.0.LTS\lib\</path>
         <kind>archive</kind>
         <file>rts430_eabi.lib</file>
         <name>subd.c.obj</name>
      </input_file>
      <input_file id="fl-42">
         <path>C:\ti\ccs1000\ccs\tools\compiler\ti-cgt-msp430_20.2.0.LTS\lib\</path>
         <kind>archive</kind>
         <file>rts430_eabi.lib</file>
         <name>exit.c.obj</name>
      </input_file>
      <input_file id="fl-43">
         <path>C:\ti\ccs1000\ccs\tools\compiler\ti-cgt-msp430_20.2.0.LTS\lib\</path>
         <kind>archive</kind>
         <file>rts430_eabi.lib</file>
         <name>_lock.c.obj</name>
      </input_file>
      <input_file id="fl-44">
         <path>C:\ti\ccs1000\ccs\tools\compiler\ti-cgt-msp430_20.2.0.LTS\lib\</path>
         <kind>archive</kind>
         <file>rts430_eabi.lib</file>
         <name>args_main.c.obj</name>
      </input_file>
      <input_file id="fl-45">
         <path>C:\ti\ccs1000\ccs\tools\compiler\ti-cgt-msp430_20.2.0.LTS\lib\</path>
         <kind>archive</kind>
         <file>rts430_eabi.lib</file>
         <name>memcpy.c.obj</name>
      </input_file>
      <input_file id="fl-46">
         <path>C:\ti\ccs1000\ccs\tools\compiler\ti-cgt-msp430_20.2.0.LTS\lib\</path>
         <kind>archive</kind>
         <file>rts430_eabi.lib</file>
         <name>_printfi.c.obj</name>
      </input_file>
      <input_file id="fl-47">
         <path>C:\ti\ccs1000\ccs\tools\compiler\ti-cgt-msp430_20.2.0.LTS\lib\</path>
         <kind>archive</kind>
         <file>rts430_eabi.lib</file>
         <name>asr16.asm.obj</name>
      </input_file>
      <input_file id="fl-48">
         <path>C:\ti\ccs1000\ccs\tools\compiler\ti-cgt-msp430_20.2.0.LTS\lib\</path>
         <kind>archive</kind>
         <file>rts430_eabi.lib</file>
         <name>asr32.asm.obj</name>
      </input_file>
      <input_file id="fl-49">
         <path>C:\ti\ccs1000\ccs\tools\compiler\ti-cgt-msp430_20.2.0.LTS\lib\</path>
         <kind>archive</kind>
         <file>rts430_eabi.lib</file>
         <name>div16u.asm.obj</name>
      </input_file>
      <input_file id="fl-4a">
         <path>C:\ti\ccs1000\ccs\tools\compiler\ti-cgt-msp430_20.2.0.LTS\lib\</path>
         <kind>archive</kind>
         <file>rts430_eabi.lib</file>
         <name>div32u.asm.obj</name>
      </input_file>
      <input_file id="fl-4b">
         <path>C:\ti\ccs1000\ccs\tools\compiler\ti-cgt-msp430_20.2.0.LTS\lib\</path>
         <kind>archive</kind>
         <file>rts430_eabi.lib</file>
         <name>lsl32.asm.obj</name>
      </input_file>
      <input_file id="fl-4c">
         <path>C:\ti\ccs1000\ccs\tools\compiler\ti-cgt-msp430_20.2.0.LTS\lib\</path>
         <kind>archive</kind>
         <file>rts430_eabi.lib</file>
         <name>lsr16.asm.obj</name>
      </input_file>
      <input_file id="fl-4d">
         <path>C:\ti\ccs1000\ccs\tools\compiler\ti-cgt-msp430_20.2.0.LTS\lib\</path>
         <kind>archive</kind>
         <file>rts430_eabi.lib</file>
         <name>lsr32.asm.obj</name>
      </input_file>
      <input_file id="fl-4e">
         <path>C:\ti\ccs1000\ccs\tools\compiler\ti-cgt-msp430_20.2.0.LTS\lib\</path>
         <kind>archive</kind>
         <file>rts430_eabi.lib</file>
         <name>mult32.asm.obj</name>
      </input_file>
      <input_file id="fl-4f">
         <path>C:\ti\ccs1000\ccs\tools\compiler\ti-cgt-msp430_20.2.0.LTS\lib\</path>
         <kind>archive</kind>
         <file>rts430_eabi.lib</file>
         <name>exit_gvars.c.obj</name>
      </input_file>
      <input_file id="fl-50">
         <path>C:\ti\ccs1000\ccs\tools\compiler\ti-cgt-msp430_20.2.0.LTS\lib\</path>
         <kind>archive</kind>
         <file>rts430_eabi.lib</file>
         <name>lsr64.c.obj</name>
      </input_file>
      <input_file id="fl-51">
         <path>C:\ti\ccs1000\ccs\tools\compiler\ti-cgt-msp430_20.2.0.LTS\lib\</path>
         <kind>archive</kind>
         <file>rts430_eabi.lib</file>
         <name>div64u.c.obj</name>
      </input_file>
      <input_file id="fl-52">
         <path>C:\ti\ccs1000\ccs\tools\compiler\ti-cgt-msp430_20.2.0.LTS\lib\</path>
         <kind>archive</kind>
         <file>rts430_eabi.lib</file>
         <name>addd.c.obj</name>
      </input_file>
      <input_file id="fl-53">
         <path>C:\ti\ccs1000\ccs\tools\compiler\ti-cgt-msp430_20.2.0.LTS\lib\</path>
         <kind>archive</kind>
         <file>rts430_eabi.lib</file>
         <name>cmpd.c.obj</name>
      </input_file>
      <input_file id="fl-54">
         <path>C:\ti\ccs1000\ccs\tools\compiler\ti-cgt-msp430_20.2.0.LTS\lib\</path>
         <kind>archive</kind>
         <file>rts430_eabi.lib</file>
         <name>fixdi.c.obj</name>
      </input_file>
      <input_file id="fl-55">
         <path>C:\ti\ccs1000\ccs\tools\compiler\ti-cgt-msp430_20.2.0.LTS\lib\</path>
         <kind>archive</kind>
         <file>rts430_eabi.lib</file>
         <name>fixdli.c.obj</name>
      </input_file>
      <input_file id="fl-56">
         <path>C:\ti\ccs1000\ccs\tools\compiler\ti-cgt-msp430_20.2.0.LTS\lib\</path>
         <kind>archive</kind>
         <file>rts430_eabi.lib</file>
         <name>fltid.c.obj</name>
      </input_file>
      <input_file id="fl-57">
         <path>C:\ti\ccs1000\ccs\tools\compiler\ti-cgt-msp430_20.2.0.LTS\lib\</path>
         <kind>archive</kind>
         <file>rts430_eabi.lib</file>
         <name>fltlid.c.obj</name>
      </input_file>
      <input_file id="fl-58">
         <path>C:\ti\ccs1000\ccs\tools\compiler\ti-cgt-msp430_20.2.0.LTS\lib\</path>
         <kind>archive</kind>
         <file>rts430_eabi.lib</file>
         <name>frcaddd.c.obj</name>
      </input_file>
      <input_file id="fl-59">
         <path>C:\ti\ccs1000\ccs\tools\compiler\ti-cgt-msp430_20.2.0.LTS\lib\</path>
         <kind>archive</kind>
         <file>rts430_eabi.lib</file>
         <name>frcmpyd.c.obj</name>
      </input_file>
      <input_file id="fl-5a">
         <path>C:\ti\ccs1000\ccs\tools\compiler\ti-cgt-msp430_20.2.0.LTS\lib\</path>
         <kind>archive</kind>
         <file>rts430_eabi.lib</file>
         <name>negd.c.obj</name>
      </input_file>
      <input_file id="fl-5b">
         <path>C:\ti\ccs1000\ccs\tools\compiler\ti-cgt-msp430_20.2.0.LTS\lib\</path>
         <kind>archive</kind>
         <file>rts430_eabi.lib</file>
         <name>renormd.c.obj</name>
      </input_file>
      <input_file id="fl-5c">
         <path>C:\ti\ccs1000\ccs\tools\compiler\ti-cgt-msp430_20.2.0.LTS\lib\</path>
         <kind>archive</kind>
         <file>rts430_eabi.lib</file>
         <name>_ltoa.c.obj</name>
      </input_file>
      <input_file id="fl-5d">
         <path>C:\ti\ccs1000\ccs\tools\compiler\ti-cgt-msp430_20.2.0.LTS\lib\</path>
         <kind>archive</kind>
         <file>rts430_eabi.lib</file>
         <name>atoi.c.obj</name>
      </input_file>
      <input_file id="fl-5e">
         <path>C:\ti\ccs1000\ccs\tools\compiler\ti-cgt-msp430_20.2.0.LTS\lib\</path>
         <kind>archive</kind>
         <file>rts430_eabi.lib</file>
         <name>ctype.c.obj</name>
      </input_file>
      <input_file id="fl-5f">
         <path>C:\ti\ccs1000\ccs\tools\compiler\ti-cgt-msp430_20.2.0.LTS\lib\</path>
         <kind>archive</kind>
         <file>rts430_eabi.lib</file>
         <name>memccpy.c.obj</name>
      </input_file>
      <input_file id="fl-60">
         <path>C:\ti\ccs1000\ccs\tools\compiler\ti-cgt-msp430_20.2.0.LTS\lib\</path>
         <kind>archive</kind>
         <file>rts430_eabi.lib</file>
         <name>memset.c.obj</name>
      </input_file>
      <input_file id="fl-61">
         <path>C:\ti\ccs1000\ccs\tools\compiler\ti-cgt-msp430_20.2.0.LTS\lib\</path>
         <kind>archive</kind>
         <file>rts430_eabi.lib</file>
         <name>strchr.c.obj</name>
      </input_file>
      <input_file id="fl-62">
         <path>C:\ti\ccs1000\ccs\tools\compiler\ti-cgt-msp430_20.2.0.LTS\lib\</path>
         <kind>archive</kind>
         <file>rts430_eabi.lib</file>
         <name>strlen.c.obj</name>
      </input_file>
      <input_file id="fl-63">
         <path>C:\ti\ccs1000\ccs\tools\compiler\ti-cgt-msp430_20.2.0.LTS\lib\</path>
         <kind>archive</kind>
         <file>rts430_eabi.lib</file>
         <name>toupper.c.obj</name>
      </input_file>
      <input_file id="fl-64">
         <path>C:\ti\ccs1000\ccs\tools\compiler\ti-cgt-msp430_20.2.0.LTS\lib\</path>
         <kind>archive</kind>
         <file>rts430_eabi.lib</file>
         <name>errno.c.obj</name>
      </input_file>
      <input_file id="fl-65">
         <path>C:\ti\ccs1000\ccs\tools\compiler\ti-cgt-msp430_20.2.0.LTS\lib\</path>
         <kind>archive</kind>
         <file>rts430_eabi.lib</file>
         <name>abs.c.obj</name>
      </input_file>
      <input_file id="fl-66">
         <path>C:\ti\ccs1000\ccs\tools\compiler\ti-cgt-msp430_20.2.0.LTS\lib\</path>
         <kind>archive</kind>
         <file>rts430_eabi.lib</file>
         <name>wcslen.c.obj</name>
      </input_file>
      <input_file id="fl-67">
         <path>C:\ti\ccs1000\ccs\tools\compiler\ti-cgt-msp430_20.2.0.LTS\lib\</path>
         <kind>archive</kind>
         <file>rts430_eabi.lib</file>
         <name>s_frexp.c.obj</name>
      </input_file>
      <input_file id="fl-68">
         <path>C:\ti\ccs1000\ccs\tools\compiler\ti-cgt-msp430_20.2.0.LTS\lib\</path>
         <kind>archive</kind>
         <file>rts430_eabi.lib</file>
         <name>s_scalbn.c.obj</name>
      </input_file>
      <input_file id="fl-69">
         <path>C:\ti\ccs1000\ccs\tools\compiler\ti-cgt-msp430_20.2.0.LTS\lib\</path>
         <kind>archive</kind>
         <file>rts430_eabi.lib</file>
         <name>div32s.asm.obj</name>
      </input_file>
      <input_file id="fl-6a">
         <path>C:\ti\ccs1000\ccs\tools\compiler\ti-cgt-msp430_20.2.0.LTS\lib\</path>
         <kind>archive</kind>
         <file>rts430_eabi.lib</file>
         <name>lsl64.c.obj</name>
      </input_file>
      <input_file id="fl-6b">
         <path>C:\ti\ccs1000\ccs\tools\compiler\ti-cgt-msp430_20.2.0.LTS\lib\</path>
         <kind>archive</kind>
         <file>rts430_eabi.lib</file>
         <name>s_copysign.c.obj</name>
      </input_file>
   </input_file_list>
   <object_component_list>
      <object_component id="oc-2f6">
         <name>.common:LCD_row</name>
         <uninitialized>true</uninitialized>
         <run_address>0x1153</run_address>
         <size>0x1</size>
      </object_component>
      <object_component id="oc-2f9">
         <name>.common:LCD_col</name>
         <uninitialized>true</uninitialized>
         <run_address>0x1152</run_address>
         <size>0x1</size>
      </object_component>
      <object_component id="oc-30f">
         <name>.common:n</name>
         <uninitialized>true</uninitialized>
         <run_address>0x1154</run_address>
         <size>0x1</size>
      </object_component>
      <object_component id="oc-1b8">
         <name>.common:BufTptr</name>
         <uninitialized>true</uninitialized>
         <run_address>0x114c</run_address>
         <size>0x2</size>
      </object_component>
      <object_component id="oc-1b7">
         <name>.common:BufRptr</name>
         <uninitialized>true</uninitialized>
         <run_address>0x114a</run_address>
         <size>0x2</size>
      </object_component>
      <object_component id="oc-31d">
         <name>.common:wait_i</name>
         <uninitialized>true</uninitialized>
         <run_address>0x114e</run_address>
         <size>0x2</size>
      </object_component>
      <object_component id="oc-31e">
         <name>.common:wait_j</name>
         <uninitialized>true</uninitialized>
         <run_address>0x1150</run_address>
         <size>0x2</size>
      </object_component>
      <object_component id="oc-1b2">
         <name>.common:rh</name>
         <uninitialized>true</uninitialized>
         <run_address>0x1146</run_address>
         <size>0x4</size>
      </object_component>
      <object_component id="oc-1b5">
         <name>.common:curr</name>
         <uninitialized>true</uninitialized>
         <run_address>0x1142</run_address>
         <size>0x4</size>
      </object_component>
      <object_component id="oc-3af">
         <name>.data:LCD_table</name>
         <load_address>0x1100</load_address>
         <run_address>0x1100</run_address>
         <size>0x40</size>
         <input_file_ref idref="fl-5"/>
      </object_component>
      <object_component id="oc-40e">
         <name>.data</name>
         <load_address>0x1140</load_address>
         <run_address>0x1140</run_address>
         <size>0x2</size>
         <input_file_ref idref="fl-64"/>
      </object_component>
      <object_component id="oc-f2">
         <name>.stack</name>
         <uninitialized>true</uninitialized>
         <run_address>0x370c</run_address>
         <size>0x2</size>
         <input_file_ref idref="fl-31"/>
      </object_component>
      <object_component id="oc-598">
         <name>.stack</name>
         <uninitialized>true</uninitialized>
         <run_address>0x370c</run_address>
         <size>0x0</size>
      </object_component>
      <object_component id="oc-1f4">
         <name>.text:__TI_frcdivd</name>
         <load_address>0x4000</load_address>
         <run_address>0x4000</run_address>
         <size>0x478</size>
         <input_file_ref idref="fl-3f"/>
      </object_component>
      <object_component id="oc-487">
         <name>.text:__mspabi_divull</name>
         <load_address>0x4478</load_address>
         <run_address>0x4478</run_address>
         <size>0x360</size>
         <input_file_ref idref="fl-51"/>
      </object_component>
      <object_component id="oc-21c">
         <name>.text:__mspabi_addd</name>
         <load_address>0x47d8</load_address>
         <run_address>0x47d8</run_address>
         <size>0x2fa</size>
         <input_file_ref idref="fl-52"/>
      </object_component>
      <object_component id="oc-307">
         <name>.text:__TI_printfi</name>
         <load_address>0x4ad2</load_address>
         <run_address>0x4ad2</run_address>
         <size>0x288</size>
         <input_file_ref idref="fl-46"/>
      </object_component>
      <object_component id="oc-214">
         <name>.text:__TI_frcmpyd</name>
         <load_address>0x4d5a</load_address>
         <run_address>0x4d5a</run_address>
         <size>0x286</size>
         <input_file_ref idref="fl-59"/>
      </object_component>
      <object_component id="oc-1a0">
         <name>.text:__mspabi_mpyd</name>
         <load_address>0x4fe0</load_address>
         <run_address>0x4fe0</run_address>
         <size>0x26e</size>
         <input_file_ref idref="fl-40"/>
      </object_component>
      <object_component id="oc-3fa">
         <name>.text:_pproc_fgea</name>
         <load_address>0x524e</load_address>
         <run_address>0x524e</run_address>
         <size>0x26e</size>
         <input_file_ref idref="fl-46"/>
      </object_component>
      <object_component id="oc-2d3">
         <name>.text:__TI_frcaddd</name>
         <load_address>0x54bc</load_address>
         <run_address>0x54bc</run_address>
         <size>0x260</size>
         <input_file_ref idref="fl-58"/>
      </object_component>
      <object_component id="oc-38f">
         <name>.text:_setfield</name>
         <load_address>0x571c</load_address>
         <run_address>0x571c</run_address>
         <size>0x252</size>
         <input_file_ref idref="fl-46"/>
      </object_component>
      <object_component id="oc-4cd">
         <name>.text:acvt</name>
         <load_address>0x596e</load_address>
         <run_address>0x596e</run_address>
         <size>0x244</size>
         <input_file_ref idref="fl-46"/>
      </object_component>
      <object_component id="oc-191">
         <name>.text:__mspabi_divd</name>
         <load_address>0x5bb2</load_address>
         <run_address>0x5bb2</run_address>
         <size>0x238</size>
         <input_file_ref idref="fl-3c"/>
      </object_component>
      <object_component id="oc-437">
         <name>.text:_getarg_diouxp</name>
         <load_address>0x5dea</load_address>
         <run_address>0x5dea</run_address>
         <size>0x1ec</size>
         <input_file_ref idref="fl-46"/>
      </object_component>
      <object_component id="oc-4a6">
         <name>.text:ecvt</name>
         <load_address>0x5fd6</load_address>
         <run_address>0x5fd6</run_address>
         <size>0x1de</size>
         <input_file_ref idref="fl-46"/>
      </object_component>
      <object_component id="oc-4b9">
         <name>.text:fcvt</name>
         <load_address>0x61b4</load_address>
         <run_address>0x61b4</run_address>
         <size>0x1c4</size>
         <input_file_ref idref="fl-46"/>
      </object_component>
      <object_component id="oc-461">
         <name>.text:_pconv_e</name>
         <load_address>0x6378</load_address>
         <run_address>0x6378</run_address>
         <size>0x1a6</size>
         <input_file_ref idref="fl-46"/>
      </object_component>
      <object_component id="oc-467">
         <name>.text:_pconv_a</name>
         <load_address>0x651e</load_address>
         <run_address>0x651e</run_address>
         <size>0x174</size>
         <input_file_ref idref="fl-46"/>
      </object_component>
      <object_component id="oc-51c">
         <name>.text:scalbn</name>
         <load_address>0x6692</load_address>
         <run_address>0x6692</run_address>
         <size>0x16a</size>
         <input_file_ref idref="fl-68"/>
      </object_component>
      <object_component id="oc-128">
         <name>.text:ADC_interrupt</name>
         <load_address>0x67fc</load_address>
         <run_address>0x67fc</run_address>
         <size>0x156</size>
         <input_file_ref idref="fl-7"/>
      </object_component>
      <object_component id="oc-3f4">
         <name>.text:_pproc_diouxp</name>
         <load_address>0x6952</load_address>
         <run_address>0x6952</run_address>
         <size>0x14c</size>
         <input_file_ref idref="fl-46"/>
      </object_component>
      <object_component id="oc-43d">
         <name>.text:_ltostr</name>
         <load_address>0x6a9e</load_address>
         <run_address>0x6a9e</run_address>
         <size>0x12e</size>
         <input_file_ref idref="fl-46"/>
      </object_component>
      <object_component id="oc-455">
         <name>.text:_pconv_g</name>
         <load_address>0x6bcc</load_address>
         <run_address>0x6bcc</run_address>
         <size>0xf8</size>
         <input_file_ref idref="fl-46"/>
      </object_component>
      <object_component id="oc-389">
         <name>.text:_pproc_fwp</name>
         <load_address>0x6cc4</load_address>
         <run_address>0x6cc4</run_address>
         <size>0xe0</size>
         <input_file_ref idref="fl-46"/>
      </object_component>
      <object_component id="oc-46d">
         <name>.text:__mspabi_cmpd</name>
         <load_address>0x6da4</load_address>
         <run_address>0x6da4</run_address>
         <size>0xdc</size>
         <input_file_ref idref="fl-53"/>
      </object_component>
      <object_component id="oc-39b">
         <name>.text:_pproc_wstr</name>
         <load_address>0x6e80</load_address>
         <run_address>0x6e80</run_address>
         <size>0xc4</size>
         <input_file_ref idref="fl-46"/>
      </object_component>
      <object_component id="oc-36b">
         <name>.text:__TI_renormd</name>
         <load_address>0x6f44</load_address>
         <run_address>0x6f44</run_address>
         <size>0xbe</size>
         <input_file_ref idref="fl-5b"/>
      </object_component>
      <object_component id="oc-4c7">
         <name>.text:frexp</name>
         <load_address>0x7002</load_address>
         <run_address>0x7002</run_address>
         <size>0xb0</size>
         <input_file_ref idref="fl-67"/>
      </object_component>
      <object_component id="oc-4fe">
         <name>.text:__mspabi_fltlid</name>
         <load_address>0x70b2</load_address>
         <run_address>0x70b2</run_address>
         <size>0xac</size>
         <input_file_ref idref="fl-57"/>
      </object_component>
      <object_component id="oc-395">
         <name>.text:_pproc_str</name>
         <load_address>0x715e</load_address>
         <run_address>0x715e</run_address>
         <size>0xac</size>
         <input_file_ref idref="fl-46"/>
      </object_component>
      <object_component id="oc-1c8">
         <name>.text:main</name>
         <load_address>0x720a</load_address>
         <run_address>0x720a</run_address>
         <size>0xac</size>
         <input_file_ref idref="fl-7"/>
      </object_component>
      <object_component id="oc-377">
         <name>.text:LCD_WriteByte</name>
         <load_address>0x72b6</load_address>
         <run_address>0x72b6</run_address>
         <size>0x94</size>
         <input_file_ref idref="fl-5"/>
      </object_component>
      <object_component id="oc-4b2">
         <name>.text:_mcpy</name>
         <load_address>0x734a</load_address>
         <run_address>0x734a</run_address>
         <size>0x92</size>
         <input_file_ref idref="fl-46"/>
      </object_component>
      <object_component id="oc-4ac">
         <name>.text:_ecpy</name>
         <load_address>0x73dc</load_address>
         <run_address>0x73dc</run_address>
         <size>0x8e</size>
         <input_file_ref idref="fl-46"/>
      </object_component>
      <object_component id="oc-1ac">
         <name>.text:__mspabi_cvtdf</name>
         <load_address>0x746a</load_address>
         <run_address>0x746a</run_address>
         <size>0x8c</size>
         <input_file_ref idref="fl-3a"/>
      </object_component>
      <object_component id="oc-1ed">
         <name>.text:__mspabi_fltuld</name>
         <load_address>0x74f6</load_address>
         <run_address>0x74f6</run_address>
         <size>0x8a</size>
         <input_file_ref idref="fl-3e"/>
      </object_component>
      <object_component id="oc-4f8">
         <name>.text:__TI_ltoa</name>
         <load_address>0x7580</load_address>
         <run_address>0x7580</run_address>
         <size>0x84</size>
         <input_file_ref idref="fl-5c"/>
      </object_component>
      <object_component id="oc-30">
         <name>.text:decompress:lzss:__TI_decompress_lzss</name>
         <load_address>0x7604</load_address>
         <run_address>0x7604</run_address>
         <size>0x7c</size>
         <input_file_ref idref="fl-39"/>
      </object_component>
      <object_component id="oc-45b">
         <name>.text:_pconv_f</name>
         <load_address>0x7680</load_address>
         <run_address>0x7680</run_address>
         <size>0x7a</size>
         <input_file_ref idref="fl-46"/>
      </object_component>
      <object_component id="oc-4f2">
         <name>.text:__mspabi_fixdli</name>
         <load_address>0x76fa</load_address>
         <run_address>0x76fa</run_address>
         <size>0x72</size>
         <input_file_ref idref="fl-55"/>
      </object_component>
      <object_component id="oc-19a">
         <name>.text:__mspabi_cvtfd</name>
         <load_address>0x776c</load_address>
         <run_address>0x776c</run_address>
         <size>0x70</size>
         <input_file_ref idref="fl-3b"/>
      </object_component>
      <object_component id="oc-12e">
         <name>.text:I2C_ISR</name>
         <load_address>0x77dc</load_address>
         <run_address>0x77dc</run_address>
         <size>0x62</size>
         <input_file_ref idref="fl-2"/>
      </object_component>
      <object_component id="oc-26a">
         <name>.text:LCD_message</name>
         <load_address>0x783e</load_address>
         <run_address>0x783e</run_address>
         <size>0x60</size>
         <input_file_ref idref="fl-5"/>
      </object_component>
      <object_component id="oc-2b6">
         <name>.text:l_lsr_const</name>
         <load_address>0x789e</load_address>
         <run_address>0x789e</run_address>
         <size>0x5c</size>
         <input_file_ref idref="fl-4d"/>
      </object_component>
      <object_component id="oc-29b">
         <name>.text:__TI_auto_init_nobinit_nopinit_hold_wdt:__TI_auto_init_nobinit_nopinit_hold_wdt</name>
         <load_address>0x78fa</load_address>
         <run_address>0x78fa</run_address>
         <size>0x58</size>
         <input_file_ref idref="fl-32"/>
      </object_component>
      <object_component id="oc-48d">
         <name>.text</name>
         <load_address>0x7952</load_address>
         <run_address>0x7952</run_address>
         <size>0x58</size>
         <input_file_ref idref="fl-4a"/>
      </object_component>
      <object_component id="oc-3e6">
         <name>.text:atoi</name>
         <load_address>0x79aa</load_address>
         <run_address>0x79aa</run_address>
         <size>0x52</size>
         <input_file_ref idref="fl-5d"/>
      </object_component>
      <object_component id="oc-4bf">
         <name>.text:_fcpy</name>
         <load_address>0x79fc</load_address>
         <run_address>0x79fc</run_address>
         <size>0x4e</size>
         <input_file_ref idref="fl-46"/>
      </object_component>
      <object_component id="oc-fb">
         <name>.text</name>
         <load_address>0x7a4a</load_address>
         <run_address>0x7a4a</run_address>
         <size>0x4c</size>
         <input_file_ref idref="fl-4c"/>
      </object_component>
      <object_component id="oc-251">
         <name>.text:LCD_init</name>
         <load_address>0x7a96</load_address>
         <run_address>0x7a96</run_address>
         <size>0x46</size>
         <input_file_ref idref="fl-5"/>
      </object_component>
      <object_component id="oc-497">
         <name>.text:__mspabi_srlll</name>
         <load_address>0x7adc</load_address>
         <run_address>0x7adc</run_address>
         <size>0x46</size>
         <input_file_ref idref="fl-50"/>
      </object_component>
      <object_component id="oc-25d">
         <name>.text:LCD_set_pos</name>
         <load_address>0x7b22</load_address>
         <run_address>0x7b22</run_address>
         <size>0x44</size>
         <input_file_ref idref="fl-5"/>
      </object_component>
      <object_component id="oc-4e0">
         <name>.text:__mspabi_sllll</name>
         <load_address>0x7b66</load_address>
         <run_address>0x7b66</run_address>
         <size>0x44</size>
         <input_file_ref idref="fl-6a"/>
      </object_component>
      <object_component id="oc-533">
         <name>.text</name>
         <load_address>0x7baa</load_address>
         <run_address>0x7baa</run_address>
         <size>0x40</size>
         <input_file_ref idref="fl-69"/>
      </object_component>
      <object_component id="oc-208">
         <name>.text:l_asr_const</name>
         <load_address>0x7bea</load_address>
         <run_address>0x7bea</run_address>
         <size>0x3e</size>
         <input_file_ref idref="fl-48"/>
      </object_component>
      <object_component id="oc-223">
         <name>.text:l_lsl_const</name>
         <load_address>0x7c28</load_address>
         <run_address>0x7c28</run_address>
         <size>0x3e</size>
         <input_file_ref idref="fl-4b"/>
      </object_component>
      <object_component id="oc-264">
         <name>.text:sprintf</name>
         <load_address>0x7c66</load_address>
         <run_address>0x7c66</run_address>
         <size>0x38</size>
         <input_file_ref idref="fl-25"/>
      </object_component>
      <object_component id="oc-270">
         <name>.text:wait_1ms</name>
         <load_address>0x7c9e</load_address>
         <run_address>0x7c9e</run_address>
         <size>0x36</size>
         <input_file_ref idref="fl-9"/>
      </object_component>
      <object_component id="oc-245">
         <name>.text:ADC_init</name>
         <load_address>0x7cd4</load_address>
         <run_address>0x7cd4</run_address>
         <size>0x30</size>
         <input_file_ref idref="fl-7"/>
      </object_component>
      <object_component id="oc-239">
         <name>.text:Init_System_Clock</name>
         <load_address>0x7d04</load_address>
         <run_address>0x7d04</run_address>
         <size>0x30</size>
         <input_file_ref idref="fl-9"/>
      </object_component>
      <object_component id="oc-1a6">
         <name>.text:__mspabi_subd</name>
         <load_address>0x7d34</load_address>
         <run_address>0x7d34</run_address>
         <size>0x2e</size>
         <input_file_ref idref="fl-41"/>
      </object_component>
      <object_component id="oc-545">
         <name>.text:copysign</name>
         <load_address>0x7d62</load_address>
         <run_address>0x7d62</run_address>
         <size>0x2e</size>
         <input_file_ref idref="fl-6b"/>
      </object_component>
      <object_component id="oc-2bd">
         <name>.text</name>
         <load_address>0x7d90</load_address>
         <run_address>0x7d90</run_address>
         <size>0x2e</size>
         <input_file_ref idref="fl-2e"/>
      </object_component>
      <object_component id="oc-203">
         <name>.text</name>
         <load_address>0x7dbe</load_address>
         <run_address>0x7dbe</run_address>
         <size>0x2c</size>
         <input_file_ref idref="fl-47"/>
      </object_component>
      <object_component id="oc-f6">
         <name>.text</name>
         <load_address>0x7dea</load_address>
         <run_address>0x7dea</run_address>
         <size>0x2c</size>
         <input_file_ref idref="fl-2a"/>
      </object_component>
      <object_component id="oc-44f">
         <name>.text:__mspabi_negd</name>
         <load_address>0x7e16</load_address>
         <run_address>0x7e16</run_address>
         <size>0x2a</size>
         <input_file_ref idref="fl-5a"/>
      </object_component>
      <object_component id="oc-504">
         <name>.text:__mspabi_fixdi</name>
         <load_address>0x7e40</load_address>
         <run_address>0x7e40</run_address>
         <size>0x28</size>
         <input_file_ref idref="fl-54"/>
      </object_component>
      <object_component id="oc-400">
         <name>.text:memccpy</name>
         <load_address>0x7e68</load_address>
         <run_address>0x7e68</run_address>
         <size>0x22</size>
         <input_file_ref idref="fl-5f"/>
      </object_component>
      <object_component id="oc-257">
         <name>.text:LCD_set_cursor</name>
         <load_address>0x7e8a</load_address>
         <run_address>0x7e8a</run_address>
         <size>0x1e</size>
         <input_file_ref idref="fl-5"/>
      </object_component>
      <object_component id="oc-310">
         <name>.text:LCD_recode</name>
         <load_address>0x7ea8</load_address>
         <run_address>0x7ea8</run_address>
         <size>0x1c</size>
         <input_file_ref idref="fl-5"/>
      </object_component>
      <object_component id="oc-146">
         <name>.text:_c_int00_noargs</name>
         <load_address>0x7ec4</load_address>
         <run_address>0x7ec4</run_address>
         <size>0x1c</size>
         <input_file_ref idref="fl-31"/>
      </object_component>
      <object_component id="oc-24b">
         <name>.text:Timer_A_init</name>
         <load_address>0x7ee0</load_address>
         <run_address>0x7ee0</run_address>
         <size>0x1a</size>
         <input_file_ref idref="fl-7"/>
      </object_component>
      <object_component id="oc-2fb">
         <name>.text:_outs</name>
         <load_address>0x7efa</load_address>
         <run_address>0x7efa</run_address>
         <size>0x1a</size>
         <input_file_ref idref="fl-25"/>
      </object_component>
      <object_component id="oc-522">
         <name>.text:strchr</name>
         <load_address>0x7f14</load_address>
         <run_address>0x7f14</run_address>
         <size>0x1a</size>
         <input_file_ref idref="fl-61"/>
      </object_component>
      <object_component id="oc-492">
         <name>.text</name>
         <load_address>0x7f2e</load_address>
         <run_address>0x7f2e</run_address>
         <size>0x16</size>
         <input_file_ref idref="fl-49"/>
      </object_component>
      <object_component id="oc-134">
         <name>.text:decompress:ZI:__TI_zero_init_nomemset:__TI_zero_init_nomemset</name>
         <load_address>0x7f44</load_address>
         <run_address>0x7f44</run_address>
         <size>0x14</size>
         <input_file_ref idref="fl-33"/>
      </object_component>
      <object_component id="oc-3ed">
         <name>.text:memset</name>
         <load_address>0x7f58</load_address>
         <run_address>0x7f58</run_address>
         <size>0x14</size>
         <input_file_ref idref="fl-60"/>
      </object_component>
      <object_component id="oc-2c2">
         <name>.text</name>
         <load_address>0x7f6c</load_address>
         <run_address>0x7f6c</run_address>
         <size>0x14</size>
         <input_file_ref idref="fl-2c"/>
      </object_component>
      <object_component id="oc-408">
         <name>.text:wcslen</name>
         <load_address>0x7f80</load_address>
         <run_address>0x7f80</run_address>
         <size>0x14</size>
         <input_file_ref idref="fl-66"/>
      </object_component>
      <object_component id="oc-301">
         <name>.text:_outc</name>
         <load_address>0x7f94</load_address>
         <run_address>0x7f94</run_address>
         <size>0x12</size>
         <input_file_ref idref="fl-25"/>
      </object_component>
      <object_component id="oc-36">
         <name>.text:decompress:none:__TI_decompress_none</name>
         <load_address>0x7fa6</load_address>
         <run_address>0x7fa6</run_address>
         <size>0x12</size>
         <input_file_ref idref="fl-38"/>
      </object_component>
      <object_component id="oc-361">
         <name>.text:l_lsr</name>
         <load_address>0x7fb8</load_address>
         <run_address>0x7fb8</run_address>
         <size>0x12</size>
         <input_file_ref idref="fl-4d"/>
      </object_component>
      <object_component id="oc-110">
         <name>.text:memcpy</name>
         <load_address>0x7fca</load_address>
         <run_address>0x7fca</run_address>
         <size>0x12</size>
         <input_file_ref idref="fl-45"/>
      </object_component>
      <object_component id="oc-2e8">
         <name>.text:LCD_WriteCommand</name>
         <load_address>0x7fdc</load_address>
         <run_address>0x7fdc</run_address>
         <size>0x10</size>
         <input_file_ref idref="fl-5"/>
      </object_component>
      <object_component id="oc-316">
         <name>.text:LCD_WriteData</name>
         <load_address>0x7fec</load_address>
         <run_address>0x7fec</run_address>
         <size>0x10</size>
         <input_file_ref idref="fl-5"/>
      </object_component>
      <object_component id="oc-2ee">
         <name>.text:LCD_clear</name>
         <load_address>0x7ffc</load_address>
         <run_address>0x7ffc</run_address>
         <size>0x10</size>
         <input_file_ref idref="fl-5"/>
      </object_component>
      <object_component id="oc-366">
         <name>.text:l_asr</name>
         <load_address>0x800c</load_address>
         <run_address>0x800c</run_address>
         <size>0x10</size>
         <input_file_ref idref="fl-48"/>
      </object_component>
      <object_component id="oc-35c">
         <name>.text:l_lsl</name>
         <load_address>0x801c</load_address>
         <run_address>0x801c</run_address>
         <size>0x10</size>
         <input_file_ref idref="fl-4b"/>
      </object_component>
      <object_component id="oc-100">
         <name>.text</name>
         <load_address>0x802c</load_address>
         <run_address>0x802c</run_address>
         <size>0x10</size>
         <input_file_ref idref="fl-26"/>
      </object_component>
      <object_component id="oc-383">
         <name>.text:strlen</name>
         <load_address>0x803c</load_address>
         <run_address>0x803c</run_address>
         <size>0xe</size>
         <input_file_ref idref="fl-62"/>
      </object_component>
      <object_component id="oc-23f">
         <name>.text:Init_System</name>
         <load_address>0x804a</load_address>
         <run_address>0x804a</run_address>
         <size>0xc</size>
         <input_file_ref idref="fl-9"/>
      </object_component>
      <object_component id="oc-528">
         <name>.text:__mspabi_fltid</name>
         <load_address>0x8056</load_address>
         <run_address>0x8056</run_address>
         <size>0xc</size>
         <input_file_ref idref="fl-56"/>
      </object_component>
      <object_component id="oc-449">
         <name>.text:toupper</name>
         <load_address>0x8062</load_address>
         <run_address>0x8062</run_address>
         <size>0xc</size>
         <input_file_ref idref="fl-63"/>
      </object_component>
      <object_component id="oc-50b">
         <name>.text:abs</name>
         <load_address>0x806e</load_address>
         <run_address>0x806e</run_address>
         <size>0xa</size>
         <input_file_ref idref="fl-65"/>
      </object_component>
      <object_component id="oc-123">
         <name>.text:_isr:__TI_ISR_TRAP</name>
         <load_address>0x8078</load_address>
         <run_address>0x8078</run_address>
         <size>0x8</size>
         <input_file_ref idref="fl-29"/>
      </object_component>
      <object_component id="oc-11d">
         <name>.text:ISR_trap</name>
         <load_address>0x8080</load_address>
         <run_address>0x8080</run_address>
         <size>0x6</size>
         <input_file_ref idref="fl-8"/>
      </object_component>
      <object_component id="oc-18b">
         <name>.text:__mspabi_fltud</name>
         <load_address>0x8086</load_address>
         <run_address>0x8086</run_address>
         <size>0x6</size>
         <input_file_ref idref="fl-3d"/>
      </object_component>
      <object_component id="oc-277">
         <name>.text:abort</name>
         <load_address>0x808c</load_address>
         <run_address>0x808c</run_address>
         <size>0x6</size>
         <input_file_ref idref="fl-42"/>
      </object_component>
      <object_component id="oc-1c2">
         <name>.text:_system_pre_init</name>
         <load_address>0x8092</load_address>
         <run_address>0x8092</run_address>
         <size>0x4</size>
         <input_file_ref idref="fl-36"/>
      </object_component>
      <object_component id="oc-332">
         <name>.text:_system_post_cinit</name>
         <load_address>0x8096</load_address>
         <run_address>0x8096</run_address>
         <size>0x2</size>
         <input_file_ref idref="fl-37"/>
      </object_component>
      <object_component id="oc-597">
         <name>.cinit..data.load</name>
         <load_address>0x81ee</load_address>
         <run_address>0x81ee</run_address>
         <size>0x46</size>
      </object_component>
      <object_component id="oc-594">
         <name>__TI_handler_table</name>
         <load_address>0x8234</load_address>
         <run_address>0x8234</run_address>
         <size>0x6</size>
      </object_component>
      <object_component id="oc-596">
         <name>.cinit..bss.load</name>
         <load_address>0x823a</load_address>
         <run_address>0x823a</run_address>
         <size>0x4</size>
      </object_component>
      <object_component id="oc-595">
         <name>__TI_cinit_table</name>
         <load_address>0x823e</load_address>
         <run_address>0x823e</run_address>
         <size>0x8</size>
      </object_component>
      <object_component id="oc-430">
         <name>.const:.string:_ctypes_</name>
         <load_address>0x8098</load_address>
         <run_address>0x8098</run_address>
         <size>0x101</size>
         <input_file_ref idref="fl-5e"/>
      </object_component>
      <object_component id="oc-3f3">
         <name>.const:.string</name>
         <load_address>0x819a</load_address>
         <run_address>0x819a</run_address>
         <size>0x26</size>
         <input_file_ref idref="fl-46"/>
      </object_component>
      <object_component id="oc-197">
         <name>.const</name>
         <load_address>0x81c0</load_address>
         <run_address>0x81c0</run_address>
         <size>0x18</size>
         <input_file_ref idref="fl-7"/>
      </object_component>
      <object_component id="oc-263">
         <name>.const:.string</name>
         <load_address>0x81d8</load_address>
         <run_address>0x81d8</run_address>
         <size>0x16</size>
         <input_file_ref idref="fl-7"/>
      </object_component>
      <object_component id="oc-3c">
         <name>.int00</name>
         <load_address>0xffe0</load_address>
         <run_address>0xffe0</run_address>
         <size>0x2</size>
         <input_file_ref idref="fl-8"/>
      </object_component>
      <object_component id="oc-3d">
         <name>.int01</name>
         <load_address>0xffe2</load_address>
         <run_address>0xffe2</run_address>
         <size>0x2</size>
         <input_file_ref idref="fl-8"/>
      </object_component>
      <object_component id="oc-3e">
         <name>.int02</name>
         <load_address>0xffe4</load_address>
         <run_address>0xffe4</run_address>
         <size>0x2</size>
         <input_file_ref idref="fl-8"/>
      </object_component>
      <object_component id="oc-3f">
         <name>.int03</name>
         <load_address>0xffe6</load_address>
         <run_address>0xffe6</run_address>
         <size>0x2</size>
         <input_file_ref idref="fl-8"/>
      </object_component>
      <object_component id="oc-40">
         <name>.int04</name>
         <load_address>0xffe8</load_address>
         <run_address>0xffe8</run_address>
         <size>0x2</size>
         <input_file_ref idref="fl-8"/>
      </object_component>
      <object_component id="oc-41">
         <name>.int05</name>
         <load_address>0xffea</load_address>
         <run_address>0xffea</run_address>
         <size>0x2</size>
         <input_file_ref idref="fl-27"/>
      </object_component>
      <object_component id="oc-42">
         <name>.int06</name>
         <load_address>0xffec</load_address>
         <run_address>0xffec</run_address>
         <size>0x2</size>
         <input_file_ref idref="fl-8"/>
      </object_component>
      <object_component id="oc-43">
         <name>.int07</name>
         <load_address>0xffee</load_address>
         <run_address>0xffee</run_address>
         <size>0x2</size>
         <input_file_ref idref="fl-7"/>
      </object_component>
      <object_component id="oc-44">
         <name>.int08</name>
         <load_address>0xfff0</load_address>
         <run_address>0xfff0</run_address>
         <size>0x2</size>
         <input_file_ref idref="fl-2"/>
      </object_component>
      <object_component id="oc-45">
         <name>.int09</name>
         <load_address>0xfff2</load_address>
         <run_address>0xfff2</run_address>
         <size>0x2</size>
         <input_file_ref idref="fl-28"/>
      </object_component>
      <object_component id="oc-46">
         <name>.int10</name>
         <load_address>0xfff4</load_address>
         <run_address>0xfff4</run_address>
         <size>0x2</size>
         <input_file_ref idref="fl-8"/>
      </object_component>
      <object_component id="oc-47">
         <name>.int11</name>
         <load_address>0xfff6</load_address>
         <run_address>0xfff6</run_address>
         <size>0x2</size>
         <input_file_ref idref="fl-8"/>
      </object_component>
      <object_component id="oc-48">
         <name>.int12</name>
         <load_address>0xfff8</load_address>
         <run_address>0xfff8</run_address>
         <size>0x2</size>
         <input_file_ref idref="fl-8"/>
      </object_component>
      <object_component id="oc-49">
         <name>.int13</name>
         <load_address>0xfffa</load_address>
         <run_address>0xfffa</run_address>
         <size>0x2</size>
         <input_file_ref idref="fl-8"/>
      </object_component>
      <object_component id="oc-4a">
         <name>.int14</name>
         <load_address>0xfffc</load_address>
         <run_address>0xfffc</run_address>
         <size>0x2</size>
         <input_file_ref idref="fl-8"/>
      </object_component>
      <object_component id="oc-f5">
         <name>.reset</name>
         <load_address>0xfffe</load_address>
         <run_address>0xfffe</run_address>
         <size>0x2</size>
         <input_file_ref idref="fl-31"/>
      </object_component>
      <object_component id="oc-130">
         <name>.debug_info</name>
         <load_address>0x0</load_address>
         <run_address>0x0</run_address>
         <size>0x105</size>
         <input_file_ref idref="fl-2"/>
      </object_component>
      <object_component id="oc-10b">
         <name>.debug_info</name>
         <load_address>0x105</load_address>
         <run_address>0x105</run_address>
         <size>0x84</size>
         <input_file_ref idref="fl-2"/>
      </object_component>
      <object_component id="oc-22c">
         <name>.debug_info</name>
         <load_address>0x189</load_address>
         <run_address>0x189</run_address>
         <size>0x39</size>
         <input_file_ref idref="fl-2"/>
      </object_component>
      <object_component id="oc-2f7">
         <name>.debug_info</name>
         <load_address>0x1c2</load_address>
         <run_address>0x1c2</run_address>
         <size>0x248</size>
         <input_file_ref idref="fl-5"/>
      </object_component>
      <object_component id="oc-3b0">
         <name>.debug_info</name>
         <load_address>0x40a</load_address>
         <run_address>0x40a</run_address>
         <size>0xe0</size>
         <input_file_ref idref="fl-5"/>
      </object_component>
      <object_component id="oc-252">
         <name>.debug_info</name>
         <load_address>0x4ea</load_address>
         <run_address>0x4ea</run_address>
         <size>0x19f</size>
         <input_file_ref idref="fl-5"/>
      </object_component>
      <object_component id="oc-26b">
         <name>.debug_info</name>
         <load_address>0x689</load_address>
         <run_address>0x689</run_address>
         <size>0x174</size>
         <input_file_ref idref="fl-5"/>
      </object_component>
      <object_component id="oc-2ef">
         <name>.debug_info</name>
         <load_address>0x7fd</load_address>
         <run_address>0x7fd</run_address>
         <size>0x11f</size>
         <input_file_ref idref="fl-5"/>
      </object_component>
      <object_component id="oc-25e">
         <name>.debug_info</name>
         <load_address>0x91c</load_address>
         <run_address>0x91c</run_address>
         <size>0x177</size>
         <input_file_ref idref="fl-5"/>
      </object_component>
      <object_component id="oc-258">
         <name>.debug_info</name>
         <load_address>0xa93</load_address>
         <run_address>0xa93</run_address>
         <size>0x154</size>
         <input_file_ref idref="fl-5"/>
      </object_component>
      <object_component id="oc-2e9">
         <name>.debug_info</name>
         <load_address>0xbe7</load_address>
         <run_address>0xbe7</run_address>
         <size>0x14d</size>
         <input_file_ref idref="fl-5"/>
      </object_component>
      <object_component id="oc-317">
         <name>.debug_info</name>
         <load_address>0xd34</load_address>
         <run_address>0xd34</run_address>
         <size>0x147</size>
         <input_file_ref idref="fl-5"/>
      </object_component>
      <object_component id="oc-378">
         <name>.debug_info</name>
         <load_address>0xe7b</load_address>
         <run_address>0xe7b</run_address>
         <size>0x156</size>
         <input_file_ref idref="fl-5"/>
      </object_component>
      <object_component id="oc-311">
         <name>.debug_info</name>
         <load_address>0xfd1</load_address>
         <run_address>0xfd1</run_address>
         <size>0x125</size>
         <input_file_ref idref="fl-5"/>
      </object_component>
      <object_component id="oc-1b3">
         <name>.debug_info</name>
         <load_address>0x10f6</load_address>
         <run_address>0x10f6</run_address>
         <size>0x537</size>
         <input_file_ref idref="fl-7"/>
      </object_component>
      <object_component id="oc-198">
         <name>.debug_info</name>
         <load_address>0x162d</load_address>
         <run_address>0x162d</run_address>
         <size>0x190</size>
         <input_file_ref idref="fl-7"/>
      </object_component>
      <object_component id="oc-249">
         <name>.debug_info</name>
         <load_address>0x17bd</load_address>
         <run_address>0x17bd</run_address>
         <size>0x109</size>
         <input_file_ref idref="fl-7"/>
      </object_component>
      <object_component id="oc-24c">
         <name>.debug_info</name>
         <load_address>0x18c6</load_address>
         <run_address>0x18c6</run_address>
         <size>0x111</size>
         <input_file_ref idref="fl-7"/>
      </object_component>
      <object_component id="oc-1ca">
         <name>.debug_info</name>
         <load_address>0x19d7</load_address>
         <run_address>0x19d7</run_address>
         <size>0x220</size>
         <input_file_ref idref="fl-7"/>
      </object_component>
      <object_component id="oc-12a">
         <name>.debug_info</name>
         <load_address>0x1bf7</load_address>
         <run_address>0x1bf7</run_address>
         <size>0x29a</size>
         <input_file_ref idref="fl-7"/>
      </object_component>
      <object_component id="oc-231">
         <name>.debug_info</name>
         <load_address>0x1e91</load_address>
         <run_address>0x1e91</run_address>
         <size>0x26b</size>
         <input_file_ref idref="fl-7"/>
      </object_component>
      <object_component id="oc-2de">
         <name>.debug_info</name>
         <load_address>0x20fc</load_address>
         <run_address>0x20fc</run_address>
         <size>0x282</size>
         <input_file_ref idref="fl-7"/>
      </object_component>
      <object_component id="oc-3a3">
         <name>.debug_info</name>
         <load_address>0x237e</load_address>
         <run_address>0x237e</run_address>
         <size>0x2c</size>
         <input_file_ref idref="fl-7"/>
      </object_component>
      <object_component id="oc-11e">
         <name>.debug_info</name>
         <load_address>0x23aa</load_address>
         <run_address>0x23aa</run_address>
         <size>0x17f</size>
         <input_file_ref idref="fl-8"/>
      </object_component>
      <object_component id="oc-2e4">
         <name>.debug_info</name>
         <load_address>0x2529</load_address>
         <run_address>0x2529</run_address>
         <size>0x1e5</size>
         <input_file_ref idref="fl-9"/>
      </object_component>
      <object_component id="oc-240">
         <name>.debug_info</name>
         <load_address>0x270e</load_address>
         <run_address>0x270e</run_address>
         <size>0x118</size>
         <input_file_ref idref="fl-9"/>
      </object_component>
      <object_component id="oc-23a">
         <name>.debug_info</name>
         <load_address>0x2826</load_address>
         <run_address>0x2826</run_address>
         <size>0x130</size>
         <input_file_ref idref="fl-9"/>
      </object_component>
      <object_component id="oc-271">
         <name>.debug_info</name>
         <load_address>0x2956</load_address>
         <run_address>0x2956</run_address>
         <size>0x131</size>
         <input_file_ref idref="fl-9"/>
      </object_component>
      <object_component id="oc-30e">
         <name>.debug_info</name>
         <load_address>0x2a87</load_address>
         <run_address>0x2a87</run_address>
         <size>0x20b</size>
         <input_file_ref idref="fl-25"/>
      </object_component>
      <object_component id="oc-265">
         <name>.debug_info</name>
         <load_address>0x2c92</load_address>
         <run_address>0x2c92</run_address>
         <size>0x1c2</size>
         <input_file_ref idref="fl-25"/>
      </object_component>
      <object_component id="oc-2ff">
         <name>.debug_info</name>
         <load_address>0x2e54</load_address>
         <run_address>0x2e54</run_address>
         <size>0x198</size>
         <input_file_ref idref="fl-25"/>
      </object_component>
      <object_component id="oc-305">
         <name>.debug_info</name>
         <load_address>0x2fec</load_address>
         <run_address>0x2fec</run_address>
         <size>0x16d</size>
         <input_file_ref idref="fl-25"/>
      </object_component>
      <object_component id="oc-414">
         <name>.debug_info</name>
         <load_address>0x3159</load_address>
         <run_address>0x3159</run_address>
         <size>0x2c</size>
         <input_file_ref idref="fl-25"/>
      </object_component>
      <object_component id="oc-101">
         <name>.debug_info</name>
         <load_address>0x3185</load_address>
         <run_address>0x3185</run_address>
         <size>0x12e</size>
         <input_file_ref idref="fl-26"/>
      </object_component>
      <object_component id="oc-126">
         <name>.debug_info</name>
         <load_address>0x32b3</load_address>
         <run_address>0x32b3</run_address>
         <size>0x10f</size>
         <input_file_ref idref="fl-29"/>
      </object_component>
      <object_component id="oc-f8">
         <name>.debug_info</name>
         <load_address>0x33c2</load_address>
         <run_address>0x33c2</run_address>
         <size>0x120</size>
         <input_file_ref idref="fl-2a"/>
      </object_component>
      <object_component id="oc-2c4">
         <name>.debug_info</name>
         <load_address>0x34e2</load_address>
         <run_address>0x34e2</run_address>
         <size>0x11f</size>
         <input_file_ref idref="fl-2c"/>
      </object_component>
      <object_component id="oc-2bf">
         <name>.debug_info</name>
         <load_address>0x3601</load_address>
         <run_address>0x3601</run_address>
         <size>0x11f</size>
         <input_file_ref idref="fl-2e"/>
      </object_component>
      <object_component id="oc-f3">
         <name>.debug_info</name>
         <load_address>0x3720</load_address>
         <run_address>0x3720</run_address>
         <size>0x100</size>
         <input_file_ref idref="fl-31"/>
      </object_component>
      <object_component id="oc-148">
         <name>.debug_info</name>
         <load_address>0x3820</load_address>
         <run_address>0x3820</run_address>
         <size>0x17a</size>
         <input_file_ref idref="fl-31"/>
      </object_component>
      <object_component id="oc-339">
         <name>.debug_info</name>
         <load_address>0x399a</load_address>
         <run_address>0x399a</run_address>
         <size>0x3de</size>
         <input_file_ref idref="fl-32"/>
      </object_component>
      <object_component id="oc-29d">
         <name>.debug_info</name>
         <load_address>0x3d78</load_address>
         <run_address>0x3d78</run_address>
         <size>0x211</size>
         <input_file_ref idref="fl-32"/>
      </object_component>
      <object_component id="oc-3cb">
         <name>.debug_info</name>
         <load_address>0x3f89</load_address>
         <run_address>0x3f89</run_address>
         <size>0x39</size>
         <input_file_ref idref="fl-32"/>
      </object_component>
      <object_component id="oc-3d7">
         <name>.debug_info</name>
         <load_address>0x3fc2</load_address>
         <run_address>0x3fc2</run_address>
         <size>0x2c</size>
         <input_file_ref idref="fl-32"/>
      </object_component>
      <object_component id="oc-344">
         <name>.debug_info</name>
         <load_address>0x3fee</load_address>
         <run_address>0x3fee</run_address>
         <size>0x2c</size>
         <input_file_ref idref="fl-32"/>
      </object_component>
      <object_component id="oc-3d0">
         <name>.debug_info</name>
         <load_address>0x401a</load_address>
         <run_address>0x401a</run_address>
         <size>0xcd</size>
         <input_file_ref idref="fl-32"/>
      </object_component>
      <object_component id="oc-1c0">
         <name>.debug_info</name>
         <load_address>0x40e7</load_address>
         <run_address>0x40e7</run_address>
         <size>0x175</size>
         <input_file_ref idref="fl-33"/>
      </object_component>
      <object_component id="oc-135">
         <name>.debug_info</name>
         <load_address>0x425c</load_address>
         <run_address>0x425c</run_address>
         <size>0x1d2</size>
         <input_file_ref idref="fl-33"/>
      </object_component>
      <object_component id="oc-1bb">
         <name>.debug_info</name>
         <load_address>0x442e</load_address>
         <run_address>0x442e</run_address>
         <size>0x46</size>
         <input_file_ref idref="fl-33"/>
      </object_component>
      <object_component id="oc-17d">
         <name>.debug_info</name>
         <load_address>0x4474</load_address>
         <run_address>0x4474</run_address>
         <size>0x2c</size>
         <input_file_ref idref="fl-33"/>
      </object_component>
      <object_component id="oc-1c5">
         <name>.debug_info</name>
         <load_address>0x44a0</load_address>
         <run_address>0x44a0</run_address>
         <size>0x153</size>
         <input_file_ref idref="fl-36"/>
      </object_component>
      <object_component id="oc-333">
         <name>.debug_info</name>
         <load_address>0x45f3</load_address>
         <run_address>0x45f3</run_address>
         <size>0x150</size>
         <input_file_ref idref="fl-37"/>
      </object_component>
      <object_component id="oc-11c">
         <name>.debug_info</name>
         <load_address>0x4743</load_address>
         <run_address>0x4743</run_address>
         <size>0x180</size>
         <input_file_ref idref="fl-38"/>
      </object_component>
      <object_component id="oc-39">
         <name>.debug_info</name>
         <load_address>0x48c3</load_address>
         <run_address>0x48c3</run_address>
         <size>0x1ea</size>
         <input_file_ref idref="fl-38"/>
      </object_component>
      <object_component id="oc-117">
         <name>.debug_info</name>
         <load_address>0x4aad</load_address>
         <run_address>0x4aad</run_address>
         <size>0x46</size>
         <input_file_ref idref="fl-38"/>
      </object_component>
      <object_component id="oc-182">
         <name>.debug_info</name>
         <load_address>0x4af3</load_address>
         <run_address>0x4af3</run_address>
         <size>0x2c</size>
         <input_file_ref idref="fl-38"/>
      </object_component>
      <object_component id="oc-17a">
         <name>.debug_info</name>
         <load_address>0x4b1f</load_address>
         <run_address>0x4b1f</run_address>
         <size>0x176</size>
         <input_file_ref idref="fl-39"/>
      </object_component>
      <object_component id="oc-33">
         <name>.debug_info</name>
         <load_address>0x4c95</load_address>
         <run_address>0x4c95</run_address>
         <size>0x292</size>
         <input_file_ref idref="fl-39"/>
      </object_component>
      <object_component id="oc-106">
         <name>.debug_info</name>
         <load_address>0x4f27</load_address>
         <run_address>0x4f27</run_address>
         <size>0x60</size>
         <input_file_ref idref="fl-39"/>
      </object_component>
      <object_component id="oc-1e4">
         <name>.debug_info</name>
         <load_address>0x4f87</load_address>
         <run_address>0x4f87</run_address>
         <size>0x46</size>
         <input_file_ref idref="fl-39"/>
      </object_component>
      <object_component id="oc-175">
         <name>.debug_info</name>
         <load_address>0x4fcd</load_address>
         <run_address>0x4fcd</run_address>
         <size>0x39</size>
         <input_file_ref idref="fl-39"/>
      </object_component>
      <object_component id="oc-229">
         <name>.debug_info</name>
         <load_address>0x5006</load_address>
         <run_address>0x5006</run_address>
         <size>0x165</size>
         <input_file_ref idref="fl-3a"/>
      </object_component>
      <object_component id="oc-1af">
         <name>.debug_info</name>
         <load_address>0x516b</load_address>
         <run_address>0x516b</run_address>
         <size>0x1d8</size>
         <input_file_ref idref="fl-3a"/>
      </object_component>
      <object_component id="oc-20f">
         <name>.debug_info</name>
         <load_address>0x5343</load_address>
         <run_address>0x5343</run_address>
         <size>0xdb</size>
         <input_file_ref idref="fl-3a"/>
      </object_component>
      <object_component id="oc-20e">
         <name>.debug_info</name>
         <load_address>0x541e</load_address>
         <run_address>0x541e</run_address>
         <size>0x165</size>
         <input_file_ref idref="fl-3b"/>
      </object_component>
      <object_component id="oc-19b">
         <name>.debug_info</name>
         <load_address>0x5583</load_address>
         <run_address>0x5583</run_address>
         <size>0x1d4</size>
         <input_file_ref idref="fl-3b"/>
      </object_component>
      <object_component id="oc-200">
         <name>.debug_info</name>
         <load_address>0x5757</load_address>
         <run_address>0x5757</run_address>
         <size>0x1a2</size>
         <input_file_ref idref="fl-3c"/>
      </object_component>
      <object_component id="oc-192">
         <name>.debug_info</name>
         <load_address>0x58f9</load_address>
         <run_address>0x58f9</run_address>
         <size>0x28a</size>
         <input_file_ref idref="fl-3c"/>
      </object_component>
      <object_component id="oc-1fb">
         <name>.debug_info</name>
         <load_address>0x5b83</load_address>
         <run_address>0x5b83</run_address>
         <size>0x94</size>
         <input_file_ref idref="fl-3c"/>
      </object_component>
      <object_component id="oc-18c">
         <name>.debug_info</name>
         <load_address>0x5c17</load_address>
         <run_address>0x5c17</run_address>
         <size>0x166</size>
         <input_file_ref idref="fl-3d"/>
      </object_component>
      <object_component id="oc-2bc">
         <name>.debug_info</name>
         <load_address>0x5d7d</load_address>
         <run_address>0x5d7d</run_address>
         <size>0x16b</size>
         <input_file_ref idref="fl-3e"/>
      </object_component>
      <object_component id="oc-1ee">
         <name>.debug_info</name>
         <load_address>0x5ee8</load_address>
         <run_address>0x5ee8</run_address>
         <size>0x1e3</size>
         <input_file_ref idref="fl-3e"/>
      </object_component>
      <object_component id="oc-2c8">
         <name>.debug_info</name>
         <load_address>0x60cb</load_address>
         <run_address>0x60cb</run_address>
         <size>0x172</size>
         <input_file_ref idref="fl-3f"/>
      </object_component>
      <object_component id="oc-1f5">
         <name>.debug_info</name>
         <load_address>0x623d</load_address>
         <run_address>0x623d</run_address>
         <size>0x5cf</size>
         <input_file_ref idref="fl-3f"/>
      </object_component>
      <object_component id="oc-21b">
         <name>.debug_info</name>
         <load_address>0x680c</load_address>
         <run_address>0x680c</run_address>
         <size>0x1a2</size>
         <input_file_ref idref="fl-40"/>
      </object_component>
      <object_component id="oc-1a1">
         <name>.debug_info</name>
         <load_address>0x69ae</load_address>
         <run_address>0x69ae</run_address>
         <size>0x2e0</size>
         <input_file_ref idref="fl-40"/>
      </object_component>
      <object_component id="oc-1a7">
         <name>.debug_info</name>
         <load_address>0x6c8e</load_address>
         <run_address>0x6c8e</run_address>
         <size>0x18d</size>
         <input_file_ref idref="fl-41"/>
      </object_component>
      <object_component id="oc-27a">
         <name>.debug_info</name>
         <load_address>0x6e1b</load_address>
         <run_address>0x6e1b</run_address>
         <size>0x122</size>
         <input_file_ref idref="fl-42"/>
      </object_component>
      <object_component id="oc-17c">
         <name>.debug_info</name>
         <load_address>0x6f3d</load_address>
         <run_address>0x6f3d</run_address>
         <size>0x181</size>
         <input_file_ref idref="fl-45"/>
      </object_component>
      <object_component id="oc-111">
         <name>.debug_info</name>
         <load_address>0x70be</load_address>
         <run_address>0x70be</run_address>
         <size>0x17a</size>
         <input_file_ref idref="fl-45"/>
      </object_component>
      <object_component id="oc-3a2">
         <name>.debug_info</name>
         <load_address>0x7238</load_address>
         <run_address>0x7238</run_address>
         <size>0x439</size>
         <input_file_ref idref="fl-46"/>
      </object_component>
      <object_component id="oc-38c">
         <name>.debug_info</name>
         <load_address>0x7671</load_address>
         <run_address>0x7671</run_address>
         <size>0x22e</size>
         <input_file_ref idref="fl-46"/>
      </object_component>
      <object_component id="oc-439">
         <name>.debug_info</name>
         <load_address>0x789f</load_address>
         <run_address>0x789f</run_address>
         <size>0x1b3</size>
         <input_file_ref idref="fl-46"/>
      </object_component>
      <object_component id="oc-440">
         <name>.debug_info</name>
         <load_address>0x7a52</load_address>
         <run_address>0x7a52</run_address>
         <size>0x287</size>
         <input_file_ref idref="fl-46"/>
      </object_component>
      <object_component id="oc-3f6">
         <name>.debug_info</name>
         <load_address>0x7cd9</load_address>
         <run_address>0x7cd9</run_address>
         <size>0x24b</size>
         <input_file_ref idref="fl-46"/>
      </object_component>
      <object_component id="oc-4a9">
         <name>.debug_info</name>
         <load_address>0x7f24</load_address>
         <run_address>0x7f24</run_address>
         <size>0x3d0</size>
         <input_file_ref idref="fl-46"/>
      </object_component>
      <object_component id="oc-4af">
         <name>.debug_info</name>
         <load_address>0x82f4</load_address>
         <run_address>0x82f4</run_address>
         <size>0x1bd</size>
         <input_file_ref idref="fl-46"/>
      </object_component>
      <object_component id="oc-4b4">
         <name>.debug_info</name>
         <load_address>0x84b1</load_address>
         <run_address>0x84b1</run_address>
         <size>0x21b</size>
         <input_file_ref idref="fl-46"/>
      </object_component>
      <object_component id="oc-458">
         <name>.debug_info</name>
         <load_address>0x86cc</load_address>
         <run_address>0x86cc</run_address>
         <size>0x26d</size>
         <input_file_ref idref="fl-46"/>
      </object_component>
      <object_component id="oc-4bb">
         <name>.debug_info</name>
         <load_address>0x8939</load_address>
         <run_address>0x8939</run_address>
         <size>0x3e7</size>
         <input_file_ref idref="fl-46"/>
      </object_component>
      <object_component id="oc-4c1">
         <name>.debug_info</name>
         <load_address>0x8d20</load_address>
         <run_address>0x8d20</run_address>
         <size>0x206</size>
         <input_file_ref idref="fl-46"/>
      </object_component>
      <object_component id="oc-45d">
         <name>.debug_info</name>
         <load_address>0x8f26</load_address>
         <run_address>0x8f26</run_address>
         <size>0x232</size>
         <input_file_ref idref="fl-46"/>
      </object_component>
      <object_component id="oc-463">
         <name>.debug_info</name>
         <load_address>0x9158</load_address>
         <run_address>0x9158</run_address>
         <size>0x376</size>
         <input_file_ref idref="fl-46"/>
      </object_component>
      <object_component id="oc-4cf">
         <name>.debug_info</name>
         <load_address>0x94ce</load_address>
         <run_address>0x94ce</run_address>
         <size>0x45e</size>
         <input_file_ref idref="fl-46"/>
      </object_component>
      <object_component id="oc-469">
         <name>.debug_info</name>
         <load_address>0x992c</load_address>
         <run_address>0x992c</run_address>
         <size>0x280</size>
         <input_file_ref idref="fl-46"/>
      </object_component>
      <object_component id="oc-3fd">
         <name>.debug_info</name>
         <load_address>0x9bac</load_address>
         <run_address>0x9bac</run_address>
         <size>0x395</size>
         <input_file_ref idref="fl-46"/>
      </object_component>
      <object_component id="oc-392">
         <name>.debug_info</name>
         <load_address>0x9f41</load_address>
         <run_address>0x9f41</run_address>
         <size>0x305</size>
         <input_file_ref idref="fl-46"/>
      </object_component>
      <object_component id="oc-398">
         <name>.debug_info</name>
         <load_address>0xa246</load_address>
         <run_address>0xa246</run_address>
         <size>0x26d</size>
         <input_file_ref idref="fl-46"/>
      </object_component>
      <object_component id="oc-39e">
         <name>.debug_info</name>
         <load_address>0xa4b3</load_address>
         <run_address>0xa4b3</run_address>
         <size>0x26a</size>
         <input_file_ref idref="fl-46"/>
      </object_component>
      <object_component id="oc-30a">
         <name>.debug_info</name>
         <load_address>0xa71d</load_address>
         <run_address>0xa71d</run_address>
         <size>0x347</size>
         <input_file_ref idref="fl-46"/>
      </object_component>
      <object_component id="oc-3a8">
         <name>.debug_info</name>
         <load_address>0xaa64</load_address>
         <run_address>0xaa64</run_address>
         <size>0x86</size>
         <input_file_ref idref="fl-46"/>
      </object_component>
      <object_component id="oc-419">
         <name>.debug_info</name>
         <load_address>0xaaea</load_address>
         <run_address>0xaaea</run_address>
         <size>0x39</size>
         <input_file_ref idref="fl-46"/>
      </object_component>
      <object_component id="oc-4eb">
         <name>.debug_info</name>
         <load_address>0xab23</load_address>
         <run_address>0xab23</run_address>
         <size>0x94</size>
         <input_file_ref idref="fl-46"/>
      </object_component>
      <object_component id="oc-49e">
         <name>.debug_info</name>
         <load_address>0xabb7</load_address>
         <run_address>0xabb7</run_address>
         <size>0x46</size>
         <input_file_ref idref="fl-46"/>
      </object_component>
      <object_component id="oc-444">
         <name>.debug_info</name>
         <load_address>0xabfd</load_address>
         <run_address>0xabfd</run_address>
         <size>0x46</size>
         <input_file_ref idref="fl-46"/>
      </object_component>
      <object_component id="oc-206">
         <name>.debug_info</name>
         <load_address>0xac43</load_address>
         <run_address>0xac43</run_address>
[...]
         <name>__mspabi_fltuld</name>
         <value>0x74f6</value>
         <object_component_ref idref="oc-1ed"/>
      </symbol>
      <symbol id="sm-36d">
         <name>__TI_frcdivd</name>
         <value>0x4000</value>
         <object_component_ref idref="oc-1f4"/>
      </symbol>
      <symbol id="sm-38f">
         <name>__mspabi_mpyd</name>
         <value>0x4fe0</value>
         <object_component_ref idref="oc-1a0"/>
      </symbol>
      <symbol id="sm-398">
         <name>__mspabi_subd</name>
         <value>0x7d34</value>
         <object_component_ref idref="oc-1a6"/>
      </symbol>
      <symbol id="sm-3a2">
         <name>C$$EXIT</name>
         <value>0x808c</value>
         <object_component_ref idref="oc-277"/>
      </symbol>
      <symbol id="sm-3a3">
         <name>abort</name>
         <value>0x808c</value>
         <object_component_ref idref="oc-277"/>
      </symbol>
      <symbol id="sm-3b3">
         <name>memcpy</name>
         <value>0x7fca</value>
         <object_component_ref idref="oc-110"/>
      </symbol>
      <symbol id="sm-584">
         <name>__TI_printfi</name>
         <value>0x4ad2</value>
         <object_component_ref idref="oc-307"/>
      </symbol>
      <symbol id="sm-58c">
         <name>__mspabi_srai</name>
         <value>0x7dbe</value>
         <object_component_ref idref="oc-203"/>
      </symbol>
      <symbol id="sm-58d">
         <name>__mspabi_srai_8</name>
         <value>0x7dd8</value>
         <object_component_ref idref="oc-203"/>
      </symbol>
      <symbol id="sm-58e">
         <name>__mspabi_srai_9</name>
         <value>0x7dd6</value>
         <object_component_ref idref="oc-203"/>
      </symbol>
      <symbol id="sm-58f">
         <name>__mspabi_srai_6</name>
         <value>0x7ddc</value>
         <object_component_ref idref="oc-203"/>
      </symbol>
      <symbol id="sm-590">
         <name>__mspabi_srai_7</name>
         <value>0x7dda</value>
         <object_component_ref idref="oc-203"/>
      </symbol>
      <symbol id="sm-591">
         <name>__mspabi_srai_4</name>
         <value>0x7de0</value>
         <object_component_ref idref="oc-203"/>
      </symbol>
      <symbol id="sm-592">
         <name>__mspabi_srai_5</name>
         <value>0x7dde</value>
         <object_component_ref idref="oc-203"/>
      </symbol>
      <symbol id="sm-593">
         <name>__mspabi_srai_2</name>
         <value>0x7de4</value>
         <object_component_ref idref="oc-203"/>
      </symbol>
      <symbol id="sm-594">
         <name>__mspabi_srai_3</name>
         <value>0x7de2</value>
         <object_component_ref idref="oc-203"/>
      </symbol>
      <symbol id="sm-595">
         <name>__mspabi_srai_1</name>
         <value>0x7de6</value>
         <object_component_ref idref="oc-203"/>
      </symbol>
      <symbol id="sm-596">
         <name>__mspabi_srai_15</name>
         <value>0x7dca</value>
         <object_component_ref idref="oc-203"/>
      </symbol>
      <symbol id="sm-597">
         <name>__mspabi_srai_14</name>
         <value>0x7dcc</value>
         <object_component_ref idref="oc-203"/>
      </symbol>
      <symbol id="sm-598">
         <name>__mspabi_srai_13</name>
         <value>0x7dce</value>
         <object_component_ref idref="oc-203"/>
      </symbol>
      <symbol id="sm-599">
         <name>__mspabi_srai_12</name>
         <value>0x7dd0</value>
         <object_component_ref idref="oc-203"/>
      </symbol>
      <symbol id="sm-59a">
         <name>__mspabi_srai_11</name>
         <value>0x7dd2</value>
         <object_component_ref idref="oc-203"/>
      </symbol>
      <symbol id="sm-59b">
         <name>__mspabi_srai_10</name>
         <value>0x7dd4</value>
         <object_component_ref idref="oc-203"/>
      </symbol>
      <symbol id="sm-5ab">
         <name>__mspabi_sral</name>
         <value>0x800c</value>
         <object_component_ref idref="oc-366"/>
      </symbol>
      <symbol id="sm-5ac">
         <name>__mspabi_sral_15</name>
         <value>0x7bea</value>
         <object_component_ref idref="oc-208"/>
      </symbol>
      <symbol id="sm-5ad">
         <name>__mspabi_sral_14</name>
         <value>0x7bee</value>
         <object_component_ref idref="oc-208"/>
      </symbol>
      <symbol id="sm-5ae">
         <name>__mspabi_sral_13</name>
         <value>0x7bf2</value>
         <object_component_ref idref="oc-208"/>
      </symbol>
      <symbol id="sm-5af">
         <name>__mspabi_sral_12</name>
         <value>0x7bf6</value>
         <object_component_ref idref="oc-208"/>
      </symbol>
      <symbol id="sm-5b0">
         <name>__mspabi_sral_11</name>
         <value>0x7bfa</value>
         <object_component_ref idref="oc-208"/>
      </symbol>
      <symbol id="sm-5b1">
         <name>__mspabi_sral_10</name>
         <value>0x7bfe</value>
         <object_component_ref idref="oc-208"/>
      </symbol>
      <symbol id="sm-5b2">
         <name>__mspabi_sral_8</name>
         <value>0x7c06</value>
         <object_component_ref idref="oc-208"/>
      </symbol>
      <symbol id="sm-5b3">
         <name>__mspabi_sral_9</name>
         <value>0x7c02</value>
         <object_component_ref idref="oc-208"/>
      </symbol>
      <symbol id="sm-5b4">
         <name>__mspabi_sral_6</name>
         <value>0x7c0e</value>
         <object_component_ref idref="oc-208"/>
      </symbol>
      <symbol id="sm-5b5">
         <name>__mspabi_sral_7</name>
         <value>0x7c0a</value>
         <object_component_ref idref="oc-208"/>
      </symbol>
      <symbol id="sm-5b6">
         <name>__mspabi_sral_4</name>
         <value>0x7c16</value>
         <object_component_ref idref="oc-208"/>
      </symbol>
      <symbol id="sm-5b7">
         <name>__mspabi_sral_5</name>
         <value>0x7c12</value>
         <object_component_ref idref="oc-208"/>
      </symbol>
      <symbol id="sm-5b8">
         <name>__mspabi_sral_2</name>
         <value>0x7c1e</value>
         <object_component_ref idref="oc-208"/>
      </symbol>
      <symbol id="sm-5b9">
         <name>__mspabi_sral_3</name>
         <value>0x7c1a</value>
         <object_component_ref idref="oc-208"/>
      </symbol>
      <symbol id="sm-5ba">
         <name>__mspabi_sral_1</name>
         <value>0x7c22</value>
         <object_component_ref idref="oc-208"/>
      </symbol>
      <symbol id="sm-5c4">
         <name>__mspabi_remu</name>
         <value>0x7f2e</value>
         <object_component_ref idref="oc-492"/>
      </symbol>
      <symbol id="sm-5c5">
         <name>__mspabi_divu</name>
         <value>0x7f2e</value>
         <object_component_ref idref="oc-492"/>
      </symbol>
      <symbol id="sm-5d3">
         <name>__mspabi_remul</name>
         <value>0x7952</value>
         <object_component_ref idref="oc-48d"/>
      </symbol>
      <symbol id="sm-5d4">
         <name>__mspabi_divul</name>
         <value>0x7952</value>
         <object_component_ref idref="oc-48d"/>
      </symbol>
      <symbol id="sm-5e4">
         <name>__mspabi_slll_9</name>
         <value>0x7c40</value>
         <object_component_ref idref="oc-223"/>
      </symbol>
      <symbol id="sm-5e5">
         <name>__mspabi_slll_8</name>
         <value>0x7c44</value>
         <object_component_ref idref="oc-223"/>
      </symbol>
      <symbol id="sm-5e6">
         <name>__mspabi_slll_7</name>
         <value>0x7c48</value>
         <object_component_ref idref="oc-223"/>
      </symbol>
      <symbol id="sm-5e7">
         <name>__mspabi_slll_6</name>
         <value>0x7c4c</value>
         <object_component_ref idref="oc-223"/>
      </symbol>
      <symbol id="sm-5e8">
         <name>__mspabi_slll_5</name>
         <value>0x7c50</value>
         <object_component_ref idref="oc-223"/>
      </symbol>
      <symbol id="sm-5e9">
         <name>__mspabi_slll_4</name>
         <value>0x7c54</value>
         <object_component_ref idref="oc-223"/>
      </symbol>
      <symbol id="sm-5ea">
         <name>__mspabi_slll_3</name>
         <value>0x7c58</value>
         <object_component_ref idref="oc-223"/>
      </symbol>
      <symbol id="sm-5eb">
         <name>__mspabi_slll_2</name>
         <value>0x7c5c</value>
         <object_component_ref idref="oc-223"/>
      </symbol>
      <symbol id="sm-5ec">
         <name>__mspabi_slll_1</name>
         <value>0x7c60</value>
         <object_component_ref idref="oc-223"/>
      </symbol>
      <symbol id="sm-5ed">
         <name>__mspabi_slll</name>
         <value>0x801c</value>
         <object_component_ref idref="oc-35c"/>
      </symbol>
      <symbol id="sm-5ee">
         <name>__mspabi_slll_15</name>
         <value>0x7c28</value>
         <object_component_ref idref="oc-223"/>
      </symbol>
      <symbol id="sm-5ef">
         <name>__mspabi_slll_14</name>
         <value>0x7c2c</value>
         <object_component_ref idref="oc-223"/>
      </symbol>
      <symbol id="sm-5f0">
         <name>__mspabi_slll_13</name>
         <value>0x7c30</value>
         <object_component_ref idref="oc-223"/>
      </symbol>
      <symbol id="sm-5f1">
         <name>__mspabi_slll_12</name>
         <value>0x7c34</value>
         <object_component_ref idref="oc-223"/>
      </symbol>
      <symbol id="sm-5f2">
         <name>__mspabi_slll_11</name>
         <value>0x7c38</value>
         <object_component_ref idref="oc-223"/>
      </symbol>
      <symbol id="sm-5f3">
         <name>__mspabi_slll_10</name>
         <value>0x7c3c</value>
         <object_component_ref idref="oc-223"/>
      </symbol>
      <symbol id="sm-5fb">
         <name>__mspabi_srli_8</name>
         <value>0x7a74</value>
         <object_component_ref idref="oc-fb"/>
      </symbol>
      <symbol id="sm-5fc">
         <name>__mspabi_srli_9</name>
         <value>0x7a70</value>
         <object_component_ref idref="oc-fb"/>
      </symbol>
      <symbol id="sm-5fd">
         <name>__mspabi_srli_6</name>
         <value>0x7a7c</value>
         <object_component_ref idref="oc-fb"/>
      </symbol>
      <symbol id="sm-5fe">
         <name>__mspabi_srli_7</name>
         <value>0x7a78</value>
         <object_component_ref idref="oc-fb"/>
      </symbol>
      <symbol id="sm-5ff">
         <name>__mspabi_srli_4</name>
         <value>0x7a84</value>
         <object_component_ref idref="oc-fb"/>
      </symbol>
      <symbol id="sm-600">
         <name>__mspabi_srli_5</name>
         <value>0x7a80</value>
         <object_component_ref idref="oc-fb"/>
      </symbol>
      <symbol id="sm-601">
         <name>__mspabi_srli_2</name>
         <value>0x7a8c</value>
         <object_component_ref idref="oc-fb"/>
      </symbol>
      <symbol id="sm-602">
         <name>__mspabi_srli_3</name>
         <value>0x7a88</value>
         <object_component_ref idref="oc-fb"/>
      </symbol>
      <symbol id="sm-603">
         <name>__mspabi_srli_1</name>
         <value>0x7a90</value>
         <object_component_ref idref="oc-fb"/>
      </symbol>
      <symbol id="sm-604">
         <name>__mspabi_srli</name>
         <value>0x7a4a</value>
         <object_component_ref idref="oc-fb"/>
      </symbol>
      <symbol id="sm-605">
         <name>__mspabi_srli_15</name>
         <value>0x7a58</value>
         <object_component_ref idref="oc-fb"/>
      </symbol>
      <symbol id="sm-606">
         <name>__mspabi_srli_14</name>
         <value>0x7a5c</value>
         <object_component_ref idref="oc-fb"/>
      </symbol>
      <symbol id="sm-607">
         <name>__mspabi_srli_13</name>
         <value>0x7a60</value>
         <object_component_ref idref="oc-fb"/>
      </symbol>
      <symbol id="sm-608">
         <name>__mspabi_srli_12</name>
         <value>0x7a64</value>
         <object_component_ref idref="oc-fb"/>
      </symbol>
      <symbol id="sm-609">
         <name>__mspabi_srli_11</name>
         <value>0x7a68</value>
         <object_component_ref idref="oc-fb"/>
      </symbol>
      <symbol id="sm-60a">
         <name>__mspabi_srli_10</name>
         <value>0x7a6c</value>
         <object_component_ref idref="oc-fb"/>
      </symbol>
      <symbol id="sm-61a">
         <name>__mspabi_srll_8</name>
         <value>0x78c8</value>
         <object_component_ref idref="oc-2b6"/>
      </symbol>
      <symbol id="sm-61b">
         <name>__mspabi_srll_9</name>
         <value>0x78c2</value>
         <object_component_ref idref="oc-2b6"/>
      </symbol>
      <symbol id="sm-61c">
         <name>__mspabi_srll_6</name>
         <value>0x78d4</value>
         <object_component_ref idref="oc-2b6"/>
      </symbol>
      <symbol id="sm-61d">
         <name>__mspabi_srll_7</name>
         <value>0x78ce</value>
         <object_component_ref idref="oc-2b6"/>
      </symbol>
      <symbol id="sm-61e">
         <name>__mspabi_srll_4</name>
         <value>0x78e0</value>
         <object_component_ref idref="oc-2b6"/>
      </symbol>
      <symbol id="sm-61f">
         <name>__mspabi_srll_5</name>
         <value>0x78da</value>
         <object_component_ref idref="oc-2b6"/>
      </symbol>
      <symbol id="sm-620">
         <name>__mspabi_srll_2</name>
         <value>0x78ec</value>
         <object_component_ref idref="oc-2b6"/>
      </symbol>
      <symbol id="sm-621">
         <name>__mspabi_srll_3</name>
         <value>0x78e6</value>
         <object_component_ref idref="oc-2b6"/>
      </symbol>
      <symbol id="sm-622">
         <name>__mspabi_srll_1</name>
         <value>0x78f2</value>
         <object_component_ref idref="oc-2b6"/>
      </symbol>
      <symbol id="sm-623">
         <name>__mspabi_srll_15</name>
         <value>0x789e</value>
         <object_component_ref idref="oc-2b6"/>
      </symbol>
      <symbol id="sm-624">
         <name>__mspabi_srll_14</name>
         <value>0x78a4</value>
         <object_component_ref idref="oc-2b6"/>
      </symbol>
      <symbol id="sm-625">
         <name>__mspabi_srll_13</name>
         <value>0x78aa</value>
         <object_component_ref idref="oc-2b6"/>
      </symbol>
      <symbol id="sm-626">
         <name>__mspabi_srll_12</name>
         <value>0x78b0</value>
         <object_component_ref idref="oc-2b6"/>
      </symbol>
      <symbol id="sm-627">
         <name>__mspabi_srll_11</name>
         <value>0x78b6</value>
         <object_component_ref idref="oc-2b6"/>
      </symbol>
      <symbol id="sm-628">
         <name>__mspabi_srll_10</name>
         <value>0x78bc</value>
         <object_component_ref idref="oc-2b6"/>
      </symbol>
      <symbol id="sm-629">
         <name>__mspabi_srll</name>
         <value>0x7fb8</value>
         <object_component_ref idref="oc-361"/>
      </symbol>
      <symbol id="sm-638">
         <name>__mspabi_srlll</name>
         <value>0x7adc</value>
         <object_component_ref idref="oc-497"/>
      </symbol>
      <symbol id="sm-66b">
         <name>__mspabi_divull</name>
         <value>0x4478</value>
         <object_component_ref idref="oc-487"/>
      </symbol>
      <symbol id="sm-68d">
         <name>__mspabi_addd</name>
         <value>0x47d8</value>
         <object_component_ref idref="oc-21c"/>
      </symbol>
      <symbol id="sm-6a7">
         <name>__mspabi_cmpd</name>
         <value>0x6da4</value>
         <object_component_ref idref="oc-46d"/>
      </symbol>
      <symbol id="sm-6b4">
         <name>__mspabi_fixdi</name>
         <value>0x7e40</value>
         <object_component_ref idref="oc-504"/>
      </symbol>
      <symbol id="sm-6c3">
         <name>__mspabi_fixdli</name>
         <value>0x76fa</value>
         <object_component_ref idref="oc-4f2"/>
      </symbol>
      <symbol id="sm-6cc">
         <name>__mspabi_fltid</name>
         <value>0x8056</value>
         <object_component_ref idref="oc-528"/>
      </symbol>
      <symbol id="sm-6e3">
         <name>__mspabi_fltlid</name>
         <value>0x70b2</value>
         <object_component_ref idref="oc-4fe"/>
      </symbol>
      <symbol id="sm-704">
         <name>__TI_frcaddd</name>
         <value>0x54bc</value>
         <object_component_ref idref="oc-2d3"/>
      </symbol>
      <symbol id="sm-714">
         <name>__TI_frcmpyd</name>
         <value>0x4d5a</value>
         <object_component_ref idref="oc-214"/>
      </symbol>
      <symbol id="sm-71d">
         <name>__mspabi_negd</name>
         <value>0x7e16</value>
         <object_component_ref idref="oc-44f"/>
      </symbol>
      <symbol id="sm-730">
         <name>__TI_renormd</name>
         <value>0x6f44</value>
         <object_component_ref idref="oc-36b"/>
      </symbol>
      <symbol id="sm-73f">
         <name>__TI_ltoa</name>
         <value>0x7580</value>
         <object_component_ref idref="oc-4f8"/>
      </symbol>
      <symbol id="sm-752">
         <name>atoi</name>
         <value>0x79aa</value>
         <object_component_ref idref="oc-3e6"/>
      </symbol>
      <symbol id="sm-75c">
         <name>_ctypes_</name>
         <value>0x8098</value>
         <object_component_ref idref="oc-430"/>
      </symbol>
      <symbol id="sm-76b">
         <name>memccpy</name>
         <value>0x7e68</value>
         <object_component_ref idref="oc-400"/>
      </symbol>
      <symbol id="sm-779">
         <name>memset</name>
         <value>0x7f58</value>
         <object_component_ref idref="oc-3ed"/>
      </symbol>
      <symbol id="sm-788">
         <name>strchr</name>
         <value>0x7f14</value>
         <object_component_ref idref="oc-522"/>
      </symbol>
      <symbol id="sm-795">
         <name>strlen</name>
         <value>0x803c</value>
         <object_component_ref idref="oc-383"/>
      </symbol>
      <symbol id="sm-7a2">
         <name>toupper</name>
         <value>0x8062</value>
         <object_component_ref idref="oc-449"/>
      </symbol>
      <symbol id="sm-7a9">
         <name>errno</name>
         <value>0x1140</value>
         <object_component_ref idref="oc-40e"/>
      </symbol>
      <symbol id="sm-7b3">
         <name>abs</name>
         <value>0x806e</value>
         <object_component_ref idref="oc-50b"/>
      </symbol>
      <symbol id="sm-7cb">
         <name>wcslen</name>
         <value>0x7f80</value>
         <object_component_ref idref="oc-408"/>
      </symbol>
      <symbol id="sm-7e7">
         <name>frexpl</name>
         <value>0x7002</value>
         <object_component_ref idref="oc-4c7"/>
      </symbol>
      <symbol id="sm-7e8">
         <name>frexp</name>
         <value>0x7002</value>
         <object_component_ref idref="oc-4c7"/>
      </symbol>
      <symbol id="sm-800">
         <name>scalbn</name>
         <value>0x6692</value>
         <object_component_ref idref="oc-51c"/>
      </symbol>
      <symbol id="sm-801">
         <name>scalbnl</name>
         <value>0x6692</value>
         <object_component_ref idref="oc-51c"/>
      </symbol>
      <symbol id="sm-802">
         <name>ldexpl</name>
         <value>0x6692</value>
         <object_component_ref idref="oc-51c"/>
      </symbol>
      <symbol id="sm-803">
         <name>ldexp</name>
         <value>0x6692</value>
         <object_component_ref idref="oc-51c"/>
      </symbol>
      <symbol id="sm-80f">
         <name>__mspabi_remli</name>
         <value>0x7baa</value>
         <object_component_ref idref="oc-533"/>
      </symbol>
      <symbol id="sm-810">
         <name>__mspabi_divli</name>
         <value>0x7baa</value>
         <object_component_ref idref="oc-533"/>
      </symbol>
      <symbol id="sm-81d">
         <name>__mspabi_sllll</name>
         <value>0x7b66</value>
         <object_component_ref idref="oc-4e0"/>
      </symbol>
      <symbol id="sm-826">
         <name>copysign</name>
         <value>0x7d62</value>
         <object_component_ref idref="oc-545"/>
      </symbol>
      <symbol id="sm-827">
         <name>copysignl</name>
         <value>0x7d62</value>
         <object_component_ref idref="oc-545"/>
      </symbol>
   </symbol_table>
   <title>Link successful</title>
</link_info>
