******************************************************************************
                  MSP430 Linker PC v20.2.0                     
******************************************************************************
>> Linked Sat May 16 10:53:26 2020

OUTPUT FILE NAME:   <MSP430-ADC+CURRENT.out>
ENTRY POINT SYMBOL: "_c_int00_noargs"  address: 00007ed6


MEMORY CONFIGURATION

         name            origin    length      used     unused   attr    fill
----------------------  --------  ---------  --------  --------  ----  --------
  SFR                   00000000   00000010  00000000  00000010  RWIX
  PERIPHERALS_8BIT      00000010   000000f0  00000000  000000f0  RWIX
  PERIPHERALS_16BIT     00000100   00000100  00000000  00000100  RWIX
  INFOB                 00001000   00000080  00000000  00000080  RWIX
  INFOA                 00001080   00000080  00000000  00000080  RWIX
  RAM                   00001100   00002800  00000249  000025b7  RWIX
  FLASH                 00004000   0000bfe0  00004258  00007d88  RWIX
  INT00                 0000ffe0   00000002  00000002  00000000  RWIX
  INT01                 0000ffe2   00000002  00000002  00000000  RWIX
  INT02                 0000ffe4   00000002  00000002  00000000  RWIX
  INT03                 0000ffe6   00000002  00000002  00000000  RWIX
  INT04                 0000ffe8   00000002  00000002  00000000  RWIX
  INT05                 0000ffea   00000002  00000002  00000000  RWIX
  INT06                 0000ffec   00000002  00000002  00000000  RWIX
  INT07                 0000ffee   00000002  00000002  00000000  RWIX
  INT08                 0000fff0   00000002  00000002  00000000  RWIX
  INT09                 0000fff2   00000002  00000002  00000000  RWIX
  INT10                 0000fff4   00000002  00000002  00000000  RWIX
  INT11                 0000fff6   00000002  00000002  00000000  RWIX
  INT12                 0000fff8   00000002  00000002  00000000  RWIX
  INT13                 0000fffa   00000002  00000002  00000000  RWIX
  INT14                 0000fffc   00000002  00000002  00000000  RWIX
  RESET                 0000fffe   00000002  00000002  00000000  RWIX


SECTION ALLOCATION MAP

 output                                  attributes/
section   page    origin      length       input sections
--------  ----  ----------  ----------   ----------------
.data      0    00001100    00000042     UNINITIALIZED
                  00001100    00000040     lcd.obj (.data:LCD_table)
                  00001140    00000002     rts430_eabi.lib : errno.c.obj (.data)

.bss       0    00001142    00000013     UNINITIALIZED
                  00001142    00000004     (.common:curr)
                  00001146    00000004     (.common:rh)
                  0000114a    00000002     (.common:BufRptr)
                  0000114c    00000002     (.common:BufTptr)
                  0000114e    00000002     (.common:wait_i)
                  00001150    00000002     (.common:wait_j)
                  00001152    00000001     (.common:LCD_col)
                  00001153    00000001     (.common:LCD_row)
                  00001154    00000001     (.common:n)

.stack     0    0000370c    000001f4     UNINITIALIZED
                  0000370c    00000002     rts430_eabi.lib : boot.c.obj (.stack)
                  0000370e    000001f2     --HOLE--

.text      0    00004000    000040aa     
                  00004000    00000478     rts430_eabi.lib : frcdivd.c.obj (.text:__TI_frcdivd)
                  00004478    00000360                     : div64u.c.obj (.text:__mspabi_divull)
                  000047d8    000002fa                     : addd.c.obj (.text:__mspabi_addd)
                  00004ad2    00000288                     : _printfi.c.obj (.text:__TI_printfi)
                  00004d5a    00000286                     : frcmpyd.c.obj (.text:__TI_frcmpyd)
                  00004fe0    0000026e                     : mpyd.c.obj (.text:__mspabi_mpyd)
                  0000524e    0000026e                     : _printfi.c.obj (.text:_pproc_fgea)
                  000054bc    00000260                     : frcaddd.c.obj (.text:__TI_frcaddd)
                  0000571c    00000252                     : _printfi.c.obj (.text:_setfield)
                  0000596e    00000244                     : _printfi.c.obj (.text:acvt)
                  00005bb2    00000238                     : divd.c.obj (.text:__mspabi_divd)
                  00005dea    000001ec                     : _printfi.c.obj (.text:_getarg_diouxp)
                  00005fd6    000001de                     : _printfi.c.obj (.text:ecvt)
                  000061b4    000001c4                     : _printfi.c.obj (.text:fcvt)
                  00006378    000001a6                     : _printfi.c.obj (.text:_pconv_e)
                  0000651e    00000174                     : _printfi.c.obj (.text:_pconv_a)
                  00006692    0000016a                     : s_scalbn.c.obj (.text:scalbn)
                  000067fc    00000166     main.obj (.text:ADC_interrupt)
                  00006962    0000014c     rts430_eabi.lib : _printfi.c.obj (.text:_pproc_diouxp)
                  00006aae    0000012e                     : _printfi.c.obj (.text:_ltostr)
                  00006bdc    000000f8                     : _printfi.c.obj (.text:_pconv_g)
                  00006cd4    000000e0                     : _printfi.c.obj (.text:_pproc_fwp)
                  00006db4    000000dc                     : cmpd.c.obj (.text:__mspabi_cmpd)
                  00006e90    000000c4                     : _printfi.c.obj (.text:_pproc_wstr)
                  00006f54    000000be                     : renormd.c.obj (.text:__TI_renormd)
                  00007012    000000b0                     : s_frexp.c.obj (.text:frexp)
                  000070c2    000000ac                     : fltlid.c.obj (.text:__mspabi_fltlid)
                  0000716e    000000ac                     : _printfi.c.obj (.text:_pproc_str)
                  0000721a    000000ac     main.obj (.text:main)
                  000072c6    00000094     lcd.obj (.text:LCD_WriteByte)
                  0000735a    00000092     rts430_eabi.lib : _printfi.c.obj (.text:_mcpy)
                  000073ec    0000008e                     : _printfi.c.obj (.text:_ecpy)
                  0000747a    0000008c                     : cvtdf.c.obj (.text:__mspabi_cvtdf)
                  00007506    0000008a                     : fltuld.c.obj (.text:__mspabi_fltuld)
                  00007590    00000084                     : _ltoa.c.obj (.text:__TI_ltoa)
                  00007614    0000007c                     : copy_decompress_lzss.c.obj (.text:decompress:lzss:__TI_decompress_lzss)
                  00007690    0000007a                     : _printfi.c.obj (.text:_pconv_f)
                  0000770a    00000072                     : fixdli.c.obj (.text:__mspabi_fixdli)
                  0000777c    00000070                     : cvtfd.c.obj (.text:__mspabi_cvtfd)
                  000077ec    00000062     I2C.obj (.text:I2C_ISR)
                  0000784e    00000060     lcd.obj (.text:LCD_message)
                  000078ae    0000005c     rts430_eabi.lib : lsr32.asm.obj (.text:l_lsr_const)
                  0000790a    00000058                     : autoinit.c.obj (.text:__TI_auto_init_nobinit_nopinit_hold_wdt:__TI_auto_init_nobinit_nopinit_hold_wdt)
                  00007962    00000058                     : div32u.asm.obj (.text)
                  000079ba    00000052                     : atoi.c.obj (.text:atoi)
                  00007a0c    0000004e                     : _printfi.c.obj (.text:_fcpy)
                  00007a5a    0000004c                     : lsr16.asm.obj (.text)
                  00007aa6    00000046     lcd.obj (.text:LCD_init)
                  00007aec    00000046     rts430_eabi.lib : lsr64.c.obj (.text:__mspabi_srlll)
                  00007b32    00000044     lcd.obj (.text:LCD_set_pos)
                  00007b76    00000044     rts430_eabi.lib : lsl64.c.obj (.text:__mspabi_sllll)
                  00007bba    00000040                     : div32s.asm.obj (.text)
                  00007bfa    0000003e                     : asr32.asm.obj (.text:l_asr_const)
                  00007c38    0000003e                     : lsl32.asm.obj (.text:l_lsl_const)
                  00007c76    00000038                     : sprintf.c.obj (.text:sprintf)
                  00007cae    00000036     sysfunc.obj (.text:wait_1ms)
                  00007ce4    00000032     main.obj (.text:ADC_init)
                  00007d16    00000030     sysfunc.obj (.text:Init_System_Clock)
                  00007d46    0000002e     rts430_eabi.lib : subd.c.obj (.text:__mspabi_subd)
                  00007d74    0000002e                     : s_copysign.c.obj (.text:copysign)
                  00007da2    0000002e                     : mult32_hw.asm.obj (.text)
                  00007dd0    0000002c                     : asr16.asm.obj (.text)
                  00007dfc    0000002c                     : lsl16.asm.obj (.text)
                  00007e28    0000002a                     : negd.c.obj (.text:__mspabi_negd)
                  00007e52    00000028                     : fixdi.c.obj (.text:__mspabi_fixdi)
                  00007e7a    00000022                     : memccpy.c.obj (.text:memccpy)
                  00007e9c    0000001e     lcd.obj (.text:LCD_set_cursor)
                  00007eba    0000001c     lcd.obj (.text:LCD_recode)
                  00007ed6    0000001c     rts430_eabi.lib : boot.c.obj (.text:_c_int00_noargs)
                  00007ef2    0000001a     main.obj (.text:Timer_A_init)
                  00007f0c    0000001a     rts430_eabi.lib : sprintf.c.obj (.text:_outs)
                  00007f26    0000001a                     : strchr.c.obj (.text:strchr)
                  00007f40    00000016                     : div16u.asm.obj (.text)
                  00007f56    00000014                     : copy_zero_init.c.obj (.text:decompress:ZI:__TI_zero_init_nomemset:__TI_zero_init_nomemset)
                  00007f6a    00000014                     : memset.c.obj (.text:memset)
                  00007f7e    00000014                     : mult16_hw.asm.obj (.text)
                  00007f92    00000014                     : wcslen.c.obj (.text:wcslen)
                  00007fa6    00000012                     : sprintf.c.obj (.text:_outc)
                  00007fb8    00000012                     : copy_decompress_none.c.obj (.text:decompress:none:__TI_decompress_none)
                  00007fca    00000012                     : lsr32.asm.obj (.text:l_lsr)
                  00007fdc    00000012                     : memcpy.c.obj (.text:memcpy)
                  00007fee    00000010     lcd.obj (.text:LCD_WriteCommand)
                  00007ffe    00000010     lcd.obj (.text:LCD_WriteData)
                  0000800e    00000010     lcd.obj (.text:LCD_clear)
                  0000801e    00000010     rts430_eabi.lib : asr32.asm.obj (.text:l_asr)
                  0000802e    00000010                     : lsl32.asm.obj (.text:l_lsl)
                  0000803e    00000010                     : epilog.asm.obj (.text)
                  0000804e    0000000e                     : strlen.c.obj (.text:strlen)
                  0000805c    0000000c     sysfunc.obj (.text:Init_System)
                  00008068    0000000c     rts430_eabi.lib : fltid.c.obj (.text:__mspabi_fltid)
                  00008074    0000000c                     : toupper.c.obj (.text:toupper)
                  00008080    0000000a                     : abs.c.obj (.text:abs)
                  0000808a    00000008                     : isr_trap.asm.obj (.text:_isr:__TI_ISR_TRAP)
                  00008092    00000006     msp430_initialize_unused_interrrupt_vectors.obj (.text:ISR_trap)
                  00008098    00000006     rts430_eabi.lib : fltud.c.obj (.text:__mspabi_fltud)
                  0000809e    00000006                     : exit.c.obj (.text:abort)
                  000080a4    00000004                     : pre_init.c.obj (.text:_system_pre_init)
                  000080a8    00000002                     : startup.c.obj (.text:_system_post_cinit)

.const     0    000080aa    00000156     
                  000080aa    00000101     rts430_eabi.lib : ctype.c.obj (.const:.string:_ctypes_)
                  000081ab    00000001     --HOLE-- [fill = 0]
                  000081ac    00000026                     : _printfi.c.obj (.const:.string)
                  000081d2    00000018     main.obj (.const)
                  000081ea    00000016     main.obj (.const:.string)

.cinit     0    00008200    00000058     
                  00008200    00000046     (.cinit..data.load) [load image]
                  00008246    00000006     (__TI_handler_table)
                  0000824c    00000004     (.cinit..bss.load) [load image, compression = zero_init]
                  00008250    00000008     (__TI_cinit_table)

.init_array 
*          0    00004000    00000000     UNINITIALIZED

DACDMA     0    0000ffe0    00000002     
                  0000ffe0    00000002     msp430_initialize_unused_interrrupt_vectors.obj (.int00)

PORT2      0    0000ffe2    00000002     
                  0000ffe2    00000002     msp430_initialize_unused_interrrupt_vectors.obj (.int01)

USART1TX   0    0000ffe4    00000002     
                  0000ffe4    00000002     msp430_initialize_unused_interrrupt_vectors.obj (.int02)

USART1RX   0    0000ffe6    00000002     
                  0000ffe6    00000002     msp430_initialize_unused_interrrupt_vectors.obj (.int03)

PORT1      0    0000ffe8    00000002     
                  0000ffe8    00000002     msp430_initialize_unused_interrrupt_vectors.obj (.int04)

TIMERA1    0    0000ffea    00000002     
                  0000ffea    00000002     rts430_eabi.lib : int05.asm.obj (.int05)

TIMERA0    0    0000ffec    00000002     
                  0000ffec    00000002     msp430_initialize_unused_interrrupt_vectors.obj (.int06)

ADC12      0    0000ffee    00000002     
                  0000ffee    00000002     main.obj (.int07)

USART0TX   0    0000fff0    00000002     
                  0000fff0    00000002     I2C.obj (.int08)

USART0RX   0    0000fff2    00000002     
                  0000fff2    00000002     rts430_eabi.lib : int09.asm.obj (.int09)

WDT        0    0000fff4    00000002     
                  0000fff4    00000002     msp430_initialize_unused_interrrupt_vectors.obj (.int10)

COMPARATORA 
*          0    0000fff6    00000002     
                  0000fff6    00000002     msp430_initialize_unused_interrrupt_vectors.obj (.int11)

TIMERB1    0    0000fff8    00000002     
                  0000fff8    00000002     msp430_initialize_unused_interrrupt_vectors.obj (.int12)

TIMERB0    0    0000fffa    00000002     
                  0000fffa    00000002     msp430_initialize_unused_interrrupt_vectors.obj (.int13)

NMI        0    0000fffc    00000002     
                  0000fffc    00000002     msp430_initialize_unused_interrrupt_vectors.obj (.int14)

.reset     0    0000fffe    00000002     
                  0000fffe    00000002     rts430_eabi.lib : boot.c.obj (.reset)

MODULE SUMMARY

       Module                                            code    ro data   rw data
       ------                                            ----    -------   -------
    .\
       main.obj                                          606     48        16     
       lcd.obj                                           488     0         67     
       sysfunc.obj                                       114     0         0      
       I2C.obj                                           98      2         0      
       msp430_initialize_unused_interrrupt_vectors.obj   6       22        0      
    +--+-------------------------------------------------+-------+---------+---------+
       Total:                                            1312    72        83     
                                                                                  
    C:\ti\ccs1000\ccs\tools\compiler\ti-cgt-msp430_20.2.0.LTS\lib\rts430_eabi.lib
       _printfi.c.obj                                    6622    38        0      
       frcdivd.c.obj                                     1144    0         0      
       div64u.c.obj                                      864     0         0      
       addd.c.obj                                        762     0         0      
       frcmpyd.c.obj                                     646     0         0      
       mpyd.c.obj                                        622     0         0      
       frcaddd.c.obj                                     608     0         0      
       divd.c.obj                                        568     0         0      
       s_scalbn.c.obj                                    362     0         0      
       ctype.c.obj                                       0       257       0      
       cmpd.c.obj                                        220     0         0      
       renormd.c.obj                                     190     0         0      
       s_frexp.c.obj                                     176     0         0      
       fltlid.c.obj                                      172     0         0      
       cvtdf.c.obj                                       140     0         0      
       fltuld.c.obj                                      138     0         0      
       _ltoa.c.obj                                       132     0         0      
       copy_decompress_lzss.c.obj                        124     0         0      
       fixdli.c.obj                                      114     0         0      
       cvtfd.c.obj                                       112     0         0      
       lsr32.asm.obj                                     110     0         0      
       sprintf.c.obj                                     100     0         0      
       autoinit.c.obj                                    88      0         0      
       div32u.asm.obj                                    88      0         0      
       atoi.c.obj                                        82      0         0      
       asr32.asm.obj                                     78      0         0      
       lsl32.asm.obj                                     78      0         0      
       lsr16.asm.obj                                     76      0         0      
       lsr64.c.obj                                       70      0         0      
       lsl64.c.obj                                       68      0         0      
       div32s.asm.obj                                    64      0         0      
       mult32_hw.asm.obj                                 46      0         0      
       s_copysign.c.obj                                  46      0         0      
       subd.c.obj                                        46      0         0      
       asr16.asm.obj                                     44      0         0      
       lsl16.asm.obj                                     44      0         0      
       negd.c.obj                                        42      0         0      
       fixdi.c.obj                                       40      0         0      
       memccpy.c.obj                                     34      0         0      
       boot.c.obj                                        28      2         0      
       strchr.c.obj                                      26      0         0      
       div16u.asm.obj                                    22      0         0      
       copy_zero_init.c.obj                              20      0         0      
       memset.c.obj                                      20      0         0      
       mult16_hw.asm.obj                                 20      0         0      
       wcslen.c.obj                                      20      0         0      
       copy_decompress_none.c.obj                        18      0         0      
       memcpy.c.obj                                      18      0         0      
       epilog.asm.obj                                    16      0         0      
       strlen.c.obj                                      14      0         0      
       fltid.c.obj                                       12      0         0      
       toupper.c.obj                                     12      0         0      
       abs.c.obj                                         10      0         0      
       isr_trap.asm.obj                                  8       0         0      
       exit.c.obj                                        6       0         0      
       fltud.c.obj                                       6       0         0      
       pre_init.c.obj                                    4       0         0      
       errno.c.obj                                       0       0         2      
       int05.asm.obj                                     0       2         0      
       int09.asm.obj                                     0       2         0      
       startup.c.obj                                     2       0         0      
    +--+-------------------------------------------------+-------+---------+---------+
       Total:                                            15242   301       2      
                                                                                  
       Stack:                                            0       0         500    
       Linker Generated:                                 0       88        0      
    +--+-------------------------------------------------+-------+---------+---------+
       Grand Total:                                      16554   461       585    


LINKER GENERATED COPY TABLES

__TI_cinit_table @ 00008250 records: 2, size/record: 4, table size: 8
	.data: load addr=00008200, load size=00000046 bytes, run addr=00001100, run size=00000042 bytes, compression=copy
	.bss: load addr=0000824c, load size=00000004 bytes, run addr=00001142, run size=00000013 bytes, compression=zero_init


LINKER GENERATED HANDLER TABLE

__TI_handler_table @ 00008246 records: 3, size/record: 2, table size: 6
	index: 0, handler: __TI_zero_init
	index: 1, handler: __TI_decompress_lzss
	index: 2, handler: __TI_decompress_none


GLOBAL SYMBOLS: SORTED ALPHABETICALLY BY Name 

address   name                                   
-------   ----                                   
000001a0  ADC12CTL0                              
000001a2  ADC12CTL1                              
000001a6  ADC12IE                                
000001a4  ADC12IFG                               
000001a8  ADC12IV                                
00000080  ADC12MCTL0                             
00000081  ADC12MCTL1                             
0000008a  ADC12MCTL10                            
0000008b  ADC12MCTL11                            
0000008c  ADC12MCTL12                            
0000008d  ADC12MCTL13                            
0000008e  ADC12MCTL14                            
0000008f  ADC12MCTL15                            
00000082  ADC12MCTL2                             
00000083  ADC12MCTL3                             
00000084  ADC12MCTL4                             
00000085  ADC12MCTL5                             
00000086  ADC12MCTL6                             
00000087  ADC12MCTL7                             
00000088  ADC12MCTL8                             
00000089  ADC12MCTL9                             
00000140  ADC12MEM0                              
00000142  ADC12MEM1                              
00000154  ADC12MEM10                             
00000156  ADC12MEM11                             
00000158  ADC12MEM12                             
0000015a  ADC12MEM13                             
0000015c  ADC12MEM14                             
0000015e  ADC12MEM15                             
00000144  ADC12MEM2                              
00000146  ADC12MEM3                              
00000148  ADC12MEM4                              
0000014a  ADC12MEM5                              
0000014c  ADC12MEM6                              
0000014e  ADC12MEM7                              
00000150  ADC12MEM8                              
00000152  ADC12MEM9                              
00007ce4  ADC_init                               
000067fc  ADC_interrupt                          
00000057  BCSCTL1                                
00000058  BCSCTL2                                
0000114a  BufRptr                                
0000114c  BufTptr                                
0000809e  C$$EXIT                                
00000059  CACTL1                                 
0000005a  CACTL2                                 
0000005b  CAPD                                   
000001c0  DAC12_0CTL                             
000001c8  DAC12_0DAT                             
000001c2  DAC12_1CTL                             
000001ca  DAC12_1DAT                             
00000056  DCOCTL                                 
000001e0  DMA0CTL                                
000001e4  DMA0DA                                 
000001e2  DMA0SA                                 
000001e6  DMA0SZ                                 
000001e8  DMA1CTL                                
000001ec  DMA1DA                                 
000001ea  DMA1SA                                 
000001ee  DMA1SZ                                 
000001f0  DMA2CTL                                
000001f4  DMA2DA                                 
000001f2  DMA2SA                                 
000001f6  DMA2SZ                                 
00000122  DMACTL0                                
00000124  DMACTL1                                
00000128  FCTL1                                  
0000012a  FCTL2                                  
0000012c  FCTL3                                  
000081de  HIH_divisor                            
000081da  HIH_ion                                
000081d6  HIH_slope                              
000081d2  HIH_zero_offset                        
00000072  I2CDCTL                                
00000076  I2CDRB                                 
00000076  I2CDRW                                 
00000050  I2CIE                                  
00000051  I2CIFG                                 
0000011c  I2CIV                                  
00000052  I2CNDAT                                
00000118  I2COA                                  
00000073  I2CPSC                                 
0000011a  I2CSA                                  
00000074  I2CSCLH                                
00000075  I2CSCLL                                
00000071  I2CTCTL                                
000077ec  I2C_ISR                                
00000000  IE1                                    
00000001  IE2                                    
00000002  IFG1                                   
00000003  IFG2                                   
000081e6  INA_RL                                 
000081e2  INA_RS                                 
00008092  ISR_trap                               
0000805c  Init_System                            
00007d16  Init_System_Clock                      
000072c6  LCD_WriteByte                          
00007fee  LCD_WriteCommand                       
00007ffe  LCD_WriteData                          
0000800e  LCD_clear                              
00001152  LCD_col                                
00007aa6  LCD_init                               
0000784e  LCD_message                            
00007eba  LCD_recode                             
00001153  LCD_row                                
00007e9c  LCD_set_cursor                         
00007b32  LCD_set_pos                            
00001100  LCD_table                              
00000134  MAC                                    
00000136  MACS                                   
00000004  ME1                                    
00000005  ME2                                    
00000130  MPY                                    
00000132  MPYS                                   
00000138  OP2                                    
00000022  P1DIR                                  
00000025  P1IE                                   
00000024  P1IES                                  
00000023  P1IFG                                  
00000020  P1IN                                   
00000021  P1OUT                                  
00000026  P1SEL                                  
0000002a  P2DIR                                  
0000002d  P2IE                                   
0000002c  P2IES                                  
0000002b  P2IFG                                  
00000028  P2IN                                   
00000029  P2OUT                                  
0000002e  P2SEL                                  
0000001a  P3DIR                                  
00000018  P3IN                                   
00000019  P3OUT                                  
0000001b  P3SEL                                  
0000001e  P4DIR                                  
0000001c  P4IN                                   
0000001d  P4OUT                                  
0000001f  P4SEL                                  
00000032  P5DIR                                  
00000030  P5IN                                   
00000031  P5OUT                                  
00000033  P5SEL                                  
00000036  P6DIR                                  
00000034  P6IN                                   
00000035  P6OUT                                  
00000037  P6SEL                                  
0000013c  RESHI                                  
0000013a  RESLO                                  
0000013e  SUMEXT                                 
00000055  SVSCTL                                 
00000172  TACCR0                                 
00000174  TACCR1                                 
00000176  TACCR2                                 
00000162  TACCTL0                                
00000164  TACCTL1                                
00000166  TACCTL2                                
00000160  TACTL                                  
0000012e  TAIV                                   
00000170  TAR                                    
00000192  TBCCR0                                 
00000194  TBCCR1                                 
00000196  TBCCR2                                 
00000198  TBCCR3                                 
0000019a  TBCCR4                                 
0000019c  TBCCR5                                 
0000019e  TBCCR6                                 
00000182  TBCCTL0                                
00000184  TBCCTL1                                
00000186  TBCCTL2                                
00000188  TBCCTL3                                
0000018a  TBCCTL4                                
0000018c  TBCCTL5                                
0000018e  TBCCTL6                                
00000180  TBCTL                                  
0000011e  TBIV                                   
00000190  TBR                                    
00007ef2  Timer_A_init                           
00000074  U0BR0                                  
00000075  U0BR1                                  
00000070  U0CTL                                  
00000073  U0MCTL                                 
00000072  U0RCTL                                 
00000076  U0RXBUF                                
00000071  U0TCTL                                 
00000077  U0TXBUF                                
0000007c  U1BR0                                  
0000007d  U1BR1                                  
00000078  U1CTL                                  
0000007b  U1MCTL                                 
0000007a  U1RCTL                                 
0000007e  U1RXBUF                                
00000079  U1TCTL                                 
0000007f  U1TXBUF                                
00000120  WDTCTL                                 
00003900  __STACK_END                            
000001f4  __STACK_SIZE                           
00008250  __TI_CINIT_Base                        
00008258  __TI_CINIT_Limit                       
00008246  __TI_Handler_Table_Base                
0000824c  __TI_Handler_Table_Limit               
0000808a  __TI_ISR_TRAP                          
0000790a  __TI_auto_init_nobinit_nopinit_hold_wdt
00007614  __TI_decompress_lzss                   
00007fb8  __TI_decompress_none                   
000054bc  __TI_frcaddd                           
00004000  __TI_frcdivd                           
00004d5a  __TI_frcmpyd                           
0000ffe0  __TI_int00                             
0000ffe2  __TI_int01                             
0000ffe4  __TI_int02                             
0000ffe6  __TI_int03                             
0000ffe8  __TI_int04                             
0000ffea  __TI_int05                             
0000ffec  __TI_int06                             
0000ffee  __TI_int07                             
0000fff0  __TI_int08                             
0000fff2  __TI_int09                             
0000fff4  __TI_int10                             
0000fff6  __TI_int11                             
0000fff8  __TI_int12                             
0000fffa  __TI_int13                             
0000fffc  __TI_int14                             
00007590  __TI_ltoa                              
ffffffff  __TI_pprof_out_hndl                    
00004ad2  __TI_printfi                           
ffffffff  __TI_prof_data_size                    
ffffffff  __TI_prof_data_start                   
00006f54  __TI_renormd                           
00007f56  __TI_zero_init_nomemset                
ffffffff  __c_args__                             
000047d8  __mspabi_addd                          
00006db4  __mspabi_cmpd                          
0000747a  __mspabi_cvtdf                         
0000777c  __mspabi_cvtfd                         
00005bb2  __mspabi_divd                          
00007bba  __mspabi_divli                         
00007f40  __mspabi_divu                          
00007962  __mspabi_divul                         
00004478  __mspabi_divull                        
00007e52  __mspabi_fixdi                         
0000770a  __mspabi_fixdli                        
00008068  __mspabi_fltid                         
000070c2  __mspabi_fltlid                        
00008098  __mspabi_fltud                         
00007506  __mspabi_fltuld                        
0000804a  __mspabi_func_epilog_1                 
00008048  __mspabi_func_epilog_2                 
00008046  __mspabi_func_epilog_3                 
00008044  __mspabi_func_epilog_4                 
00008042  __mspabi_func_epilog_5                 
00008040  __mspabi_func_epilog_6                 
0000803e  __mspabi_func_epilog_7                 
00004fe0  __mspabi_mpyd                          
00007f7e  __mspabi_mpyi_hw                       
00007da2  __mspabi_mpyl_hw                       
00007e28  __mspabi_negd                          
00007bba  __mspabi_remli                         
00007f40  __mspabi_remu                          
00007962  __mspabi_remul                         
00007dfc  __mspabi_slli                          
00007e24  __mspabi_slli_1                        
00007e12  __mspabi_slli_10                       
00007e10  __mspabi_slli_11                       
00007e0e  __mspabi_slli_12                       
00007e0c  __mspabi_slli_13                       
00007e0a  __mspabi_slli_14                       
00007e08  __mspabi_slli_15                       
00007e22  __mspabi_slli_2                        
00007e20  __mspabi_slli_3                        
00007e1e  __mspabi_slli_4                        
00007e1c  __mspabi_slli_5                        
00007e1a  __mspabi_slli_6                        
00007e18  __mspabi_slli_7                        
00007e16  __mspabi_slli_8                        
00007e14  __mspabi_slli_9                        
0000802e  __mspabi_slll                          
00007c70  __mspabi_slll_1                        
00007c4c  __mspabi_slll_10                       
00007c48  __mspabi_slll_11                       
00007c44  __mspabi_slll_12                       
00007c40  __mspabi_slll_13                       
00007c3c  __mspabi_slll_14                       
00007c38  __mspabi_slll_15                       
00007c6c  __mspabi_slll_2                        
00007c68  __mspabi_slll_3                        
00007c64  __mspabi_slll_4                        
00007c60  __mspabi_slll_5                        
00007c5c  __mspabi_slll_6                        
00007c58  __mspabi_slll_7                        
00007c54  __mspabi_slll_8                        
00007c50  __mspabi_slll_9                        
00007b76  __mspabi_sllll                         
00007dd0  __mspabi_srai                          
00007df8  __mspabi_srai_1                        
00007de6  __mspabi_srai_10                       
00007de4  __mspabi_srai_11                       
00007de2  __mspabi_srai_12                       
00007de0  __mspabi_srai_13                       
00007dde  __mspabi_srai_14                       
00007ddc  __mspabi_srai_15                       
00007df6  __mspabi_srai_2                        
00007df4  __mspabi_srai_3                        
00007df2  __mspabi_srai_4                        
00007df0  __mspabi_srai_5                        
00007dee  __mspabi_srai_6                        
00007dec  __mspabi_srai_7                        
00007dea  __mspabi_srai_8                        
00007de8  __mspabi_srai_9                        
0000801e  __mspabi_sral                          
00007c32  __mspabi_sral_1                        
00007c0e  __mspabi_sral_10                       
00007c0a  __mspabi_sral_11                       
00007c06  __mspabi_sral_12                       
00007c02  __mspabi_sral_13                       
00007bfe  __mspabi_sral_14                       
00007bfa  __mspabi_sral_15                       
00007c2e  __mspabi_sral_2                        
00007c2a  __mspabi_sral_3                        
00007c26  __mspabi_sral_4                        
00007c22  __mspabi_sral_5                        
00007c1e  __mspabi_sral_6                        
00007c1a  __mspabi_sral_7                        
00007c16  __mspabi_sral_8                        
00007c12  __mspabi_sral_9                        
00007a5a  __mspabi_srli                          
00007aa0  __mspabi_srli_1                        
00007a7c  __mspabi_srli_10                       
00007a78  __mspabi_srli_11                       
00007a74  __mspabi_srli_12                       
00007a70  __mspabi_srli_13                       
00007a6c  __mspabi_srli_14                       
00007a68  __mspabi_srli_15                       
00007a9c  __mspabi_srli_2                        
00007a98  __mspabi_srli_3                        
00007a94  __mspabi_srli_4                        
00007a90  __mspabi_srli_5                        
00007a8c  __mspabi_srli_6                        
00007a88  __mspabi_srli_7                        
00007a84  __mspabi_srli_8                        
00007a80  __mspabi_srli_9                        
00007fca  __mspabi_srll                          
00007902  __mspabi_srll_1                        
000078cc  __mspabi_srll_10                       
000078c6  __mspabi_srll_11                       
000078c0  __mspabi_srll_12                       
000078ba  __mspabi_srll_13                       
000078b4  __mspabi_srll_14                       
000078ae  __mspabi_srll_15                       
000078fc  __mspabi_srll_2                        
000078f6  __mspabi_srll_3                        
000078f0  __mspabi_srll_4                        
000078ea  __mspabi_srll_5                        
000078e4  __mspabi_srll_6                        
000078de  __mspabi_srll_7                        
000078d8  __mspabi_srll_8                        
000078d2  __mspabi_srll_9                        
00007aec  __mspabi_srlll                         
00007d46  __mspabi_subd                          
00007ed6  _c_int00_noargs                        
000080aa  _ctypes_                               
0000fffe  _reset_vector                          
0000370c  _stack                                 
000080a8  _system_post_cinit                     
000080a4  _system_pre_init                       
0000809e  abort                                  
00008080  abs                                    
000079ba  atoi                                   
00007d74  copysign                               
00007d74  copysignl                              
00001142  curr                                   
00001140  errno                                  
00007012  frexp                                  
00007012  frexpl                                 
00006692  ldexp                                  
00006692  ldexpl                                 
0000721a  main                                   
00007e7a  memccpy                                
00007fdc  memcpy                                 
00007f6a  memset                                 
00001154  n                                      
00001146  rh                                     
00006692  scalbn                                 
00006692  scalbnl                                
00007c76  sprintf                                
00007f26  strchr                                 
0000804e  strlen                                 
00008074  toupper                                
00007cae  wait_1ms                               
0000114e  wait_i                                 
00001150  wait_j                                 
00007f92  wcslen                                 


GLOBAL SYMBOLS: SORTED BY Symbol Address 

address   name                                   
-------   ----                                   
00000000  IE1                                    
00000001  IE2                                    
00000002  IFG1                                   
00000003  IFG2                                   
00000004  ME1                                    
00000005  ME2                                    
00000018  P3IN                                   
00000019  P3OUT                                  
0000001a  P3DIR                                  
0000001b  P3SEL                                  
0000001c  P4IN                                   
0000001d  P4OUT                                  
0000001e  P4DIR                                  
0000001f  P4SEL                                  
00000020  P1IN                                   
00000021  P1OUT                                  
00000022  P1DIR                                  
00000023  P1IFG                                  
00000024  P1IES                                  
00000025  P1IE                                   
00000026  P1SEL                                  
00000028  P2IN                                   
00000029  P2OUT                                  
0000002a  P2DIR                                  
0000002b  P2IFG                                  
0000002c  P2IES                                  
0000002d  P2IE                                   
0000002e  P2SEL                                  
00000030  P5IN                                   
00000031  P5OUT                                  
00000032  P5DIR                                  
00000033  P5SEL                                  
00000034  P6IN                                   
00000035  P6OUT                                  
00000036  P6DIR                                  
00000037  P6SEL                                  
00000050  I2CIE                                  
00000051  I2CIFG                                 
00000052  I2CNDAT                                
00000055  SVSCTL                                 
00000056  DCOCTL                                 
00000057  BCSCTL1                                
00000058  BCSCTL2                                
00000059  CACTL1                                 
0000005a  CACTL2                                 
0000005b  CAPD                                   
00000070  U0CTL                                  
00000071  I2CTCTL                                
00000071  U0TCTL                                 
00000072  I2CDCTL                                
00000072  U0RCTL                                 
00000073  I2CPSC                                 
00000073  U0MCTL                                 
00000074  I2CSCLH                                
00000074  U0BR0                                  
00000075  I2CSCLL                                
00000075  U0BR1                                  
00000076  I2CDRB                                 
00000076  I2CDRW                                 
00000076  U0RXBUF                                
00000077  U0TXBUF                                
00000078  U1CTL                                  
00000079  U1TCTL                                 
0000007a  U1RCTL                                 
0000007b  U1MCTL                                 
0000007c  U1BR0                                  
0000007d  U1BR1                                  
0000007e  U1RXBUF                                
0000007f  U1TXBUF                                
00000080  ADC12MCTL0                             
00000081  ADC12MCTL1                             
00000082  ADC12MCTL2                             
00000083  ADC12MCTL3                             
00000084  ADC12MCTL4                             
00000085  ADC12MCTL5                             
00000086  ADC12MCTL6                             
00000087  ADC12MCTL7                             
00000088  ADC12MCTL8                             
00000089  ADC12MCTL9                             
0000008a  ADC12MCTL10                            
0000008b  ADC12MCTL11                            
0000008c  ADC12MCTL12                            
0000008d  ADC12MCTL13                            
0000008e  ADC12MCTL14                            
0000008f  ADC12MCTL15                            
00000118  I2COA                                  
0000011a  I2CSA                                  
0000011c  I2CIV                                  
0000011e  TBIV                                   
00000120  WDTCTL                                 
00000122  DMACTL0                                
00000124  DMACTL1                                
00000128  FCTL1                                  
0000012a  FCTL2                                  
0000012c  FCTL3                                  
0000012e  TAIV                                   
00000130  MPY                                    
00000132  MPYS                                   
00000134  MAC                                    
00000136  MACS                                   
00000138  OP2                                    
0000013a  RESLO                                  
0000013c  RESHI                                  
0000013e  SUMEXT                                 
00000140  ADC12MEM0                              
00000142  ADC12MEM1                              
00000144  ADC12MEM2                              
00000146  ADC12MEM3                              
00000148  ADC12MEM4                              
0000014a  ADC12MEM5                              
0000014c  ADC12MEM6                              
0000014e  ADC12MEM7                              
00000150  ADC12MEM8                              
00000152  ADC12MEM9                              
00000154  ADC12MEM10                             
00000156  ADC12MEM11                             
00000158  ADC12MEM12                             
0000015a  ADC12MEM13                             
0000015c  ADC12MEM14                             
0000015e  ADC12MEM15                             
00000160  TACTL                                  
00000162  TACCTL0                                
00000164  TACCTL1                                
00000166  TACCTL2                                
00000170  TAR                                    
00000172  TACCR0                                 
00000174  TACCR1                                 
00000176  TACCR2                                 
00000180  TBCTL                                  
00000182  TBCCTL0                                
00000184  TBCCTL1                                
00000186  TBCCTL2                                
00000188  TBCCTL3                                
0000018a  TBCCTL4                                
0000018c  TBCCTL5                                
0000018e  TBCCTL6                                
00000190  TBR                                    
00000192  TBCCR0                                 
00000194  TBCCR1                                 
00000196  TBCCR2                                 
00000198  TBCCR3                                 
0000019a  TBCCR4                                 
0000019c  TBCCR5                                 
0000019e  TBCCR6                                 
000001a0  ADC12CTL0                              
000001a2  ADC12CTL1                              
000001a4  ADC12IFG                               
000001a6  ADC12IE                                
000001a8  ADC12IV                                
000001c0  DAC12_0CTL                             
000001c2  DAC12_1CTL                             
000001c8  DAC12_0DAT                             
000001ca  DAC12_1DAT                             
000001e0  DMA0CTL                                
000001e2  DMA0SA                                 
000001e4  DMA0DA                                 
000001e6  DMA0SZ                                 
000001e8  DMA1CTL                                
000001ea  DMA1SA                                 
000001ec  DMA1DA                                 
000001ee  DMA1SZ                                 
000001f0  DMA2CTL                                
000001f2  DMA2SA                                 
000001f4  DMA2DA                                 
000001f4  __STACK_SIZE                           
000001f6  DMA2SZ                                 
00001100  LCD_table                              
00001140  errno                                  
00001142  curr                                   
00001146  rh                                     
0000114a  BufRptr                                
0000114c  BufTptr                                
0000114e  wait_i                                 
00001150  wait_j                                 
00001152  LCD_col                                
00001153  LCD_row                                
00001154  n                                      
0000370c  _stack                                 
00003900  __STACK_END                            
00004000  __TI_frcdivd                           
00004478  __mspabi_divull                        
000047d8  __mspabi_addd                          
00004ad2  __TI_printfi                           
00004d5a  __TI_frcmpyd                           
00004fe0  __mspabi_mpyd                          
000054bc  __TI_frcaddd                           
00005bb2  __mspabi_divd                          
00006692  ldexp                                  
00006692  ldexpl                                 
00006692  scalbn                                 
00006692  scalbnl                                
000067fc  ADC_interrupt                          
00006db4  __mspabi_cmpd                          
00006f54  __TI_renormd                           
00007012  frexp                                  
00007012  frexpl                                 
000070c2  __mspabi_fltlid                        
0000721a  main                                   
000072c6  LCD_WriteByte                          
0000747a  __mspabi_cvtdf                         
00007506  __mspabi_fltuld                        
00007590  __TI_ltoa                              
00007614  __TI_decompress_lzss                   
0000770a  __mspabi_fixdli                        
0000777c  __mspabi_cvtfd                         
000077ec  I2C_ISR                                
0000784e  LCD_message                            
000078ae  __mspabi_srll_15                       
000078b4  __mspabi_srll_14                       
000078ba  __mspabi_srll_13                       
000078c0  __mspabi_srll_12                       
000078c6  __mspabi_srll_11                       
000078cc  __mspabi_srll_10                       
000078d2  __mspabi_srll_9                        
000078d8  __mspabi_srll_8                        
000078de  __mspabi_srll_7                        
000078e4  __mspabi_srll_6                        
000078ea  __mspabi_srll_5                        
000078f0  __mspabi_srll_4                        
000078f6  __mspabi_srll_3                        
000078fc  __mspabi_srll_2                        
00007902  __mspabi_srll_1                        
0000790a  __TI_auto_init_nobinit_nopinit_hold_wdt
00007962  __mspabi_divul                         
00007962  __mspabi_remul                         
000079ba  atoi                                   
00007a5a  __mspabi_srli                          
00007a68  __mspabi_srli_15                       
00007a6c  __mspabi_srli_14                       
00007a70  __mspabi_srli_13                       
00007a74  __mspabi_srli_12                       
00007a78  __mspabi_srli_11                       
00007a7c  __mspabi_srli_10                       
00007a80  __mspabi_srli_9                        
00007a84  __mspabi_srli_8                        
00007a88  __mspabi_srli_7                        
00007a8c  __mspabi_srli_6                        
00007a90  __mspabi_srli_5                        
00007a94  __mspabi_srli_4                        
00007a98  __mspabi_srli_3                        
00007a9c  __mspabi_srli_2                        
00007aa0  __mspabi_srli_1                        
00007aa6  LCD_init                               
00007aec  __mspabi_srlll                         
00007b32  LCD_set_pos                            
00007b76  __mspabi_sllll                         
00007bba  __mspabi_divli                         
00007bba  __mspabi_remli                         
00007bfa  __mspabi_sral_15                       
00007bfe  __mspabi_sral_14                       
00007c02  __mspabi_sral_13                       
00007c06  __mspabi_sral_12                       
00007c0a  __mspabi_sral_11                       
00007c0e  __mspabi_sral_10                       
00007c12  __mspabi_sral_9                        
00007c16  __mspabi_sral_8                        
00007c1a  __mspabi_sral_7                        
00007c1e  __mspabi_sral_6                        
00007c22  __mspabi_sral_5                        
00007c26  __mspabi_sral_4                        
00007c2a  __mspabi_sral_3                        
00007c2e  __mspabi_sral_2                        
00007c32  __mspabi_sral_1                        
00007c38  __mspabi_slll_15                       
00007c3c  __mspabi_slll_14                       
00007c40  __mspabi_slll_13                       
00007c44  __mspabi_slll_12                       
00007c48  __mspabi_slll_11                       
00007c4c  __mspabi_slll_10                       
00007c50  __mspabi_slll_9                        
00007c54  __mspabi_slll_8                        
00007c58  __mspabi_slll_7                        
00007c5c  __mspabi_slll_6                        
00007c60  __mspabi_slll_5                        
00007c64  __mspabi_slll_4                        
00007c68  __mspabi_slll_3                        
00007c6c  __mspabi_slll_2                        
00007c70  __mspabi_slll_1                        
00007c76  sprintf                                
00007cae  wait_1ms                               
00007ce4  ADC_init                               
00007d16  Init_System_Clock                      
00007d46  __mspabi_subd                          
00007d74  copysign                               
00007d74  copysignl                              
00007da2  __mspabi_mpyl_hw                       
00007dd0  __mspabi_srai                          
00007ddc  __mspabi_srai_15                       
00007dde  __mspabi_srai_14                       
00007de0  __mspabi_srai_13                       
00007de2  __mspabi_srai_12                       
00007de4  __mspabi_srai_11                       
00007de6  __mspabi_srai_10                       
00007de8  __mspabi_srai_9                        
00007dea  __mspabi_srai_8                        
00007dec  __mspabi_srai_7                        
00007dee  __mspabi_srai_6                        
00007df0  __mspabi_srai_5                        
00007df2  __mspabi_srai_4                        
00007df4  __mspabi_srai_3                        
00007df6  __mspabi_srai_2                        
00007df8  __mspabi_srai_1                        
00007dfc  __mspabi_slli                          
00007e08  __mspabi_slli_15                       
00007e0a  __mspabi_slli_14                       
00007e0c  __mspabi_slli_13                       
00007e0e  __mspabi_slli_12                       
00007e10  __mspabi_slli_11                       
00007e12  __mspabi_slli_10                       
00007e14  __mspabi_slli_9                        
00007e16  __mspabi_slli_8                        
00007e18  __mspabi_slli_7                        
00007e1a  __mspabi_slli_6                        
00007e1c  __mspabi_slli_5                        
00007e1e  __mspabi_slli_4                        
00007e20  __mspabi_slli_3                        
00007e22  __mspabi_slli_2                        
00007e24  __mspabi_slli_1                        
00007e28  __mspabi_negd                          
00007e52  __mspabi_fixdi                         
00007e7a  memccpy                                
00007e9c  LCD_set_cursor                         
00007eba  LCD_recode                             
00007ed6  _c_int00_noargs                        
00007ef2  Timer_A_init                           
00007f26  strchr                                 
00007f40  __mspabi_divu                          
00007f40  __mspabi_remu                          
00007f56  __TI_zero_init_nomemset                
00007f6a  memset                                 
00007f7e  __mspabi_mpyi_hw                       
00007f92  wcslen                                 
00007fb8  __TI_decompress_none                   
00007fca  __mspabi_srll                          
00007fdc  memcpy                                 
00007fee  LCD_WriteCommand                       
00007ffe  LCD_WriteData                          
0000800e  LCD_clear                              
0000801e  __mspabi_sral                          
0000802e  __mspabi_slll                          
0000803e  __mspabi_func_epilog_7                 
00008040  __mspabi_func_epilog_6                 
00008042  __mspabi_func_epilog_5                 
00008044  __mspabi_func_epilog_4                 
00008046  __mspabi_func_epilog_3                 
00008048  __mspabi_func_epilog_2                 
0000804a  __mspabi_func_epilog_1                 
0000804e  strlen                                 
0000805c  Init_System                            
00008068  __mspabi_fltid                         
00008074  toupper                                
00008080  abs                                    
0000808a  __TI_ISR_TRAP                          
00008092  ISR_trap                               
00008098  __mspabi_fltud                         
0000809e  C$$EXIT                                
0000809e  abort                                  
000080a4  _system_pre_init                       
000080a8  _system_post_cinit                     
000080aa  _ctypes_                               
000081d2  HIH_zero_offset                        
000081d6  HIH_slope                              
000081da  HIH_ion                                
000081de  HIH_divisor                            
000081e2  INA_RS                                 
000081e6  INA_RL                                 
00008246  __TI_Handler_Table_Base                
0000824c  __TI_Handler_Table_Limit               
00008250  __TI_CINIT_Base                        
00008258  __TI_CINIT_Limit                       
0000ffe0  __TI_int00                             
0000ffe2  __TI_int01                             
0000ffe4  __TI_int02                             
0000ffe6  __TI_int03                             
0000ffe8  __TI_int04                             
0000ffea  __TI_int05                             
0000ffec  __TI_int06                             
0000ffee  __TI_int07                             
0000fff0  __TI_int08                             
0000fff2  __TI_int09                             
0000fff4  __TI_int10                             
0000fff6  __TI_int11                             
0000fff8  __TI_int12                             
0000fffa  __TI_int13                             
0000fffc  __TI_int14                             
0000fffe  _reset_vector                          
ffffffff  __TI_pprof_out_hndl                    
ffffffff  __TI_prof_data_size                    
ffffffff  __TI_prof_data_start                   
ffffffff  __c_args__                             

[390 symbols]
